Archive member included to satisfy reference by file (symbol)

c:/gcc-arm-none-eabi/gcc-arm-none-eabi-9-2019-q4-major-win32/bin/../lib/gcc/arm-none-eabi/9.2.1/thumb/v7e-m/nofp\libgcc.a(_aeabi_uldivmod.o)
                              CMakeFiles/01_BASIC.elf.dir/Drivers/STM32F4xx_HAL_Driver/Src/stm32f4xx_hal_rcc.c.obj (__aeabi_uldivmod)
c:/gcc-arm-none-eabi/gcc-arm-none-eabi-9-2019-q4-major-win32/bin/../lib/gcc/arm-none-eabi/9.2.1/thumb/v7e-m/nofp\libgcc.a(_udivmoddi4.o)
                              c:/gcc-arm-none-eabi/gcc-arm-none-eabi-9-2019-q4-major-win32/bin/../lib/gcc/arm-none-eabi/9.2.1/thumb/v7e-m/nofp\libgcc.a(_aeabi_uldivmod.o) (__udivmoddi4)
c:/gcc-arm-none-eabi/gcc-arm-none-eabi-9-2019-q4-major-win32/bin/../lib/gcc/arm-none-eabi/9.2.1/thumb/v7e-m/nofp\libgcc.a(_dvmd_tls.o)
                              c:/gcc-arm-none-eabi/gcc-arm-none-eabi-9-2019-q4-major-win32/bin/../lib/gcc/arm-none-eabi/9.2.1/thumb/v7e-m/nofp\libgcc.a(_aeabi_uldivmod.o) (__aeabi_ldiv0)
c:/gcc-arm-none-eabi/gcc-arm-none-eabi-9-2019-q4-major-win32/bin/../lib/gcc/arm-none-eabi/9.2.1/../../../../arm-none-eabi/lib/thumb/v7e-m/nofp\libg.a(lib_a-errno.o)
                              CMakeFiles/01_BASIC.elf.dir/Core/Src/syscalls.c.obj (__errno)
c:/gcc-arm-none-eabi/gcc-arm-none-eabi-9-2019-q4-major-win32/bin/../lib/gcc/arm-none-eabi/9.2.1/../../../../arm-none-eabi/lib/thumb/v7e-m/nofp\libg.a(lib_a-exit.o)
                              c:/gcc-arm-none-eabi/gcc-arm-none-eabi-9-2019-q4-major-win32/bin/../lib/gcc/arm-none-eabi/9.2.1/../../../../arm-none-eabi/lib/thumb/v7e-m/nofp/crt0.o (exit)
c:/gcc-arm-none-eabi/gcc-arm-none-eabi-9-2019-q4-major-win32/bin/../lib/gcc/arm-none-eabi/9.2.1/../../../../arm-none-eabi/lib/thumb/v7e-m/nofp\libg.a(lib_a-impure.o)
                              c:/gcc-arm-none-eabi/gcc-arm-none-eabi-9-2019-q4-major-win32/bin/../lib/gcc/arm-none-eabi/9.2.1/../../../../arm-none-eabi/lib/thumb/v7e-m/nofp\libg.a(lib_a-exit.o) (_global_impure_ptr)
c:/gcc-arm-none-eabi/gcc-arm-none-eabi-9-2019-q4-major-win32/bin/../lib/gcc/arm-none-eabi/9.2.1/../../../../arm-none-eabi/lib/thumb/v7e-m/nofp\libg.a(lib_a-init.o)
                              c:/gcc-arm-none-eabi/gcc-arm-none-eabi-9-2019-q4-major-win32/bin/../lib/gcc/arm-none-eabi/9.2.1/../../../../arm-none-eabi/lib/thumb/v7e-m/nofp/crt0.o (__libc_init_array)
c:/gcc-arm-none-eabi/gcc-arm-none-eabi-9-2019-q4-major-win32/bin/../lib/gcc/arm-none-eabi/9.2.1/../../../../arm-none-eabi/lib/thumb/v7e-m/nofp\libg.a(lib_a-memset.o)
                              c:/gcc-arm-none-eabi/gcc-arm-none-eabi-9-2019-q4-major-win32/bin/../lib/gcc/arm-none-eabi/9.2.1/../../../../arm-none-eabi/lib/thumb/v7e-m/nofp/crt0.o (memset)
c:/gcc-arm-none-eabi/gcc-arm-none-eabi-9-2019-q4-major-win32/bin/../lib/gcc/arm-none-eabi/9.2.1/../../../../arm-none-eabi/lib/thumb/v7e-m/nofp\libg.a(lib_a-__call_atexit.o)
                              c:/gcc-arm-none-eabi/gcc-arm-none-eabi-9-2019-q4-major-win32/bin/../lib/gcc/arm-none-eabi/9.2.1/../../../../arm-none-eabi/lib/thumb/v7e-m/nofp\libg.a(lib_a-exit.o) (__call_exitprocs)
c:/gcc-arm-none-eabi/gcc-arm-none-eabi-9-2019-q4-major-win32/bin/../lib/gcc/arm-none-eabi/9.2.1/../../../../arm-none-eabi/lib/thumb/v7e-m/nofp\libg.a(lib_a-atexit.o)
                              c:/gcc-arm-none-eabi/gcc-arm-none-eabi-9-2019-q4-major-win32/bin/../lib/gcc/arm-none-eabi/9.2.1/../../../../arm-none-eabi/lib/thumb/v7e-m/nofp\libg.a(lib_a-__call_atexit.o) (atexit)
c:/gcc-arm-none-eabi/gcc-arm-none-eabi-9-2019-q4-major-win32/bin/../lib/gcc/arm-none-eabi/9.2.1/../../../../arm-none-eabi/lib/thumb/v7e-m/nofp\libg.a(lib_a-fini.o)
                              c:/gcc-arm-none-eabi/gcc-arm-none-eabi-9-2019-q4-major-win32/bin/../lib/gcc/arm-none-eabi/9.2.1/../../../../arm-none-eabi/lib/thumb/v7e-m/nofp\libg.a(lib_a-__call_atexit.o) (__libc_fini_array)
c:/gcc-arm-none-eabi/gcc-arm-none-eabi-9-2019-q4-major-win32/bin/../lib/gcc/arm-none-eabi/9.2.1/../../../../arm-none-eabi/lib/thumb/v7e-m/nofp\libg.a(lib_a-lock.o)
                              c:/gcc-arm-none-eabi/gcc-arm-none-eabi-9-2019-q4-major-win32/bin/../lib/gcc/arm-none-eabi/9.2.1/../../../../arm-none-eabi/lib/thumb/v7e-m/nofp\libg.a(lib_a-__call_atexit.o) (__retarget_lock_acquire_recursive)
c:/gcc-arm-none-eabi/gcc-arm-none-eabi-9-2019-q4-major-win32/bin/../lib/gcc/arm-none-eabi/9.2.1/../../../../arm-none-eabi/lib/thumb/v7e-m/nofp\libg.a(lib_a-__atexit.o)
                              c:/gcc-arm-none-eabi/gcc-arm-none-eabi-9-2019-q4-major-win32/bin/../lib/gcc/arm-none-eabi/9.2.1/../../../../arm-none-eabi/lib/thumb/v7e-m/nofp\libg.a(lib_a-atexit.o) (__register_exitproc)

Allocating common symbols
Common symbol       size              file

__lock___atexit_recursive_mutex
                    0x1               c:/gcc-arm-none-eabi/gcc-arm-none-eabi-9-2019-q4-major-win32/bin/../lib/gcc/arm-none-eabi/9.2.1/../../../../arm-none-eabi/lib/thumb/v7e-m/nofp\libg.a(lib_a-lock.o)
__lock___arc4random_mutex
[...]
Memory Configuration

Name             Origin             Length             Attributes
RAM              0x20000000         0x00020000         xrw
FLASH            0x08000000         0x00080000         xr
*default*        0x00000000         0xffffffff

Linker script and memory map

LOAD c:/gcc-arm-none-eabi/gcc-arm-none-eabi-9-2019-q4-major-win32/bin/../lib/gcc/arm-none-eabi/9.2.1/thumb/v7e-m/nofp/crti.o
LOAD c:/gcc-arm-none-eabi/gcc-arm-none-eabi-9-2019-q4-major-win32/bin/../lib/gcc/arm-none-eabi/9.2.1/thumb/v7e-m/nofp/crtbegin.o
LOAD c:/gcc-arm-none-eabi/gcc-arm-none-eabi-9-2019-q4-major-win32/bin/../lib/gcc/arm-none-eabi/9.2.1/../../../../arm-none-eabi/lib/thumb/v7e-m/nofp/crt0.o
LOAD CMakeFiles/01_BASIC.elf.dir/Core/Src/main.c.obj
LOAD CMakeFiles/01_BASIC.elf.dir/Core/Src/stm32f4xx_hal_msp.c.obj
LOAD CMakeFiles/01_BASIC.elf.dir/Core/Src/stm32f4xx_it.c.obj
LOAD CMakeFiles/01_BASIC.elf.dir/Core/Src/syscalls.c.obj
LOAD CMakeFiles/01_BASIC.elf.dir/Core/Src/sysmem.c.obj
LOAD CMakeFiles/01_BASIC.elf.dir/Core/Src/system_stm32f4xx.c.obj
LOAD CMakeFiles/01_BASIC.elf.dir/Core/Startup/startup_stm32f446retx.s.obj
LOAD CMakeFiles/01_BASIC.elf.dir/Drivers/STM32F4xx_HAL_Driver/Src/stm32f4xx_hal.c.obj
LOAD CMakeFiles/01_BASIC.elf.dir/Drivers/STM32F4xx_HAL_Driver/Src/stm32f4xx_hal_cortex.c.obj
LOAD CMakeFiles/01_BASIC.elf.dir/Drivers/STM32F4xx_HAL_Driver/Src/stm32f4xx_hal_dma.c.obj
LOAD CMakeFiles/01_BASIC.elf.dir/Drivers/STM32F4xx_HAL_Driver/Src/stm32f4xx_hal_dma_ex.c.obj
LOAD CMakeFiles/01_BASIC.elf.dir/Drivers/STM32F4xx_HAL_Driver/Src/stm32f4xx_hal_exti.c.obj
LOAD CMakeFiles/01_BASIC.elf.dir/Drivers/STM32F4xx_HAL_Driver/Src/stm32f4xx_hal_flash.c.obj
LOAD CMakeFiles/01_BASIC.elf.dir/Drivers/STM32F4xx_HAL_Driver/Src/stm32f4xx_hal_flash_ex.c.obj
LOAD CMakeFiles/01_BASIC.elf.dir/Drivers/STM32F4xx_HAL_Driver/Src/stm32f4xx_hal_flash_ramfunc.c.obj
LOAD CMakeFiles/01_BASIC.elf.dir/Drivers/STM32F4xx_HAL_Driver/Src/stm32f4xx_hal_gpio.c.obj
LOAD CMakeFiles/01_BASIC.elf.dir/Drivers/STM32F4xx_HAL_Driver/Src/stm32f4xx_hal_pwr.c.obj
LOAD CMakeFiles/01_BASIC.elf.dir/Drivers/STM32F4xx_HAL_Driver/Src/stm32f4xx_hal_pwr_ex.c.obj
LOAD CMakeFiles/01_BASIC.elf.dir/Drivers/STM32F4xx_HAL_Driver/Src/stm32f4xx_hal_rcc.c.obj
LOAD CMakeFiles/01_BASIC.elf.dir/Drivers/STM32F4xx_HAL_Driver/Src/stm32f4xx_hal_rcc_ex.c.obj
LOAD CMakeFiles/01_BASIC.elf.dir/Drivers/STM32F4xx_HAL_Driver/Src/stm32f4xx_hal_tim.c.obj
LOAD CMakeFiles/01_BASIC.elf.dir/Drivers/STM32F4xx_HAL_Driver/Src/stm32f4xx_hal_tim_ex.c.obj
START GROUP
LOAD c:/gcc-arm-none-eabi/gcc-arm-none-eabi-9-2019-q4-major-win32/bin/../lib/gcc/arm-none-eabi/9.2.1/thumb/v7e-m/nofp\libgcc.a
LOAD c:/gcc-arm-none-eabi/gcc-arm-none-eabi-9-2019-q4-major-win32/bin/../lib/gcc/arm-none-eabi/9.2.1/../../../../arm-none-eabi/lib/thumb/v7e-m/nofp\libg.a
LOAD c:/gcc-arm-none-eabi/gcc-arm-none-eabi-9-2019-q4-major-win32/bin/../lib/gcc/arm-none-eabi/9.2.1/../../../../arm-none-eabi/lib/thumb/v7e-m/nofp\libc.a
END GROUP
LOAD c:/gcc-arm-none-eabi/gcc-arm-none-eabi-9-2019-q4-major-win32/bin/../lib/gcc/arm-none-eabi/9.2.1/thumb/v7e-m/nofp/crtend.o
LOAD c:/gcc-arm-none-eabi/gcc-arm-none-eabi-9-2019-q4-major-win32/bin/../lib/gcc/arm-none-eabi/9.2.1/thumb/v7e-m/nofp/crtn.o
                0x20020000                _estack = (ORIGIN (RAM) + LENGTH (RAM))
                0x00000200                _Min_Heap_Size = 0x200
                0x00000400                _Min_Stack_Size = 0x400

.isr_vector     0x08000000      0x1c4
                0x08000000                . = ALIGN (0x4)
 *(.isr_vector)
 .isr_vector    0x08000000      0x1c4 CMakeFiles/01_BASIC.elf.dir/Core/Startup/startup_stm32f446retx.s.obj
                0x08000000                g_pfnVectors
                0x080001c4                . = ALIGN (0x4)

.text           0x080001c4     0x1780
                0x080001c4                . = ALIGN (0x4)
 *(.text)
 .text          0x080001c4       0x40 c:/gcc-arm-none-eabi/gcc-arm-none-eabi-9-2019-q4-major-win32/bin/../lib/gcc/arm-none-eabi/9.2.1/thumb/v7e-m/nofp/crtbegin.o
 .text          0x08000204       0x30 c:/gcc-arm-none-eabi/gcc-arm-none-eabi-9-2019-q4-major-win32/bin/../lib/gcc/arm-none-eabi/9.2.1/thumb/v7e-m/nofp\libgcc.a(_aeabi_uldivmod.o)
                0x08000204                __aeabi_uldivmod
 .text          0x08000234      0x2c0 c:/gcc-arm-none-eabi/gcc-arm-none-eabi-9-2019-q4-major-win32/bin/../lib/gcc/arm-none-eabi/9.2.1/thumb/v7e-m/nofp\libgcc.a(_udivmoddi4.o)
                0x08000234                __udivmoddi4
 .text          0x080004f4        0x4 c:/gcc-arm-none-eabi/gcc-arm-none-eabi-9-2019-q4-major-win32/bin/../lib/gcc/arm-none-eabi/9.2.1/thumb/v7e-m/nofp\libgcc.a(_dvmd_tls.o)
                0x080004f4                __aeabi_idiv0
                0x080004f4                __aeabi_ldiv0
 *(.text*)
 .text.MX_GPIO_Init
                0x080004f8       0xf0 CMakeFiles/01_BASIC.elf.dir/Core/Src/main.c.obj
 .text.out_595  0x080005e8       0x48 CMakeFiles/01_BASIC.elf.dir/Core/Src/main.c.obj
                0x080005e8                out_595
 .text.HAL_TIM_PeriodElapsedCallback
                0x08000630       0x58 CMakeFiles/01_BASIC.elf.dir/Core/Src/main.c.obj
                0x08000630                HAL_TIM_PeriodElapsedCallback
 .text.Error_Handler
                0x08000688        0x4 CMakeFiles/01_BASIC.elf.dir/Core/Src/main.c.obj
                0x08000688                Error_Handler
 .text.MX_TIM7_Init
                0x0800068c       0x4c CMakeFiles/01_BASIC.elf.dir/Core/Src/main.c.obj
 .text.SystemClock_Config
                0x080006d8       0x8c CMakeFiles/01_BASIC.elf.dir/Core/Src/main.c.obj
                0x080006d8                SystemClock_Config
 .text.main     0x08000764      0x114 CMakeFiles/01_BASIC.elf.dir/Core/Src/main.c.obj
                0x08000764                main
 .text.HAL_MspInit
                0x08000878       0x38 CMakeFiles/01_BASIC.elf.dir/Core/Src/stm32f4xx_hal_msp.c.obj
                0x08000878                HAL_MspInit
 .text.HAL_TIM_Base_MspInit
                0x080008b0       0x40 CMakeFiles/01_BASIC.elf.dir/Core/Src/stm32f4xx_hal_msp.c.obj
                0x080008b0                HAL_TIM_Base_MspInit
 .text.NMI_Handler
                0x080008f0        0x2 CMakeFiles/01_BASIC.elf.dir/Core/Src/stm32f4xx_it.c.obj
                0x080008f0                NMI_Handler
 .text.HardFault_Handler
                0x080008f2        0x2 CMakeFiles/01_BASIC.elf.dir/Core/Src/stm32f4xx_it.c.obj
                0x080008f2                HardFault_Handler
 .text.MemManage_Handler
                0x080008f4        0x2 CMakeFiles/01_BASIC.elf.dir/Core/Src/stm32f4xx_it.c.obj
                0x080008f4                MemManage_Handler
 .text.BusFault_Handler
                0x080008f6        0x2 CMakeFiles/01_BASIC.elf.dir/Core/Src/stm32f4xx_it.c.obj
                0x080008f6                BusFault_Handler
 .text.UsageFault_Handler
                0x080008f8        0x2 CMakeFiles/01_BASIC.elf.dir/Core/Src/stm32f4xx_it.c.obj
                0x080008f8                UsageFault_Handler
 .text.SVC_Handler
                0x080008fa        0x2 CMakeFiles/01_BASIC.elf.dir/Core/Src/stm32f4xx_it.c.obj
                0x080008fa                SVC_Handler
 .text.DebugMon_Handler
                0x080008fc        0x2 CMakeFiles/01_BASIC.elf.dir/Core/Src/stm32f4xx_it.c.obj
                0x080008fc                DebugMon_Handler
 .text.PendSV_Handler
                0x080008fe        0x2 CMakeFiles/01_BASIC.elf.dir/Core/Src/stm32f4xx_it.c.obj
                0x080008fe                PendSV_Handler
 .text.SysTick_Handler
                0x08000900        0x8 CMakeFiles/01_BASIC.elf.dir/Core/Src/stm32f4xx_it.c.obj
                0x08000900                SysTick_Handler
 .text.TIM7_IRQHandler
                0x08000908       0x10 CMakeFiles/01_BASIC.elf.dir/Core/Src/stm32f4xx_it.c.obj
                0x08000908                TIM7_IRQHandler
 .text.SystemInit
                0x08000918        0x2 CMakeFiles/01_BASIC.elf.dir/Core/Src/system_stm32f4xx.c.obj
                0x08000918                SystemInit
 *fill*         0x0800091a        0x2 
 .text.Reset_Handler
                0x0800091c       0x50 CMakeFiles/01_BASIC.elf.dir/Core/Startup/startup_stm32f446retx.s.obj
                0x0800091c                Reset_Handler
 .text.Default_Handler
                0x0800096c        0x2 CMakeFiles/01_BASIC.elf.dir/Core/Startup/startup_stm32f446retx.s.obj
                0x0800096c                RTC_Alarm_IRQHandler
                0x0800096c                EXTI2_IRQHandler
                0x0800096c                TIM8_CC_IRQHandler
                0x0800096c                FMPI2C1_EV_IRQHandler
                0x0800096c                SPI4_IRQHandler
                0x0800096c                TIM1_CC_IRQHandler
                0x0800096c                DMA2_Stream5_IRQHandler
                0x0800096c                DMA1_Stream5_IRQHandler
                0x0800096c                PVD_IRQHandler
                0x0800096c                SDIO_IRQHandler
                0x0800096c                TAMP_STAMP_IRQHandler
                0x0800096c                CAN2_RX1_IRQHandler
                0x0800096c                EXTI3_IRQHandler
                0x0800096c                TIM8_TRG_COM_TIM14_IRQHandler
                0x0800096c                TIM1_UP_TIM10_IRQHandler
                0x0800096c                TIM8_UP_TIM13_IRQHandler
                0x0800096c                I2C3_ER_IRQHandler
                0x0800096c                EXTI0_IRQHandler
                0x0800096c                I2C2_EV_IRQHandler
                0x0800096c                DMA1_Stream2_IRQHandler
                0x0800096c                CAN1_RX0_IRQHandler
                0x0800096c                FPU_IRQHandler
                0x0800096c                OTG_HS_WKUP_IRQHandler
                0x0800096c                CAN2_SCE_IRQHandler
                0x0800096c                DMA2_Stream2_IRQHandler
                0x0800096c                SPI1_IRQHandler
                0x0800096c                TIM6_DAC_IRQHandler
                0x0800096c                TIM1_BRK_TIM9_IRQHandler
                0x0800096c                DCMI_IRQHandler
                0x0800096c                CAN2_RX0_IRQHandler
                0x0800096c                DMA2_Stream3_IRQHandler
                0x0800096c                SAI2_IRQHandler
                0x0800096c                USART6_IRQHandler
                0x0800096c                USART3_IRQHandler
                0x0800096c                CAN1_RX1_IRQHandler
                0x0800096c                UART5_IRQHandler
                0x0800096c                DMA2_Stream0_IRQHandler
                0x0800096c                TIM4_IRQHandler
                0x0800096c                QUADSPI_IRQHandler
                0x0800096c                I2C1_EV_IRQHandler
                0x0800096c                DMA1_Stream6_IRQHandler
                0x0800096c                DMA1_Stream1_IRQHandler
                0x0800096c                UART4_IRQHandler
                0x0800096c                TIM3_IRQHandler
                0x0800096c                RCC_IRQHandler
                0x0800096c                TIM8_BRK_TIM12_IRQHandler
                0x0800096c                Default_Handler
                0x0800096c                CEC_IRQHandler
                0x0800096c                EXTI15_10_IRQHandler
                0x0800096c                ADC_IRQHandler
                0x0800096c                DMA1_Stream7_IRQHandler
                0x0800096c                CAN2_TX_IRQHandler
                0x0800096c                TIM5_IRQHandler
                0x0800096c                DMA2_Stream7_IRQHandler
                0x0800096c                I2C3_EV_IRQHandler
                0x0800096c                EXTI9_5_IRQHandler
                0x0800096c                RTC_WKUP_IRQHandler
                0x0800096c                SPDIF_RX_IRQHandler
                0x0800096c                SPI2_IRQHandler
                0x0800096c                OTG_HS_EP1_IN_IRQHandler
                0x0800096c                DMA1_Stream0_IRQHandler
                0x0800096c                CAN1_TX_IRQHandler
                0x0800096c                FMPI2C1_ER_IRQHandler
                0x0800096c                EXTI4_IRQHandler
                0x0800096c                OTG_HS_EP1_OUT_IRQHandler
                0x0800096c                WWDG_IRQHandler
                0x0800096c                TIM2_IRQHandler
                0x0800096c                OTG_FS_WKUP_IRQHandler
                0x0800096c                TIM1_TRG_COM_TIM11_IRQHandler
                0x0800096c                OTG_HS_IRQHandler
                0x0800096c                EXTI1_IRQHandler
                0x0800096c                USART2_IRQHandler
                0x0800096c                I2C2_ER_IRQHandler
                0x0800096c                DMA2_Stream1_IRQHandler
                0x0800096c                CAN1_SCE_IRQHandler
                0x0800096c                FLASH_IRQHandler
                0x0800096c                DMA2_Stream4_IRQHandler
                0x0800096c                USART1_IRQHandler
                0x0800096c                OTG_FS_IRQHandler
                0x0800096c                SPI3_IRQHandler
                0x0800096c                DMA1_Stream4_IRQHandler
                0x0800096c                I2C1_ER_IRQHandler
                0x0800096c                FMC_IRQHandler
                0x0800096c                DMA2_Stream6_IRQHandler
                0x0800096c                SAI1_IRQHandler
                0x0800096c                DMA1_Stream3_IRQHandler
 *fill*         0x0800096e        0x2 
 .text.HAL_InitTick
                0x08000970       0x4c CMakeFiles/01_BASIC.elf.dir/Drivers/STM32F4xx_HAL_Driver/Src/stm32f4xx_hal.c.obj
                0x08000970                HAL_InitTick
 .text.HAL_Init
                0x080009bc       0x34 CMakeFiles/01_BASIC.elf.dir/Drivers/STM32F4xx_HAL_Driver/Src/stm32f4xx_hal.c.obj
                0x080009bc                HAL_Init
 .text.HAL_IncTick
                0x080009f0       0x18 CMakeFiles/01_BASIC.elf.dir/Drivers/STM32F4xx_HAL_Driver/Src/stm32f4xx_hal.c.obj
                0x080009f0                HAL_IncTick
 .text.HAL_GetTick
                0x08000a08        0xc CMakeFiles/01_BASIC.elf.dir/Drivers/STM32F4xx_HAL_Driver/Src/stm32f4xx_hal.c.obj
                0x08000a08                HAL_GetTick
 .text.HAL_Delay
                0x08000a14       0x28 CMakeFiles/01_BASIC.elf.dir/Drivers/STM32F4xx_HAL_Driver/Src/stm32f4xx_hal.c.obj
                0x08000a14                HAL_Delay
 .text.HAL_NVIC_SetPriorityGrouping
                0x08000a3c       0x24 CMakeFiles/01_BASIC.elf.dir/Drivers/STM32F4xx_HAL_Driver/Src/stm32f4xx_hal_cortex.c.obj
                0x08000a3c                HAL_NVIC_SetPriorityGrouping
 .text.HAL_NVIC_SetPriority
                0x08000a60       0x68 CMakeFiles/01_BASIC.elf.dir/Drivers/STM32F4xx_HAL_Driver/Src/stm32f4xx_hal_cortex.c.obj
                0x08000a60                HAL_NVIC_SetPriority
 .text.HAL_NVIC_EnableIRQ
                0x08000ac8       0x1c CMakeFiles/01_BASIC.elf.dir/Drivers/STM32F4xx_HAL_Driver/Src/stm32f4xx_hal_cortex.c.obj
                0x08000ac8                HAL_NVIC_EnableIRQ
 .text.HAL_SYSTICK_Config
                0x08000ae4       0x2c CMakeFiles/01_BASIC.elf.dir/Drivers/STM32F4xx_HAL_Driver/Src/stm32f4xx_hal_cortex.c.obj
                0x08000ae4                HAL_SYSTICK_Config
 .text.HAL_GPIO_Init
                0x08000b10      0x1c8 CMakeFiles/01_BASIC.elf.dir/Drivers/STM32F4xx_HAL_Driver/Src/stm32f4xx_hal_gpio.c.obj
                0x08000b10                HAL_GPIO_Init
 .text.HAL_GPIO_ReadPin
                0x08000cd8        0xe CMakeFiles/01_BASIC.elf.dir/Drivers/STM32F4xx_HAL_Driver/Src/stm32f4xx_hal_gpio.c.obj
                0x08000cd8                HAL_GPIO_ReadPin
 .text.HAL_GPIO_WritePin
                0x08000ce6        0xc CMakeFiles/01_BASIC.elf.dir/Drivers/STM32F4xx_HAL_Driver/Src/stm32f4xx_hal_gpio.c.obj
                0x08000ce6                HAL_GPIO_WritePin
 *fill*         0x08000cf2        0x2 
 .text.HAL_RCC_ClockConfig
                0x08000cf4      0x160 CMakeFiles/01_BASIC.elf.dir/Drivers/STM32F4xx_HAL_Driver/Src/stm32f4xx_hal_rcc.c.obj
                0x08000cf4                HAL_RCC_ClockConfig
 .text.HAL_RCC_GetSysClockFreq
                0x08000e54      0x118 CMakeFiles/01_BASIC.elf.dir/Drivers/STM32F4xx_HAL_Driver/Src/stm32f4xx_hal_rcc_ex.c.obj
                0x08000e54                HAL_RCC_GetSysClockFreq
 .text.HAL_RCC_OscConfig
                0x08000f6c      0x440 CMakeFiles/01_BASIC.elf.dir/Drivers/STM32F4xx_HAL_Driver/Src/stm32f4xx_hal_rcc_ex.c.obj
                0x08000f6c                HAL_RCC_OscConfig
 .text.HAL_TIM_Base_Start_IT
                0x080013ac       0x88 CMakeFiles/01_BASIC.elf.dir/Drivers/STM32F4xx_HAL_Driver/Src/stm32f4xx_hal_tim.c.obj
                0x080013ac                HAL_TIM_Base_Start_IT
 .text.HAL_TIM_OC_DelayElapsedCallback
                0x08001434        0x2 CMakeFiles/01_BASIC.elf.dir/Drivers/STM32F4xx_HAL_Driver/Src/stm32f4xx_hal_tim.c.obj
                0x08001434                HAL_TIM_OC_DelayElapsedCallback
 .text.HAL_TIM_IC_CaptureCallback
                0x08001436        0x2 CMakeFiles/01_BASIC.elf.dir/Drivers/STM32F4xx_HAL_Driver/Src/stm32f4xx_hal_tim.c.obj
                0x08001436                HAL_TIM_IC_CaptureCallback
 .text.HAL_TIM_PWM_PulseFinishedCallback
                0x08001438        0x2 CMakeFiles/01_BASIC.elf.dir/Drivers/STM32F4xx_HAL_Driver/Src/stm32f4xx_hal_tim.c.obj
                0x08001438                HAL_TIM_PWM_PulseFinishedCallback
 .text.HAL_TIM_TriggerCallback
                0x0800143a        0x2 CMakeFiles/01_BASIC.elf.dir/Drivers/STM32F4xx_HAL_Driver/Src/stm32f4xx_hal_tim.c.obj
                0x0800143a                HAL_TIM_TriggerCallback
 .text.HAL_TIM_IRQHandler
                0x0800143c      0x17a CMakeFiles/01_BASIC.elf.dir/Drivers/STM32F4xx_HAL_Driver/Src/stm32f4xx_hal_tim.c.obj
                0x0800143c                HAL_TIM_IRQHandler
 *fill*         0x080015b6        0x2 
 .text.TIM_Base_SetConfig
                0x080015b8       0xc8 CMakeFiles/01_BASIC.elf.dir/Drivers/STM32F4xx_HAL_Driver/Src/stm32f4xx_hal_tim.c.obj
                0x080015b8                TIM_Base_SetConfig
 .text.HAL_TIM_Base_Init
                0x08001680       0x58 CMakeFiles/01_BASIC.elf.dir/Drivers/STM32F4xx_HAL_Driver/Src/stm32f4xx_hal_tim.c.obj
                0x08001680                HAL_TIM_Base_Init
 .text.HAL_TIMEx_MasterConfigSynchronization
                0x080016d8       0x88 CMakeFiles/01_BASIC.elf.dir/Drivers/STM32F4xx_HAL_Driver/Src/stm32f4xx_hal_tim_ex.c.obj
                0x080016d8                HAL_TIMEx_MasterConfigSynchronization
 .text.HAL_TIMEx_CommutCallback
                0x08001760        0x2 CMakeFiles/01_BASIC.elf.dir/Drivers/STM32F4xx_HAL_Driver/Src/stm32f4xx_hal_tim_ex.c.obj
                0x08001760                HAL_TIMEx_CommutCallback
 .text.HAL_TIMEx_BreakCallback
                0x08001762        0x2 CMakeFiles/01_BASIC.elf.dir/Drivers/STM32F4xx_HAL_Driver/Src/stm32f4xx_hal_tim_ex.c.obj
                0x08001762                HAL_TIMEx_BreakCallback
 .text.__libc_init_array
                0x08001764       0x48 c:/gcc-arm-none-eabi/gcc-arm-none-eabi-9-2019-q4-major-win32/bin/../lib/gcc/arm-none-eabi/9.2.1/../../../../arm-none-eabi/lib/thumb/v7e-m/nofp\libg.a(lib_a-init.o)
                0x08001764                __libc_init_array
 .text.memset   0x080017ac       0xa0 c:/gcc-arm-none-eabi/gcc-arm-none-eabi-9-2019-q4-major-win32/bin/../lib/gcc/arm-none-eabi/9.2.1/../../../../arm-none-eabi/lib/thumb/v7e-m/nofp\libg.a(lib_a-memset.o)
                0x080017ac                memset
 .text.startup.register_fini
                0x0800184c       0x14 c:/gcc-arm-none-eabi/gcc-arm-none-eabi-9-2019-q4-major-win32/bin/../lib/gcc/arm-none-eabi/9.2.1/../../../../arm-none-eabi/lib/thumb/v7e-m/nofp\libg.a(lib_a-__call_atexit.o)
 .text.atexit   0x08001860        0xc c:/gcc-arm-none-eabi/gcc-arm-none-eabi-9-2019-q4-major-win32/bin/../lib/gcc/arm-none-eabi/9.2.1/../../../../arm-none-eabi/lib/thumb/v7e-m/nofp\libg.a(lib_a-atexit.o)
                0x08001860                atexit
 .text.__libc_fini_array
                0x0800186c       0x2c c:/gcc-arm-none-eabi/gcc-arm-none-eabi-9-2019-q4-major-win32/bin/../lib/gcc/arm-none-eabi/9.2.1/../../../../arm-none-eabi/lib/thumb/v7e-m/nofp\libg.a(lib_a-fini.o)
                0x0800186c                __libc_fini_array
 .text.__retarget_lock_acquire_recursive
                0x08001898        0x4 c:/gcc-arm-none-eabi/gcc-arm-none-eabi-9-2019-q4-major-win32/bin/../lib/gcc/arm-none-eabi/9.2.1/../../../../arm-none-eabi/lib/thumb/v7e-m/nofp\libg.a(lib_a-lock.o)
                0x08001898                __retarget_lock_acquire_recursive
 .text.__retarget_lock_release_recursive
                0x0800189c        0x4 c:/gcc-arm-none-eabi/gcc-arm-none-eabi-9-2019-q4-major-win32/bin/../lib/gcc/arm-none-eabi/9.2.1/../../../../arm-none-eabi/lib/thumb/v7e-m/nofp\libg.a(lib_a-lock.o)
                0x0800189c                __retarget_lock_release_recursive
 .text.__register_exitproc
                0x080018a0       0x8c c:/gcc-arm-none-eabi/gcc-arm-none-eabi-9-2019-q4-major-win32/bin/../lib/gcc/arm-none-eabi/9.2.1/../../../../arm-none-eabi/lib/thumb/v7e-m/nofp\libg.a(lib_a-__atexit.o)
                0x080018a0                __register_exitproc
 *(.glue_7)
 .glue_7        0x0800192c        0x0 linker stubs
 *(.glue_7t)
 .glue_7t       0x0800192c        0x0 linker stubs
 *(.eh_frame)
 .eh_frame      0x0800192c        0x0 c:/gcc-arm-none-eabi/gcc-arm-none-eabi-9-2019-q4-major-win32/bin/../lib/gcc/arm-none-eabi/9.2.1/thumb/v7e-m/nofp/crtbegin.o
 *(.init)
 .init          0x0800192c        0x4 c:/gcc-arm-none-eabi/gcc-arm-none-eabi-9-2019-q4-major-win32/bin/../lib/gcc/arm-none-eabi/9.2.1/thumb/v7e-m/nofp/crti.o
                0x0800192c                _init
 .init          0x08001930        0x8 c:/gcc-arm-none-eabi/gcc-arm-none-eabi-9-2019-q4-major-win32/bin/../lib/gcc/arm-none-eabi/9.2.1/thumb/v7e-m/nofp/crtn.o
 *(.fini)
 .fini          0x08001938        0x4 c:/gcc-arm-none-eabi/gcc-arm-none-eabi-9-2019-q4-major-win32/bin/../lib/gcc/arm-none-eabi/9.2.1/thumb/v7e-m/nofp/crti.o
                0x08001938                _fini
 .fini          0x0800193c        0x8 c:/gcc-arm-none-eabi/gcc-arm-none-eabi-9-2019-q4-major-win32/bin/../lib/gcc/arm-none-eabi/9.2.1/thumb/v7e-m/nofp/crtn.o
                0x08001944                . = ALIGN (0x4)
                0x08001944                _etext = .

.vfp11_veneer   0x08001944        0x0
 .vfp11_veneer  0x08001944        0x0 linker stubs

.v4_bx          0x08001944        0x0
 .v4_bx         0x08001944        0x0 linker stubs

.iplt           0x08001944        0x0
 .iplt          0x08001944        0x0 c:/gcc-arm-none-eabi/gcc-arm-none-eabi-9-2019-q4-major-win32/bin/../lib/gcc/arm-none-eabi/9.2.1/thumb/v7e-m/nofp/crtbegin.o

.rodata         0x08001944       0x28
                0x08001944                . = ALIGN (0x4)
 *(.rodata)
 *(.rodata*)
 .rodata.LED_CODE
                0x08001944       0x11 CMakeFiles/01_BASIC.elf.dir/Core/Src/main.c.obj
                0x08001944                LED_CODE
 *fill*         0x08001955        0x3 
 .rodata.AHBPrescTable
                0x08001958       0x10 CMakeFiles/01_BASIC.elf.dir/Core/Src/system_stm32f4xx.c.obj
                0x08001958                AHBPrescTable
 .rodata._global_impure_ptr
                0x08001968        0x4 c:/gcc-arm-none-eabi/gcc-arm-none-eabi-9-2019-q4-major-win32/bin/../lib/gcc/arm-none-eabi/9.2.1/../../../../arm-none-eabi/lib/thumb/v7e-m/nofp\libg.a(lib_a-impure.o)
                0x08001968                _global_impure_ptr
                0x0800196c                . = ALIGN (0x4)

.ARM.extab      0x0800196c        0x0
                0x0800196c                . = ALIGN (0x4)
 *(.ARM.extab* .gnu.linkonce.armextab.*)
                0x0800196c                . = ALIGN (0x4)

.ARM            0x0800196c        0x8
                0x0800196c                . = ALIGN (0x4)
                0x0800196c                __exidx_start = .
 *(.ARM.exidx*)
 .ARM.exidx     0x0800196c        0x8 c:/gcc-arm-none-eabi/gcc-arm-none-eabi-9-2019-q4-major-win32/bin/../lib/gcc/arm-none-eabi/9.2.1/thumb/v7e-m/nofp\libgcc.a(_udivmoddi4.o)
                0x08001974                __exidx_end = .
                0x08001974                . = ALIGN (0x4)

.rel.dyn        0x08001974        0x0
 .rel.iplt      0x08001974        0x0 c:/gcc-arm-none-eabi/gcc-arm-none-eabi-9-2019-q4-major-win32/bin/../lib/gcc/arm-none-eabi/9.2.1/thumb/v7e-m/nofp/crtbegin.o

.preinit_array  0x08001974        0x0
                0x08001974                . = ALIGN (0x4)
                0x08001974                PROVIDE (__preinit_array_start = .)
 *(.preinit_array*)
                0x08001974                PROVIDE (__preinit_array_end = .)
                0x08001974                . = ALIGN (0x4)

.init_array     0x08001974        0x8
                0x08001974                . = ALIGN (0x4)
                0x08001974                PROVIDE (__init_array_start = .)
 *(SORT_BY_NAME(.init_array.*))
 .init_array.00000
                0x08001974        0x4 c:/gcc-arm-none-eabi/gcc-arm-none-eabi-9-2019-q4-major-win32/bin/../lib/gcc/arm-none-eabi/9.2.1/../../../../arm-none-eabi/lib/thumb/v7e-m/nofp\libg.a(lib_a-__call_atexit.o)
 *(.init_array*)
 .init_array    0x08001978        0x4 c:/gcc-arm-none-eabi/gcc-arm-none-eabi-9-2019-q4-major-win32/bin/../lib/gcc/arm-none-eabi/9.2.1/thumb/v7e-m/nofp/crtbegin.o
                0x0800197c                PROVIDE (__init_array_end = .)
                0x0800197c                . = ALIGN (0x4)

.fini_array     0x0800197c        0x4
                0x0800197c                . = ALIGN (0x4)
                0x0800197c                PROVIDE (__fini_array_start = .)
 *(SORT_BY_NAME(.fini_array.*))
 *(.fini_array*)
 .fini_array    0x0800197c        0x4 c:/gcc-arm-none-eabi/gcc-arm-none-eabi-9-2019-q4-major-win32/bin/../lib/gcc/arm-none-eabi/9.2.1/thumb/v7e-m/nofp/crtbegin.o
                0x08001980                PROVIDE (__fini_array_end = .)
                0x08001980                . = ALIGN (0x4)
                0x08001980                _sidata = LOADADDR (.data)

.data           0x20000000      0x474 load address 0x08001980
                0x20000000                . = ALIGN (0x4)
                0x20000000                _sdata = .
 *(.data)
 *(.data*)
 .data.LED_BUF  0x20000000        0x8 CMakeFiles/01_BASIC.elf.dir/Core/Src/main.c.obj
                0x20000000                LED_BUF
 .data.col_pin  0x20000008        0x8 CMakeFiles/01_BASIC.elf.dir/Core/Src/main.c.obj
                0x20000008                col_pin
 .data.col_port
                0x20000010       0x10 CMakeFiles/01_BASIC.elf.dir/Core/Src/main.c.obj
                0x20000010                col_port
 .data.row_pin  0x20000020        0x8 CMakeFiles/01_BASIC.elf.dir/Core/Src/main.c.obj
                0x20000020                row_pin
 .data.row_port
                0x20000028       0x10 CMakeFiles/01_BASIC.elf.dir/Core/Src/main.c.obj
                0x20000028                row_port
 .data.SystemCoreClock
                0x20000038        0x4 CMakeFiles/01_BASIC.elf.dir/Core/Src/system_stm32f4xx.c.obj
                0x20000038                SystemCoreClock
 .data.uwTickFreq
                0x2000003c        0x1 CMakeFiles/01_BASIC.elf.dir/Drivers/STM32F4xx_HAL_Driver/Src/stm32f4xx_hal.c.obj
                0x2000003c                uwTickFreq
 *fill*         0x2000003d        0x3 
 .data.uwTickPrio
                0x20000040        0x4 CMakeFiles/01_BASIC.elf.dir/Drivers/STM32F4xx_HAL_Driver/Src/stm32f4xx_hal.c.obj
                0x20000040                uwTickPrio
 *fill*         0x20000044        0x4 
 .data.impure_data
                0x20000048      0x428 c:/gcc-arm-none-eabi/gcc-arm-none-eabi-9-2019-q4-major-win32/bin/../lib/gcc/arm-none-eabi/9.2.1/../../../../arm-none-eabi/lib/thumb/v7e-m/nofp\libg.a(lib_a-impure.o)
 .data.__atexit_recursive_mutex
                0x20000470        0x4 c:/gcc-arm-none-eabi/gcc-arm-none-eabi-9-2019-q4-major-win32/bin/../lib/gcc/arm-none-eabi/9.2.1/../../../../arm-none-eabi/lib/thumb/v7e-m/nofp\libg.a(lib_a-__call_atexit.o)
                0x20000470                __atexit_recursive_mutex
 *(.RamFunc)
 *(.RamFunc*)
                0x20000474                . = ALIGN (0x4)
                0x20000474                _edata = .

.igot.plt       0x20000474        0x0 load address 0x08001df4
 .igot.plt      0x20000474        0x0 c:/gcc-arm-none-eabi/gcc-arm-none-eabi-9-2019-q4-major-win32/bin/../lib/gcc/arm-none-eabi/9.2.1/thumb/v7e-m/nofp/crtbegin.o
                0x20000474                . = ALIGN (0x4)

.bss            0x20000474       0x94 load address 0x08001df4
                0x20000474                _sbss = .
                0x20000474                __bss_start__ = _sbss
 *(.bss)
 .bss           0x20000474       0x1c c:/gcc-arm-none-eabi/gcc-arm-none-eabi-9-2019-q4-major-win32/bin/../lib/gcc/arm-none-eabi/9.2.1/thumb/v7e-m/nofp/crtbegin.o
 *(.bss*)
 .bss.cur_col   0x20000490        0x1 CMakeFiles/01_BASIC.elf.dir/Core/Src/main.c.obj
                0x20000490                cur_col
 .bss.cur_row   0x20000491        0x1 CMakeFiles/01_BASIC.elf.dir/Core/Src/main.c.obj
                0x20000491                cur_row
 .bss.disp_ind  0x20000492        0x1 CMakeFiles/01_BASIC.elf.dir/Core/Src/main.c.obj
                0x20000492                disp_ind
 *fill*         0x20000493        0x1 
 .bss.htim7     0x20000494       0x48 CMakeFiles/01_BASIC.elf.dir/Core/Src/main.c.obj
                0x20000494                htim7
 .bss.key_value
                0x200004dc        0x1 CMakeFiles/01_BASIC.elf.dir/Core/Src/main.c.obj
                0x200004dc                key_value
 *fill*         0x200004dd        0x3 
 .bss.uwTick    0x200004e0        0x4 CMakeFiles/01_BASIC.elf.dir/Drivers/STM32F4xx_HAL_Driver/Src/stm32f4xx_hal.c.obj
                0x200004e0                uwTick
 *(COMMON)
 COMMON         0x200004e4       0x21 c:/gcc-arm-none-eabi/gcc-arm-none-eabi-9-2019-q4-major-win32/bin/../lib/gcc/arm-none-eabi/9.2.1/../../../../arm-none-eabi/lib/thumb/v7e-m/nofp\libg.a(lib_a-lock.o)
                0x200004e4                __lock___atexit_recursive_mutex
                0x200004e8                __lock___arc4random_mutex
                0x200004ec                __lock___env_recursive_mutex
                0x200004f0                __lock___sinit_recursive_mutex
                0x200004f4                __lock___malloc_recursive_mutex
                0x200004f8                __lock___at_quick_exit_mutex
                0x200004fc                __lock___dd_hash_mutex
                0x20000500                __lock___tz_mutex
                0x20000504                __lock___sfp_recursive_mutex
                0x20000508                . = ALIGN (0x4)
 *fill*         0x20000505        0x3 
                0x20000508                _ebss = .
                0x20000508                __bss_end__ = _ebss

._user_heap_stack
                0x20000508      0x600 load address 0x08001df4
                0x20000508                . = ALIGN (0x8)
                [!provide]                PROVIDE (end = .)
                0x20000508                PROVIDE (_end = .)
                0x20000708                . = (. + _Min_Heap_Size)
 *fill*         0x20000508      0x200 
                0x20000b08                . = (. + _Min_Stack_Size)
 *fill*         0x20000708      0x400 
                0x20000b08                . = ALIGN (0x8)

/DISCARD/
 libc.a(*)
 libm.a(*)
 libgcc.a(*)

.ARM.attributes
                0x00000000       0x2a
 *(.ARM.attributes)
 .ARM.attributes
                0x00000000       0x1e c:/gcc-arm-none-eabi/gcc-arm-none-eabi-9-2019-q4-major-win32/bin/../lib/gcc/arm-none-eabi/9.2.1/thumb/v7e-m/nofp/crti.o
 .ARM.attributes
                0x0000001e       0x2e c:/gcc-arm-none-eabi/gcc-arm-none-eabi-9-2019-q4-major-win32/bin/../lib/gcc/arm-none-eabi/9.2.1/thumb/v7e-m/nofp/crtbegin.o
 .ARM.attributes
                0x0000004c       0x2e CMakeFiles/01_BASIC.elf.dir/Core/Src/main.c.obj
 .ARM.attributes
                0x0000007a       0x2e CMakeFiles/01_BASIC.elf.dir/Core/Src/stm32f4xx_hal_msp.c.obj
 .ARM.attributes
                0x000000a8       0x2e CMakeFiles/01_BASIC.elf.dir/Core/Src/stm32f4xx_it.c.obj
 .ARM.attributes
                0x000000d6       0x2e CMakeFiles/01_BASIC.elf.dir/Core/Src/system_stm32f4xx.c.obj
 .ARM.attributes
                0x00000104       0x21 CMakeFiles/01_BASIC.elf.dir/Core/Startup/startup_stm32f446retx.s.obj
 .ARM.attributes
                0x00000125       0x2e CMakeFiles/01_BASIC.elf.dir/Drivers/STM32F4xx_HAL_Driver/Src/stm32f4xx_hal.c.obj
 .ARM.attributes
                0x00000153       0x2e CMakeFiles/01_BASIC.elf.dir/Drivers/STM32F4xx_HAL_Driver/Src/stm32f4xx_hal_cortex.c.obj
 .ARM.attributes
                0x00000181       0x2e CMakeFiles/01_BASIC.elf.dir/Drivers/STM32F4xx_HAL_Driver/Src/stm32f4xx_hal_gpio.c.obj
 .ARM.attributes
                0x000001af       0x2e CMakeFiles/01_BASIC.elf.dir/Drivers/STM32F4xx_HAL_Driver/Src/stm32f4xx_hal_rcc.c.obj
 .ARM.attributes
                0x000001dd       0x2e CMakeFiles/01_BASIC.elf.dir/Drivers/STM32F4xx_HAL_Driver/Src/stm32f4xx_hal_rcc_ex.c.obj
 .ARM.attributes
                0x0000020b       0x2e CMakeFiles/01_BASIC.elf.dir/Drivers/STM32F4xx_HAL_Driver/Src/stm32f4xx_hal_tim.c.obj
 .ARM.attributes
                0x00000239       0x2e CMakeFiles/01_BASIC.elf.dir/Drivers/STM32F4xx_HAL_Driver/Src/stm32f4xx_hal_tim_ex.c.obj
 .ARM.attributes
                0x00000267       0x1e c:/gcc-arm-none-eabi/gcc-arm-none-eabi-9-2019-q4-major-win32/bin/../lib/gcc/arm-none-eabi/9.2.1/thumb/v7e-m/nofp\libgcc.a(_aeabi_uldivmod.o)
 .ARM.attributes
                0x00000285       0x2e c:/gcc-arm-none-eabi/gcc-arm-none-eabi-9-2019-q4-major-win32/bin/../lib/gcc/arm-none-eabi/9.2.1/thumb/v7e-m/nofp\libgcc.a(_udivmoddi4.o)
 .ARM.attributes
                0x000002b3       0x1e c:/gcc-arm-none-eabi/gcc-arm-none-eabi-9-2019-q4-major-win32/bin/../lib/gcc/arm-none-eabi/9.2.1/thumb/v7e-m/nofp\libgcc.a(_dvmd_tls.o)
 .ARM.attributes
                0x000002d1       0x2e c:/gcc-arm-none-eabi/gcc-arm-none-eabi-9-2019-q4-major-win32/bin/../lib/gcc/arm-none-eabi/9.2.1/../../../../arm-none-eabi/lib/thumb/v7e-m/nofp\libg.a(lib_a-impure.o)
 .ARM.attributes
                0x000002ff       0x2e c:/gcc-arm-none-eabi/gcc-arm-none-eabi-9-2019-q4-major-win32/bin/../lib/gcc/arm-none-eabi/9.2.1/../../../../arm-none-eabi/lib/thumb/v7e-m/nofp\libg.a(lib_a-init.o)
 .ARM.attributes
                0x0000032d       0x2e c:/gcc-arm-none-eabi/gcc-arm-none-eabi-9-2019-q4-major-win32/bin/../lib/gcc/arm-none-eabi/9.2.1/../../../../arm-none-eabi/lib/thumb/v7e-m/nofp\libg.a(lib_a-memset.o)
 .ARM.attributes
                0x0000035b       0x2e c:/gcc-arm-none-eabi/gcc-arm-none-eabi-9-2019-q4-major-win32/bin/../lib/gcc/arm-none-eabi/9.2.1/../../../../arm-none-eabi/lib/thumb/v7e-m/nofp\libg.a(lib_a-__call_atexit.o)
 .ARM.attributes
                0x00000389       0x2e c:/gcc-arm-none-eabi/gcc-arm-none-eabi-9-2019-q4-major-win32/bin/../lib/gcc/arm-none-eabi/9.2.1/../../../../arm-none-eabi/lib/thumb/v7e-m/nofp\libg.a(lib_a-atexit.o)
 .ARM.attributes
                0x000003b7       0x2e c:/gcc-arm-none-eabi/gcc-arm-none-eabi-9-2019-q4-major-win32/bin/../lib/gcc/arm-none-eabi/9.2.1/../../../../arm-none-eabi/lib/thumb/v7e-m/nofp\libg.a(lib_a-fini.o)
 .ARM.attributes
                0x000003e5       0x2e c:/gcc-arm-none-eabi/gcc-arm-none-eabi-9-2019-q4-major-win32/bin/../lib/gcc/arm-none-eabi/9.2.1/../../../../arm-none-eabi/lib/thumb/v7e-m/nofp\libg.a(lib_a-lock.o)
 .ARM.attributes
                0x00000413       0x2e c:/gcc-arm-none-eabi/gcc-arm-none-eabi-9-2019-q4-major-win32/bin/../lib/gcc/arm-none-eabi/9.2.1/../../../../arm-none-eabi/lib/thumb/v7e-m/nofp\libg.a(lib_a-__atexit.o)
 .ARM.attributes
                0x00000441       0x1e c:/gcc-arm-none-eabi/gcc-arm-none-eabi-9-2019-q4-major-win32/bin/../lib/gcc/arm-none-eabi/9.2.1/thumb/v7e-m/nofp/crtn.o
OUTPUT(01_BASIC.elf elf32-littlearm)

.debug_info     0x00000000     0xc446
 .debug_info    0x00000000     0x12de CMakeFiles/01_BASIC.elf.dir/Core/Src/main.c.obj
 .debug_info    0x000012de      0xcae CMakeFiles/01_BASIC.elf.dir/Core/Src/stm32f4xx_hal_msp.c.obj
 .debug_info    0x00001f8c      0x832 CMakeFiles/01_BASIC.elf.dir/Core/Src/stm32f4xx_it.c.obj
 .debug_info    0x000027be      0x436 CMakeFiles/01_BASIC.elf.dir/Core/Src/system_stm32f4xx.c.obj
 .debug_info    0x00002bf4       0x22 CMakeFiles/01_BASIC.elf.dir/Core/Startup/startup_stm32f446retx.s.obj
 .debug_info    0x00002c16      0xacf CMakeFiles/01_BASIC.elf.dir/Drivers/STM32F4xx_HAL_Driver/Src/stm32f4xx_hal.c.obj
 .debug_info    0x000036e5     0x1172 CMakeFiles/01_BASIC.elf.dir/Drivers/STM32F4xx_HAL_Driver/Src/stm32f4xx_hal_cortex.c.obj
 .debug_info    0x00004857      0x8d8 CMakeFiles/01_BASIC.elf.dir/Drivers/STM32F4xx_HAL_Driver/Src/stm32f4xx_hal_gpio.c.obj
 .debug_info    0x0000512f      0xba2 CMakeFiles/01_BASIC.elf.dir/Drivers/STM32F4xx_HAL_Driver/Src/stm32f4xx_hal_rcc.c.obj
 .debug_info    0x00005cd1      0xd72 CMakeFiles/01_BASIC.elf.dir/Drivers/STM32F4xx_HAL_Driver/Src/stm32f4xx_hal_rcc_ex.c.obj
 .debug_info    0x00006a43     0x3e3b CMakeFiles/01_BASIC.elf.dir/Drivers/STM32F4xx_HAL_Driver/Src/stm32f4xx_hal_tim.c.obj
 .debug_info    0x0000a87e     0x1bc8 CMakeFiles/01_BASIC.elf.dir/Drivers/STM32F4xx_HAL_Driver/Src/stm32f4xx_hal_tim_ex.c.obj

.debug_abbrev   0x00000000     0x1920
 .debug_abbrev  0x00000000      0x2ca CMakeFiles/01_BASIC.elf.dir/Core/Src/main.c.obj
 .debug_abbrev  0x000002ca      0x1d4 CMakeFiles/01_BASIC.elf.dir/Core/Src/stm32f4xx_hal_msp.c.obj
 .debug_abbrev  0x0000049e      0x1a6 CMakeFiles/01_BASIC.elf.dir/Core/Src/stm32f4xx_it.c.obj
 .debug_abbrev  0x00000644      0x148 CMakeFiles/01_BASIC.elf.dir/Core/Src/system_stm32f4xx.c.obj
 .debug_abbrev  0x0000078c       0x12 CMakeFiles/01_BASIC.elf.dir/Core/Startup/startup_stm32f446retx.s.obj
 .debug_abbrev  0x0000079e      0x219 CMakeFiles/01_BASIC.elf.dir/Drivers/STM32F4xx_HAL_Driver/Src/stm32f4xx_hal.c.obj
 .debug_abbrev  0x000009b7      0x390 CMakeFiles/01_BASIC.elf.dir/Drivers/STM32F4xx_HAL_Driver/Src/stm32f4xx_hal_cortex.c.obj
 .debug_abbrev  0x00000d47      0x21c CMakeFiles/01_BASIC.elf.dir/Drivers/STM32F4xx_HAL_Driver/Src/stm32f4xx_hal_gpio.c.obj
 .debug_abbrev  0x00000f63      0x2ae CMakeFiles/01_BASIC.elf.dir/Drivers/STM32F4xx_HAL_Driver/Src/stm32f4xx_hal_rcc.c.obj
 .debug_abbrev  0x00001211      0x249 CMakeFiles/01_BASIC.elf.dir/Drivers/STM32F4xx_HAL_Driver/Src/stm32f4xx_hal_rcc_ex.c.obj
 .debug_abbrev  0x0000145a      0x258 CMakeFiles/01_BASIC.elf.dir/Drivers/STM32F4xx_HAL_Driver/Src/stm32f4xx_hal_tim.c.obj
 .debug_abbrev  0x000016b2      0x26e CMakeFiles/01_BASIC.elf.dir/Drivers/STM32F4xx_HAL_Driver/Src/stm32f4xx_hal_tim_ex.c.obj

.debug_loc      0x00000000     0x909d
 .debug_loc     0x00000000       0xda CMakeFiles/01_BASIC.elf.dir/Core/Src/main.c.obj
 .debug_loc     0x000000da       0x67 CMakeFiles/01_BASIC.elf.dir/Core/Src/stm32f4xx_hal_msp.c.obj
 .debug_loc     0x00000141      0x16c CMakeFiles/01_BASIC.elf.dir/Core/Src/system_stm32f4xx.c.obj
 .debug_loc     0x000002ad      0x141 CMakeFiles/01_BASIC.elf.dir/Drivers/STM32F4xx_HAL_Driver/Src/stm32f4xx_hal.c.obj
 .debug_loc     0x000003ee      0x744 CMakeFiles/01_BASIC.elf.dir/Drivers/STM32F4xx_HAL_Driver/Src/stm32f4xx_hal_cortex.c.obj
 .debug_loc     0x00000b32      0x513 CMakeFiles/01_BASIC.elf.dir/Drivers/STM32F4xx_HAL_Driver/Src/stm32f4xx_hal_gpio.c.obj
 .debug_loc     0x00001045      0x56f CMakeFiles/01_BASIC.elf.dir/Drivers/STM32F4xx_HAL_Driver/Src/stm32f4xx_hal_rcc.c.obj
 .debug_loc     0x000015b4      0xeab CMakeFiles/01_BASIC.elf.dir/Drivers/STM32F4xx_HAL_Driver/Src/stm32f4xx_hal_rcc_ex.c.obj
 .debug_loc     0x0000245f     0x4fba CMakeFiles/01_BASIC.elf.dir/Drivers/STM32F4xx_HAL_Driver/Src/stm32f4xx_hal_tim.c.obj
 .debug_loc     0x00007419     0x1c84 CMakeFiles/01_BASIC.elf.dir/Drivers/STM32F4xx_HAL_Driver/Src/stm32f4xx_hal_tim_ex.c.obj

.debug_aranges  0x00000000      0x960
 .debug_aranges
                0x00000000       0x50 CMakeFiles/01_BASIC.elf.dir/Core/Src/main.c.obj
 .debug_aranges
                0x00000050       0x30 CMakeFiles/01_BASIC.elf.dir/Core/Src/stm32f4xx_hal_msp.c.obj
 .debug_aranges
                0x00000080       0x68 CMakeFiles/01_BASIC.elf.dir/Core/Src/stm32f4xx_it.c.obj
 .debug_aranges
                0x000000e8       0x28 CMakeFiles/01_BASIC.elf.dir/Core/Src/system_stm32f4xx.c.obj
 .debug_aranges
                0x00000110       0x28 CMakeFiles/01_BASIC.elf.dir/Core/Startup/startup_stm32f446retx.s.obj
 .debug_aranges
                0x00000138       0xf0 CMakeFiles/01_BASIC.elf.dir/Drivers/STM32F4xx_HAL_Driver/Src/stm32f4xx_hal.c.obj
 .debug_aranges
                0x00000228       0xa8 CMakeFiles/01_BASIC.elf.dir/Drivers/STM32F4xx_HAL_Driver/Src/stm32f4xx_hal_cortex.c.obj
 .debug_aranges
                0x000002d0       0x58 CMakeFiles/01_BASIC.elf.dir/Drivers/STM32F4xx_HAL_Driver/Src/stm32f4xx_hal_gpio.c.obj
 .debug_aranges
                0x00000328       0x88 CMakeFiles/01_BASIC.elf.dir/Drivers/STM32F4xx_HAL_Driver/Src/stm32f4xx_hal_rcc.c.obj
 .debug_aranges
                0x000003b0       0x78 CMakeFiles/01_BASIC.elf.dir/Drivers/STM32F4xx_HAL_Driver/Src/stm32f4xx_hal_rcc_ex.c.obj
 .debug_aranges
                0x00000428      0x3d0 CMakeFiles/01_BASIC.elf.dir/Drivers/STM32F4xx_HAL_Driver/Src/stm32f4xx_hal_tim.c.obj
 .debug_aranges
                0x000007f8      0x168 CMakeFiles/01_BASIC.elf.dir/Drivers/STM32F4xx_HAL_Driver/Src/stm32f4xx_hal_tim_ex.c.obj

.debug_ranges   0x00000000      0x950
 .debug_ranges  0x00000000       0x58 CMakeFiles/01_BASIC.elf.dir/Core/Src/main.c.obj
 .debug_ranges  0x00000058       0x20 CMakeFiles/01_BASIC.elf.dir/Core/Src/stm32f4xx_hal_msp.c.obj
 .debug_ranges  0x00000078       0x58 CMakeFiles/01_BASIC.elf.dir/Core/Src/stm32f4xx_it.c.obj
 .debug_ranges  0x000000d0       0x18 CMakeFiles/01_BASIC.elf.dir/Core/Src/system_stm32f4xx.c.obj
 .debug_ranges  0x000000e8       0x20 CMakeFiles/01_BASIC.elf.dir/Core/Startup/startup_stm32f446retx.s.obj
 .debug_ranges  0x00000108       0xe0 CMakeFiles/01_BASIC.elf.dir/Drivers/STM32F4xx_HAL_Driver/Src/stm32f4xx_hal.c.obj
 .debug_ranges  0x000001e8       0xf8 CMakeFiles/01_BASIC.elf.dir/Drivers/STM32F4xx_HAL_Driver/Src/stm32f4xx_hal_cortex.c.obj
 .debug_ranges  0x000002e0       0x48 CMakeFiles/01_BASIC.elf.dir/Drivers/STM32F4xx_HAL_Driver/Src/stm32f4xx_hal_gpio.c.obj
 .debug_ranges  0x00000328       0x90 CMakeFiles/01_BASIC.elf.dir/Drivers/STM32F4xx_HAL_Driver/Src/stm32f4xx_hal_rcc.c.obj
 .debug_ranges  0x000003b8       0x80 CMakeFiles/01_BASIC.elf.dir/Drivers/STM32F4xx_HAL_Driver/Src/stm32f4xx_hal_rcc_ex.c.obj
 .debug_ranges  0x00000438      0x3c0 CMakeFiles/01_BASIC.elf.dir/Drivers/STM32F4xx_HAL_Driver/Src/stm32f4xx_hal_tim.c.obj
 .debug_ranges  0x000007f8      0x158 CMakeFiles/01_BASIC.elf.dir/Drivers/STM32F4xx_HAL_Driver/Src/stm32f4xx_hal_tim_ex.c.obj

.debug_line     0x00000000     0xaf64
 .debug_line    0x00000000      0x6bf CMakeFiles/01_BASIC.elf.dir/Core/Src/main.c.obj
 .debug_line    0x000006bf      0x304 CMakeFiles/01_BASIC.elf.dir/Core/Src/stm32f4xx_hal_msp.c.obj
 .debug_line    0x000009c3      0x385 CMakeFiles/01_BASIC.elf.dir/Core/Src/stm32f4xx_it.c.obj
 .debug_line    0x00000d48      0x2f9 CMakeFiles/01_BASIC.elf.dir/Core/Src/system_stm32f4xx.c.obj
 .debug_line    0x00001041       0x9f CMakeFiles/01_BASIC.elf.dir/Core/Startup/startup_stm32f446retx.s.obj
 .debug_line    0x000010e0      0x5e1 CMakeFiles/01_BASIC.elf.dir/Drivers/STM32F4xx_HAL_Driver/Src/stm32f4xx_hal.c.obj
 .debug_line    0x000016c1      0x81e CMakeFiles/01_BASIC.elf.dir/Drivers/STM32F4xx_HAL_Driver/Src/stm32f4xx_hal_cortex.c.obj
 .debug_line    0x00001edf      0x7a1 CMakeFiles/01_BASIC.elf.dir/Drivers/STM32F4xx_HAL_Driver/Src/stm32f4xx_hal_gpio.c.obj
 .debug_line    0x00002680      0xbb5 CMakeFiles/01_BASIC.elf.dir/Drivers/STM32F4xx_HAL_Driver/Src/stm32f4xx_hal_rcc.c.obj
 .debug_line    0x00003235     0x1426 CMakeFiles/01_BASIC.elf.dir/Drivers/STM32F4xx_HAL_Driver/Src/stm32f4xx_hal_rcc_ex.c.obj
 .debug_line    0x0000465b     0x4b73 CMakeFiles/01_BASIC.elf.dir/Drivers/STM32F4xx_HAL_Driver/Src/stm32f4xx_hal_tim.c.obj
 .debug_line    0x000091ce     0x1d96 CMakeFiles/01_BASIC.elf.dir/Drivers/STM32F4xx_HAL_Driver/Src/stm32f4xx_hal_tim_ex.c.obj

.debug_str      0x00000000     0x3555
 .debug_str     0x00000000      0xc11 CMakeFiles/01_BASIC.elf.dir/Core/Src/main.c.obj
                                0xcd9 (size before relaxing)
 .debug_str     0x00000c11      0x5ca CMakeFiles/01_BASIC.elf.dir/Core/Src/stm32f4xx_hal_msp.c.obj
                                0xec2 (size before relaxing)
 .debug_str     0x000011db       0xf1 CMakeFiles/01_BASIC.elf.dir/Core/Src/stm32f4xx_it.c.obj
                                0x8ad (size before relaxing)
 .debug_str     0x000012cc       0x72 CMakeFiles/01_BASIC.elf.dir/Core/Src/system_stm32f4xx.c.obj
                                0x428 (size before relaxing)
 .debug_str     0x0000133e       0x4d CMakeFiles/01_BASIC.elf.dir/Core/Startup/startup_stm32f446retx.s.obj
                                 0x79 (size before relaxing)
 .debug_str     0x0000138b      0x2ed CMakeFiles/01_BASIC.elf.dir/Drivers/STM32F4xx_HAL_Driver/Src/stm32f4xx_hal.c.obj
                                0xc4f (size before relaxing)
 .debug_str     0x00001678      0x49d CMakeFiles/01_BASIC.elf.dir/Drivers/STM32F4xx_HAL_Driver/Src/stm32f4xx_hal_cortex.c.obj
                                0xd69 (size before relaxing)
 .debug_str     0x00001b15      0x13e CMakeFiles/01_BASIC.elf.dir/Drivers/STM32F4xx_HAL_Driver/Src/stm32f4xx_hal_gpio.c.obj
                                0x613 (size before relaxing)
 .debug_str     0x00001c53      0x1aa CMakeFiles/01_BASIC.elf.dir/Drivers/STM32F4xx_HAL_Driver/Src/stm32f4xx_hal_rcc.c.obj
                                0x7f6 (size before relaxing)
 .debug_str     0x00001dfd      0x35e CMakeFiles/01_BASIC.elf.dir/Drivers/STM32F4xx_HAL_Driver/Src/stm32f4xx_hal_rcc_ex.c.obj
                                0x8f9 (size before relaxing)
 .debug_str     0x0000215b      0xebf CMakeFiles/01_BASIC.elf.dir/Drivers/STM32F4xx_HAL_Driver/Src/stm32f4xx_hal_tim.c.obj
                               0x17d9 (size before relaxing)
 .debug_str     0x0000301a      0x53b CMakeFiles/01_BASIC.elf.dir/Drivers/STM32F4xx_HAL_Driver/Src/stm32f4xx_hal_tim_ex.c.obj
                                0xfda (size before relaxing)

.comment        0x00000000       0x79
 .comment       0x00000000       0x79 CMakeFiles/01_BASIC.elf.dir/Core/Src/main.c.obj
                                 0x7a (size before relaxing)
 .comment       0x00000079       0x7a CMakeFiles/01_BASIC.elf.dir/Core/Src/stm32f4xx_hal_msp.c.obj
 .comment       0x00000079       0x7a CMakeFiles/01_BASIC.elf.dir/Core/Src/stm32f4xx_it.c.obj
 .comment       0x00000079       0x7a CMakeFiles/01_BASIC.elf.dir/Core/Src/system_stm32f4xx.c.obj
 .comment       0x00000079       0x7a CMakeFiles/01_BASIC.elf.dir/Drivers/STM32F4xx_HAL_Driver/Src/stm32f4xx_hal.c.obj
 .comment       0x00000079       0x7a CMakeFiles/01_BASIC.elf.dir/Drivers/STM32F4xx_HAL_Driver/Src/stm32f4xx_hal_cortex.c.obj
 .comment       0x00000079       0x7a CMakeFiles/01_BASIC.elf.dir/Drivers/STM32F4xx_HAL_Driver/Src/stm32f4xx_hal_gpio.c.obj
 .comment       0x00000079       0x7a CMakeFiles/01_BASIC.elf.dir/Drivers/STM32F4xx_HAL_Driver/Src/stm32f4xx_hal_rcc.c.obj
 .comment       0x00000079       0x7a CMakeFiles/01_BASIC.elf.dir/Drivers/STM32F4xx_HAL_Driver/Src/stm32f4xx_hal_rcc_ex.c.obj
 .comment       0x00000079       0x7a CMakeFiles/01_BASIC.elf.dir/Drivers/STM32F4xx_HAL_Driver/Src/stm32f4xx_hal_tim.c.obj
 .comment       0x00000079       0x7a CMakeFiles/01_BASIC.elf.dir/Drivers/STM32F4xx_HAL_Driver/Src/stm32f4xx_hal_tim_ex.c.obj

.debug_frame    0x00000000     0x1a9c
 .debug_frame   0x00000000       0xd8 CMakeFiles/01_BASIC.elf.dir/Core/Src/main.c.obj
 .debug_frame   0x000000d8       0x5c CMakeFiles/01_BASIC.elf.dir/Core/Src/stm32f4xx_hal_msp.c.obj
 .debug_frame   0x00000134       0xc0 CMakeFiles/01_BASIC.elf.dir/Core/Src/stm32f4xx_it.c.obj
 .debug_frame   0x000001f4       0x30 CMakeFiles/01_BASIC.elf.dir/Core/Src/system_stm32f4xx.c.obj
 .debug_frame   0x00000224      0x1ec CMakeFiles/01_BASIC.elf.dir/Drivers/STM32F4xx_HAL_Driver/Src/stm32f4xx_hal.c.obj
 .debug_frame   0x00000410      0x15c CMakeFiles/01_BASIC.elf.dir/Drivers/STM32F4xx_HAL_Driver/Src/stm32f4xx_hal_cortex.c.obj
 .debug_frame   0x0000056c       0xd8 CMakeFiles/01_BASIC.elf.dir/Drivers/STM32F4xx_HAL_Driver/Src/stm32f4xx_hal_gpio.c.obj
 .debug_frame   0x00000644      0x174 CMakeFiles/01_BASIC.elf.dir/Drivers/STM32F4xx_HAL_Driver/Src/stm32f4xx_hal_rcc.c.obj
 .debug_frame   0x000007b8      0x154 CMakeFiles/01_BASIC.elf.dir/Drivers/STM32F4xx_HAL_Driver/Src/stm32f4xx_hal_rcc_ex.c.obj
 .debug_frame   0x0000090c      0xb18 CMakeFiles/01_BASIC.elf.dir/Drivers/STM32F4xx_HAL_Driver/Src/stm32f4xx_hal_tim.c.obj
 .debug_frame   0x00001424      0x420 CMakeFiles/01_BASIC.elf.dir/Drivers/STM32F4xx_HAL_Driver/Src/stm32f4xx_hal_tim_ex.c.obj
 .debug_frame   0x00001844       0x2c c:/gcc-arm-none-eabi/gcc-arm-none-eabi-9-2019-q4-major-win32/bin/../lib/gcc/arm-none-eabi/9.2.1/thumb/v7e-m/nofp\libgcc.a(_aeabi_uldivmod.o)
 .debug_frame   0x00001870       0x34 c:/gcc-arm-none-eabi/gcc-arm-none-eabi-9-2019-q4-major-win32/bin/../lib/gcc/arm-none-eabi/9.2.1/thumb/v7e-m/nofp\libgcc.a(_udivmoddi4.o)
 .debug_frame   0x000018a4       0x2c c:/gcc-arm-none-eabi/gcc-arm-none-eabi-9-2019-q4-major-win32/bin/../lib/gcc/arm-none-eabi/9.2.1/../../../../arm-none-eabi/lib/thumb/v7e-m/nofp\libg.a(lib_a-init.o)
 .debug_frame   0x000018d0       0x38 c:/gcc-arm-none-eabi/gcc-arm-none-eabi-9-2019-q4-major-win32/bin/../lib/gcc/arm-none-eabi/9.2.1/../../../../arm-none-eabi/lib/thumb/v7e-m/nofp\libg.a(lib_a-memset.o)
 .debug_frame   0x00001908       0x5c c:/gcc-arm-none-eabi/gcc-arm-none-eabi-9-2019-q4-major-win32/bin/../lib/gcc/arm-none-eabi/9.2.1/../../../../arm-none-eabi/lib/thumb/v7e-m/nofp\libg.a(lib_a-__call_atexit.o)
 .debug_frame   0x00001964       0x20 c:/gcc-arm-none-eabi/gcc-arm-none-eabi-9-2019-q4-major-win32/bin/../lib/gcc/arm-none-eabi/9.2.1/../../../../arm-none-eabi/lib/thumb/v7e-m/nofp\libg.a(lib_a-atexit.o)
 .debug_frame   0x00001984       0x34 c:/gcc-arm-none-eabi/gcc-arm-none-eabi-9-2019-q4-major-win32/bin/../lib/gcc/arm-none-eabi/9.2.1/../../../../arm-none-eabi/lib/thumb/v7e-m/nofp\libg.a(lib_a-fini.o)
 .debug_frame   0x000019b8       0xb0 c:/gcc-arm-none-eabi/gcc-arm-none-eabi-9-2019-q4-major-win32/bin/../lib/gcc/arm-none-eabi/9.2.1/../../../../arm-none-eabi/lib/thumb/v7e-m/nofp\libg.a(lib_a-lock.o)
 .debug_frame   0x00001a68       0x34 c:/gcc-arm-none-eabi/gcc-arm-none-eabi-9-2019-q4-major-win32/bin/../lib/gcc/arm-none-eabi/9.2.1/../../../../arm-none-eabi/lib/thumb/v7e-m/nofp\libg.a(lib_a-__atexit.o)
