Archive member included to satisfy reference by file (symbol)

c:/gcc-arm-none-eabi/gcc-arm-none-eabi-9-2019-q4-major-win32/bin/../lib/gcc/arm-none-eabi/9.2.1/thumb/v7e-m/nofp\libgcc.a(_aeabi_uldivmod.o)
                              CMakeFiles/01_BASIC.elf.dir/Drivers/STM32F4xx_HAL_Driver/Src/stm32f4xx_hal_rcc.c.obj (__aeabi_uldivmod)
c:/gcc-arm-none-eabi/gcc-arm-none-eabi-9-2019-q4-major-win32/bin/../lib/gcc/arm-none-eabi/9.2.1/thumb/v7e-m/nofp\libgcc.a(_udivmoddi4.o)
                              c:/gcc-arm-none-eabi/gcc-arm-none-eabi-9-2019-q4-major-win32/bin/../lib/gcc/arm-none-eabi/9.2.1/thumb/v7e-m/nofp\libgcc.a(_aeabi_uldivmod.o) (__udivmoddi4)
c:/gcc-arm-none-eabi/gcc-arm-none-eabi-9-2019-q4-major-win32/bin/../lib/gcc/arm-none-eabi/9.2.1/thumb/v7e-m/nofp\libgcc.a(_dvmd_tls.o)
                              c:/gcc-arm-none-eabi/gcc-arm-none-eabi-9-2019-q4-major-win32/bin/../lib/gcc/arm-none-eabi/9.2.1/thumb/v7e-m/nofp\libgcc.a(_aeabi_uldivmod.o) (__aeabi_ldiv0)
c:/gcc-arm-none-eabi/gcc-arm-none-eabi-9-2019-q4-major-win32/bin/../lib/gcc/arm-none-eabi/9.2.1/../../../../arm-none-eabi/lib/thumb/v7e-m/nofp\libg.a(lib_a-errno.o)
                              CMakeFiles/01_BASIC.elf.dir/Core/Src/syscalls.c.obj (__errno)
c:/gcc-arm-none-eabi/gcc-arm-none-eabi-9-2019-q4-major-win32/bin/../lib/gcc/arm-none-eabi/9.2.1/../../../../arm-none-eabi/lib/thumb/v7e-m/nofp\libg.a(lib_a-exit.o)
                              c:/gcc-arm-none-eabi/gcc-arm-none-eabi-9-2019-q4-major-win32/bin/../lib/gcc/arm-none-eabi/9.2.1/../../../../arm-none-eabi/lib/thumb/v7e-m/nofp/crt0.o (exit)
c:/gcc-arm-none-eabi/gcc-arm-none-eabi-9-2019-q4-major-win32/bin/../lib/gcc/arm-none-eabi/9.2.1/../../../../arm-none-eabi/lib/thumb/v7e-m/nofp\libg.a(lib_a-impure.o)
                              c:/gcc-arm-none-eabi/gcc-arm-none-eabi-9-2019-q4-major-win32/bin/../lib/gcc/arm-none-eabi/9.2.1/../../../../arm-none-eabi/lib/thumb/v7e-m/nofp\libg.a(lib_a-exit.o) (_global_impure_ptr)
c:/gcc-arm-none-eabi/gcc-arm-none-eabi-9-2019-q4-major-win32/bin/../lib/gcc/arm-none-eabi/9.2.1/../../../../arm-none-eabi/lib/thumb/v7e-m/nofp\libg.a(lib_a-init.o)
                              c:/gcc-arm-none-eabi/gcc-arm-none-eabi-9-2019-q4-major-win32/bin/../lib/gcc/arm-none-eabi/9.2.1/../../../../arm-none-eabi/lib/thumb/v7e-m/nofp/crt0.o (__libc_init_array)
c:/gcc-arm-none-eabi/gcc-arm-none-eabi-9-2019-q4-major-win32/bin/../lib/gcc/arm-none-eabi/9.2.1/../../../../arm-none-eabi/lib/thumb/v7e-m/nofp\libg.a(lib_a-memset.o)
                              c:/gcc-arm-none-eabi/gcc-arm-none-eabi-9-2019-q4-major-win32/bin/../lib/gcc/arm-none-eabi/9.2.1/../../../../arm-none-eabi/lib/thumb/v7e-m/nofp/crt0.o (memset)
c:/gcc-arm-none-eabi/gcc-arm-none-eabi-9-2019-q4-major-win32/bin/../lib/gcc/arm-none-eabi/9.2.1/../../../../arm-none-eabi/lib/thumb/v7e-m/nofp\libg.a(lib_a-__call_atexit.o)
                              c:/gcc-arm-none-eabi/gcc-arm-none-eabi-9-2019-q4-major-win32/bin/../lib/gcc/arm-none-eabi/9.2.1/../../../../arm-none-eabi/lib/thumb/v7e-m/nofp\libg.a(lib_a-exit.o) (__call_exitprocs)
c:/gcc-arm-none-eabi/gcc-arm-none-eabi-9-2019-q4-major-win32/bin/../lib/gcc/arm-none-eabi/9.2.1/../../../../arm-none-eabi/lib/thumb/v7e-m/nofp\libg.a(lib_a-atexit.o)
                              c:/gcc-arm-none-eabi/gcc-arm-none-eabi-9-2019-q4-major-win32/bin/../lib/gcc/arm-none-eabi/9.2.1/../../../../arm-none-eabi/lib/thumb/v7e-m/nofp\libg.a(lib_a-__call_atexit.o) (atexit)
c:/gcc-arm-none-eabi/gcc-arm-none-eabi-9-2019-q4-major-win32/bin/../lib/gcc/arm-none-eabi/9.2.1/../../../../arm-none-eabi/lib/thumb/v7e-m/nofp\libg.a(lib_a-fini.o)
                              c:/gcc-arm-none-eabi/gcc-arm-none-eabi-9-2019-q4-major-win32/bin/../lib/gcc/arm-none-eabi/9.2.1/../../../../arm-none-eabi/lib/thumb/v7e-m/nofp\libg.a(lib_a-__call_atexit.o) (__libc_fini_array)
c:/gcc-arm-none-eabi/gcc-arm-none-eabi-9-2019-q4-major-win32/bin/../lib/gcc/arm-none-eabi/9.2.1/../../../../arm-none-eabi/lib/thumb/v7e-m/nofp\libg.a(lib_a-lock.o)
                              c:/gcc-arm-none-eabi/gcc-arm-none-eabi-9-2019-q4-major-win32/bin/../lib/gcc/arm-none-eabi/9.2.1/../../../../arm-none-eabi/lib/thumb/v7e-m/nofp\libg.a(lib_a-__call_atexit.o) (__retarget_lock_acquire_recursive)
c:/gcc-arm-none-eabi/gcc-arm-none-eabi-9-2019-q4-major-win32/bin/../lib/gcc/arm-none-eabi/9.2.1/../../../../arm-none-eabi/lib/thumb/v7e-m/nofp\libg.a(lib_a-__atexit.o)
                              c:/gcc-arm-none-eabi/gcc-arm-none-eabi-9-2019-q4-major-win32/bin/../lib/gcc/arm-none-eabi/9.2.1/../../../../arm-none-eabi/lib/thumb/v7e-m/nofp\libg.a(lib_a-atexit.o) (__register_exitproc)

Allocating common symbols
Common symbol       size              file

__lock___atexit_recursive_mutex
                    0x1               c:/gcc-arm-none-eabi/gcc-arm-none-eabi-9-2019-q4-major-win32/bin/../lib/gcc/arm-none-eabi/9.2.1/../../../../arm-none-eabi/lib/thumb/v7e-m/nofp\libg.a(lib_a-lock.o)
__lock___arc4random_mutex
[...]
Memory Configuration

Name             Origin             Length             Attributes
RAM              0x20000000         0x00020000         xrw
FLASH            0x08000000         0x00080000         xr
*default*        0x00000000         0xffffffff

Linker script and memory map

LOAD c:/gcc-arm-none-eabi/gcc-arm-none-eabi-9-2019-q4-major-win32/bin/../lib/gcc/arm-none-eabi/9.2.1/thumb/v7e-m/nofp/crti.o
LOAD c:/gcc-arm-none-eabi/gcc-arm-none-eabi-9-2019-q4-major-win32/bin/../lib/gcc/arm-none-eabi/9.2.1/thumb/v7e-m/nofp/crtbegin.o
LOAD c:/gcc-arm-none-eabi/gcc-arm-none-eabi-9-2019-q4-major-win32/bin/../lib/gcc/arm-none-eabi/9.2.1/../../../../arm-none-eabi/lib/thumb/v7e-m/nofp/crt0.o
LOAD CMakeFiles/01_BASIC.elf.dir/Core/Src/main.c.obj
LOAD CMakeFiles/01_BASIC.elf.dir/Core/Src/stm32f4xx_hal_msp.c.obj
LOAD CMakeFiles/01_BASIC.elf.dir/Core/Src/stm32f4xx_it.c.obj
LOAD CMakeFiles/01_BASIC.elf.dir/Core/Src/syscalls.c.obj
LOAD CMakeFiles/01_BASIC.elf.dir/Core/Src/system_stm32f4xx.c.obj
LOAD CMakeFiles/01_BASIC.elf.dir/Drivers/STM32F4xx_HAL_Driver/Src/stm32f4xx_hal.c.obj
LOAD CMakeFiles/01_BASIC.elf.dir/Drivers/STM32F4xx_HAL_Driver/Src/stm32f4xx_hal_cortex.c.obj
LOAD CMakeFiles/01_BASIC.elf.dir/Drivers/STM32F4xx_HAL_Driver/Src/stm32f4xx_hal_dma.c.obj
LOAD CMakeFiles/01_BASIC.elf.dir/Drivers/STM32F4xx_HAL_Driver/Src/stm32f4xx_hal_dma_ex.c.obj
LOAD CMakeFiles/01_BASIC.elf.dir/Drivers/STM32F4xx_HAL_Driver/Src/stm32f4xx_hal_exti.c.obj
LOAD CMakeFiles/01_BASIC.elf.dir/Drivers/STM32F4xx_HAL_Driver/Src/stm32f4xx_hal_flash.c.obj
LOAD CMakeFiles/01_BASIC.elf.dir/Drivers/STM32F4xx_HAL_Driver/Src/stm32f4xx_hal_flash_ex.c.obj
LOAD CMakeFiles/01_BASIC.elf.dir/Drivers/STM32F4xx_HAL_Driver/Src/stm32f4xx_hal_flash_ramfunc.c.obj
LOAD CMakeFiles/01_BASIC.elf.dir/Drivers/STM32F4xx_HAL_Driver/Src/stm32f4xx_hal_gpio.c.obj
LOAD CMakeFiles/01_BASIC.elf.dir/Drivers/STM32F4xx_HAL_Driver/Src/stm32f4xx_hal_pwr.c.obj
LOAD CMakeFiles/01_BASIC.elf.dir/Drivers/STM32F4xx_HAL_Driver/Src/stm32f4xx_hal_pwr_ex.c.obj
LOAD CMakeFiles/01_BASIC.elf.dir/Drivers/STM32F4xx_HAL_Driver/Src/stm32f4xx_hal_rcc.c.obj
LOAD CMakeFiles/01_BASIC.elf.dir/Drivers/STM32F4xx_HAL_Driver/Src/stm32f4xx_hal_rcc_ex.c.obj
LOAD CMakeFiles/01_BASIC.elf.dir/Drivers/STM32F4xx_HAL_Driver/Src/stm32f4xx_hal_tim.c.obj
LOAD CMakeFiles/01_BASIC.elf.dir/Drivers/STM32F4xx_HAL_Driver/Src/stm32f4xx_hal_tim_ex.c.obj
LOAD CMakeFiles/01_BASIC.elf.dir/startup/startup_stm32f446xx.s.obj
START GROUP
LOAD c:/gcc-arm-none-eabi/gcc-arm-none-eabi-9-2019-q4-major-win32/bin/../lib/gcc/arm-none-eabi/9.2.1/thumb/v7e-m/nofp\libgcc.a
LOAD c:/gcc-arm-none-eabi/gcc-arm-none-eabi-9-2019-q4-major-win32/bin/../lib/gcc/arm-none-eabi/9.2.1/../../../../arm-none-eabi/lib/thumb/v7e-m/nofp\libg.a
LOAD c:/gcc-arm-none-eabi/gcc-arm-none-eabi-9-2019-q4-major-win32/bin/../lib/gcc/arm-none-eabi/9.2.1/../../../../arm-none-eabi/lib/thumb/v7e-m/nofp\libc.a
END GROUP
LOAD c:/gcc-arm-none-eabi/gcc-arm-none-eabi-9-2019-q4-major-win32/bin/../lib/gcc/arm-none-eabi/9.2.1/thumb/v7e-m/nofp/crtend.o
LOAD c:/gcc-arm-none-eabi/gcc-arm-none-eabi-9-2019-q4-major-win32/bin/../lib/gcc/arm-none-eabi/9.2.1/thumb/v7e-m/nofp/crtn.o
                0x20020000                _estack = (ORIGIN (RAM) + LENGTH (RAM))
                0x00000200                _Min_Heap_Size = 0x200
                0x00000400                _Min_Stack_Size = 0x400

.isr_vector     0x08000000      0x1c4
                0x08000000                . = ALIGN (0x4)
 *(.isr_vector)
 .isr_vector    0x08000000      0x1c4 CMakeFiles/01_BASIC.elf.dir/startup/startup_stm32f446xx.s.obj
                0x08000000                g_pfnVectors
                0x080001c4                . = ALIGN (0x4)

.text           0x080001c4     0x1314
                0x080001c4                . = ALIGN (0x4)
 *(.text)
 .text          0x080001c4       0x40 c:/gcc-arm-none-eabi/gcc-arm-none-eabi-9-2019-q4-major-win32/bin/../lib/gcc/arm-none-eabi/9.2.1/thumb/v7e-m/nofp/crtbegin.o
 .text          0x08000204       0x30 c:/gcc-arm-none-eabi/gcc-arm-none-eabi-9-2019-q4-major-win32/bin/../lib/gcc/arm-none-eabi/9.2.1/thumb/v7e-m/nofp\libgcc.a(_aeabi_uldivmod.o)
                0x08000204                __aeabi_uldivmod
 .text          0x08000234      0x2c0 c:/gcc-arm-none-eabi/gcc-arm-none-eabi-9-2019-q4-major-win32/bin/../lib/gcc/arm-none-eabi/9.2.1/thumb/v7e-m/nofp\libgcc.a(_udivmoddi4.o)
                0x08000234                __udivmoddi4
 .text          0x080004f4        0x4 c:/gcc-arm-none-eabi/gcc-arm-none-eabi-9-2019-q4-major-win32/bin/../lib/gcc/arm-none-eabi/9.2.1/thumb/v7e-m/nofp\libgcc.a(_dvmd_tls.o)
                0x080004f4                __aeabi_idiv0
                0x080004f4                __aeabi_ldiv0
 *(.text*)
 .text.MX_GPIO_Init
                0x080004f8      0x100 CMakeFiles/01_BASIC.elf.dir/Core/Src/main.c.obj
 .text.HAL_GPIO_EXTI_Callback
                0x080005f8       0x84 CMakeFiles/01_BASIC.elf.dir/Core/Src/main.c.obj
                0x080005f8                HAL_GPIO_EXTI_Callback
 .text.Error_Handler
                0x0800067c        0x4 CMakeFiles/01_BASIC.elf.dir/Core/Src/main.c.obj
                0x0800067c                Error_Handler
 .text.SystemClock_Config
                0x08000680       0x8c CMakeFiles/01_BASIC.elf.dir/Core/Src/main.c.obj
                0x08000680                SystemClock_Config
 .text.main     0x0800070c       0xe8 CMakeFiles/01_BASIC.elf.dir/Core/Src/main.c.obj
                0x0800070c                main
 .text.HAL_MspInit
                0x080007f4       0x38 CMakeFiles/01_BASIC.elf.dir/Core/Src/stm32f4xx_hal_msp.c.obj
                0x080007f4                HAL_MspInit
 .text.NMI_Handler
                0x0800082c        0x2 CMakeFiles/01_BASIC.elf.dir/Core/Src/stm32f4xx_it.c.obj
                0x0800082c                NMI_Handler
 .text.HardFault_Handler
                0x0800082e        0x2 CMakeFiles/01_BASIC.elf.dir/Core/Src/stm32f4xx_it.c.obj
                0x0800082e                HardFault_Handler
 .text.MemManage_Handler
                0x08000830        0x2 CMakeFiles/01_BASIC.elf.dir/Core/Src/stm32f4xx_it.c.obj
                0x08000830                MemManage_Handler
 .text.BusFault_Handler
                0x08000832        0x2 CMakeFiles/01_BASIC.elf.dir/Core/Src/stm32f4xx_it.c.obj
                0x08000832                BusFault_Handler
 .text.UsageFault_Handler
                0x08000834        0x2 CMakeFiles/01_BASIC.elf.dir/Core/Src/stm32f4xx_it.c.obj
                0x08000834                UsageFault_Handler
 .text.SVC_Handler
                0x08000836        0x2 CMakeFiles/01_BASIC.elf.dir/Core/Src/stm32f4xx_it.c.obj
                0x08000836                SVC_Handler
 .text.DebugMon_Handler
                0x08000838        0x2 CMakeFiles/01_BASIC.elf.dir/Core/Src/stm32f4xx_it.c.obj
                0x08000838                DebugMon_Handler
 .text.PendSV_Handler
                0x0800083a        0x2 CMakeFiles/01_BASIC.elf.dir/Core/Src/stm32f4xx_it.c.obj
                0x0800083a                PendSV_Handler
 .text.SysTick_Handler
                0x0800083c        0x8 CMakeFiles/01_BASIC.elf.dir/Core/Src/stm32f4xx_it.c.obj
                0x0800083c                SysTick_Handler
 .text.EXTI0_IRQHandler
                0x08000844        0xa CMakeFiles/01_BASIC.elf.dir/Core/Src/stm32f4xx_it.c.obj
                0x08000844                EXTI0_IRQHandler
 .text.EXTI1_IRQHandler
                0x0800084e        0xa CMakeFiles/01_BASIC.elf.dir/Core/Src/stm32f4xx_it.c.obj
                0x0800084e                EXTI1_IRQHandler
 .text.SystemInit
                0x08000858        0x2 CMakeFiles/01_BASIC.elf.dir/Core/Src/system_stm32f4xx.c.obj
                0x08000858                SystemInit
 *fill*         0x0800085a        0x2 
 .text.HAL_InitTick
                0x0800085c       0x4c CMakeFiles/01_BASIC.elf.dir/Drivers/STM32F4xx_HAL_Driver/Src/stm32f4xx_hal.c.obj
                0x0800085c                HAL_InitTick
 .text.HAL_Init
                0x080008a8       0x34 CMakeFiles/01_BASIC.elf.dir/Drivers/STM32F4xx_HAL_Driver/Src/stm32f4xx_hal.c.obj
                0x080008a8                HAL_Init
 .text.HAL_IncTick
                0x080008dc       0x18 CMakeFiles/01_BASIC.elf.dir/Drivers/STM32F4xx_HAL_Driver/Src/stm32f4xx_hal.c.obj
                0x080008dc                HAL_IncTick
 .text.HAL_GetTick
                0x080008f4        0xc CMakeFiles/01_BASIC.elf.dir/Drivers/STM32F4xx_HAL_Driver/Src/stm32f4xx_hal.c.obj
                0x080008f4                HAL_GetTick
 .text.HAL_Delay
                0x08000900       0x28 CMakeFiles/01_BASIC.elf.dir/Drivers/STM32F4xx_HAL_Driver/Src/stm32f4xx_hal.c.obj
                0x08000900                HAL_Delay
 .text.HAL_NVIC_SetPriorityGrouping
                0x08000928       0x24 CMakeFiles/01_BASIC.elf.dir/Drivers/STM32F4xx_HAL_Driver/Src/stm32f4xx_hal_cortex.c.obj
                0x08000928                HAL_NVIC_SetPriorityGrouping
 .text.HAL_NVIC_SetPriority
                0x0800094c       0x68 CMakeFiles/01_BASIC.elf.dir/Drivers/STM32F4xx_HAL_Driver/Src/stm32f4xx_hal_cortex.c.obj
                0x0800094c                HAL_NVIC_SetPriority
 .text.HAL_NVIC_EnableIRQ
                0x080009b4       0x1c CMakeFiles/01_BASIC.elf.dir/Drivers/STM32F4xx_HAL_Driver/Src/stm32f4xx_hal_cortex.c.obj
                0x080009b4                HAL_NVIC_EnableIRQ
 .text.HAL_SYSTICK_Config
                0x080009d0       0x2c CMakeFiles/01_BASIC.elf.dir/Drivers/STM32F4xx_HAL_Driver/Src/stm32f4xx_hal_cortex.c.obj
                0x080009d0                HAL_SYSTICK_Config
 .text.HAL_GPIO_Init
                0x080009fc      0x1c8 CMakeFiles/01_BASIC.elf.dir/Drivers/STM32F4xx_HAL_Driver/Src/stm32f4xx_hal_gpio.c.obj
                0x080009fc                HAL_GPIO_Init
 .text.HAL_GPIO_WritePin
                0x08000bc4        0xc CMakeFiles/01_BASIC.elf.dir/Drivers/STM32F4xx_HAL_Driver/Src/stm32f4xx_hal_gpio.c.obj
                0x08000bc4                HAL_GPIO_WritePin
 .text.HAL_GPIO_EXTI_IRQHandler
                0x08000bd0       0x1c CMakeFiles/01_BASIC.elf.dir/Drivers/STM32F4xx_HAL_Driver/Src/stm32f4xx_hal_gpio.c.obj
                0x08000bd0                HAL_GPIO_EXTI_IRQHandler
 .text.HAL_RCC_ClockConfig
                0x08000bec      0x160 CMakeFiles/01_BASIC.elf.dir/Drivers/STM32F4xx_HAL_Driver/Src/stm32f4xx_hal_rcc.c.obj
                0x08000bec                HAL_RCC_ClockConfig
 .text.HAL_RCC_GetSysClockFreq
                0x08000d4c      0x118 CMakeFiles/01_BASIC.elf.dir/Drivers/STM32F4xx_HAL_Driver/Src/stm32f4xx_hal_rcc_ex.c.obj
                0x08000d4c                HAL_RCC_GetSysClockFreq
 .text.HAL_RCC_OscConfig
                0x08000e64      0x440 CMakeFiles/01_BASIC.elf.dir/Drivers/STM32F4xx_HAL_Driver/Src/stm32f4xx_hal_rcc_ex.c.obj
                0x08000e64                HAL_RCC_OscConfig
 .text.Reset_Handler
                0x080012a4       0x50 CMakeFiles/01_BASIC.elf.dir/startup/startup_stm32f446xx.s.obj
                0x080012a4                Reset_Handler
 .text.Default_Handler
                0x080012f4        0x2 CMakeFiles/01_BASIC.elf.dir/startup/startup_stm32f446xx.s.obj
                0x080012f4                RTC_Alarm_IRQHandler
                0x080012f4                EXTI2_IRQHandler
                0x080012f4                TIM8_CC_IRQHandler
                0x080012f4                FMPI2C1_EV_IRQHandler
                0x080012f4                SPI4_IRQHandler
                0x080012f4                TIM1_CC_IRQHandler
                0x080012f4                DMA2_Stream5_IRQHandler
                0x080012f4                DMA1_Stream5_IRQHandler
                0x080012f4                PVD_IRQHandler
                0x080012f4                SDIO_IRQHandler
                0x080012f4                TAMP_STAMP_IRQHandler
                0x080012f4                CAN2_RX1_IRQHandler
                0x080012f4                EXTI3_IRQHandler
                0x080012f4                TIM8_TRG_COM_TIM14_IRQHandler
                0x080012f4                TIM1_UP_TIM10_IRQHandler
                0x080012f4                TIM8_UP_TIM13_IRQHandler
                0x080012f4                I2C3_ER_IRQHandler
                0x080012f4                I2C2_EV_IRQHandler
                0x080012f4                DMA1_Stream2_IRQHandler
                0x080012f4                CAN1_RX0_IRQHandler
                0x080012f4                FPU_IRQHandler
                0x080012f4                OTG_HS_WKUP_IRQHandler
                0x080012f4                CAN2_SCE_IRQHandler
                0x080012f4                DMA2_Stream2_IRQHandler
                0x080012f4                SPI1_IRQHandler
                0x080012f4                TIM6_DAC_IRQHandler
                0x080012f4                TIM1_BRK_TIM9_IRQHandler
                0x080012f4                DCMI_IRQHandler
                0x080012f4                CAN2_RX0_IRQHandler
                0x080012f4                DMA2_Stream3_IRQHandler
                0x080012f4                SAI2_IRQHandler
                0x080012f4                USART6_IRQHandler
                0x080012f4                USART3_IRQHandler
                0x080012f4                CAN1_RX1_IRQHandler
                0x080012f4                UART5_IRQHandler
                0x080012f4                DMA2_Stream0_IRQHandler
                0x080012f4                TIM4_IRQHandler
                0x080012f4                QUADSPI_IRQHandler
                0x080012f4                I2C1_EV_IRQHandler
                0x080012f4                DMA1_Stream6_IRQHandler
                0x080012f4                DMA1_Stream1_IRQHandler
                0x080012f4                UART4_IRQHandler
                0x080012f4                TIM3_IRQHandler
                0x080012f4                RCC_IRQHandler
                0x080012f4                TIM8_BRK_TIM12_IRQHandler
                0x080012f4                Default_Handler
                0x080012f4                CEC_IRQHandler
                0x080012f4                EXTI15_10_IRQHandler
                0x080012f4                ADC_IRQHandler
                0x080012f4                DMA1_Stream7_IRQHandler
                0x080012f4                TIM7_IRQHandler
                0x080012f4                CAN2_TX_IRQHandler
                0x080012f4                TIM5_IRQHandler
                0x080012f4                DMA2_Stream7_IRQHandler
                0x080012f4                I2C3_EV_IRQHandler
                0x080012f4                EXTI9_5_IRQHandler
                0x080012f4                RTC_WKUP_IRQHandler
                0x080012f4                SPDIF_RX_IRQHandler
                0x080012f4                SPI2_IRQHandler
                0x080012f4                OTG_HS_EP1_IN_IRQHandler
                0x080012f4                DMA1_Stream0_IRQHandler
                0x080012f4                CAN1_TX_IRQHandler
                0x080012f4                FMPI2C1_ER_IRQHandler
                0x080012f4                EXTI4_IRQHandler
                0x080012f4                OTG_HS_EP1_OUT_IRQHandler
                0x080012f4                WWDG_IRQHandler
                0x080012f4                TIM2_IRQHandler
                0x080012f4                OTG_FS_WKUP_IRQHandler
                0x080012f4                TIM1_TRG_COM_TIM11_IRQHandler
                0x080012f4                OTG_HS_IRQHandler
                0x080012f4                USART2_IRQHandler
                0x080012f4                I2C2_ER_IRQHandler
                0x080012f4                DMA2_Stream1_IRQHandler
                0x080012f4                CAN1_SCE_IRQHandler
                0x080012f4                FLASH_IRQHandler
                0x080012f4                DMA2_Stream4_IRQHandler
                0x080012f4                USART1_IRQHandler
                0x080012f4                OTG_FS_IRQHandler
                0x080012f4                SPI3_IRQHandler
                0x080012f4                DMA1_Stream4_IRQHandler
                0x080012f4                I2C1_ER_IRQHandler
                0x080012f4                FMC_IRQHandler
                0x080012f4                DMA2_Stream6_IRQHandler
                0x080012f4                SAI1_IRQHandler
                0x080012f4                DMA1_Stream3_IRQHandler
 *fill*         0x080012f6        0x2 
 .text.__libc_init_array
                0x080012f8       0x48 c:/gcc-arm-none-eabi/gcc-arm-none-eabi-9-2019-q4-major-win32/bin/../lib/gcc/arm-none-eabi/9.2.1/../../../../arm-none-eabi/lib/thumb/v7e-m/nofp\libg.a(lib_a-init.o)
                0x080012f8                __libc_init_array
 .text.memset   0x08001340       0xa0 c:/gcc-arm-none-eabi/gcc-arm-none-eabi-9-2019-q4-major-win32/bin/../lib/gcc/arm-none-eabi/9.2.1/../../../../arm-none-eabi/lib/thumb/v7e-m/nofp\libg.a(lib_a-memset.o)
                0x08001340                memset
 .text.startup.register_fini
                0x080013e0       0x14 c:/gcc-arm-none-eabi/gcc-arm-none-eabi-9-2019-q4-major-win32/bin/../lib/gcc/arm-none-eabi/9.2.1/../../../../arm-none-eabi/lib/thumb/v7e-m/nofp\libg.a(lib_a-__call_atexit.o)
 .text.atexit   0x080013f4        0xc c:/gcc-arm-none-eabi/gcc-arm-none-eabi-9-2019-q4-major-win32/bin/../lib/gcc/arm-none-eabi/9.2.1/../../../../arm-none-eabi/lib/thumb/v7e-m/nofp\libg.a(lib_a-atexit.o)
                0x080013f4                atexit
 .text.__libc_fini_array
                0x08001400       0x2c c:/gcc-arm-none-eabi/gcc-arm-none-eabi-9-2019-q4-major-win32/bin/../lib/gcc/arm-none-eabi/9.2.1/../../../../arm-none-eabi/lib/thumb/v7e-m/nofp\libg.a(lib_a-fini.o)
                0x08001400                __libc_fini_array
 .text.__retarget_lock_acquire_recursive
                0x0800142c        0x4 c:/gcc-arm-none-eabi/gcc-arm-none-eabi-9-2019-q4-major-win32/bin/../lib/gcc/arm-none-eabi/9.2.1/../../../../arm-none-eabi/lib/thumb/v7e-m/nofp\libg.a(lib_a-lock.o)
                0x0800142c                __retarget_lock_acquire_recursive
 .text.__retarget_lock_release_recursive
                0x08001430        0x4 c:/gcc-arm-none-eabi/gcc-arm-none-eabi-9-2019-q4-major-win32/bin/../lib/gcc/arm-none-eabi/9.2.1/../../../../arm-none-eabi/lib/thumb/v7e-m/nofp\libg.a(lib_a-lock.o)
                0x08001430                __retarget_lock_release_recursive
 .text.__register_exitproc
                0x08001434       0x8c c:/gcc-arm-none-eabi/gcc-arm-none-eabi-9-2019-q4-major-win32/bin/../lib/gcc/arm-none-eabi/9.2.1/../../../../arm-none-eabi/lib/thumb/v7e-m/nofp\libg.a(lib_a-__atexit.o)
                0x08001434                __register_exitproc
 *(.glue_7)
 .glue_7        0x080014c0        0x0 linker stubs
 *(.glue_7t)
 .glue_7t       0x080014c0        0x0 linker stubs
 *(.eh_frame)
 .eh_frame      0x080014c0        0x0 c:/gcc-arm-none-eabi/gcc-arm-none-eabi-9-2019-q4-major-win32/bin/../lib/gcc/arm-none-eabi/9.2.1/thumb/v7e-m/nofp/crtbegin.o
 *(.init)
 .init          0x080014c0        0x4 c:/gcc-arm-none-eabi/gcc-arm-none-eabi-9-2019-q4-major-win32/bin/../lib/gcc/arm-none-eabi/9.2.1/thumb/v7e-m/nofp/crti.o
                0x080014c0                _init
 .init          0x080014c4        0x8 c:/gcc-arm-none-eabi/gcc-arm-none-eabi-9-2019-q4-major-win32/bin/../lib/gcc/arm-none-eabi/9.2.1/thumb/v7e-m/nofp/crtn.o
 *(.fini)
 .fini          0x080014cc        0x4 c:/gcc-arm-none-eabi/gcc-arm-none-eabi-9-2019-q4-major-win32/bin/../lib/gcc/arm-none-eabi/9.2.1/thumb/v7e-m/nofp/crti.o
                0x080014cc                _fini
 .fini          0x080014d0        0x8 c:/gcc-arm-none-eabi/gcc-arm-none-eabi-9-2019-q4-major-win32/bin/../lib/gcc/arm-none-eabi/9.2.1/thumb/v7e-m/nofp/crtn.o
                0x080014d8                . = ALIGN (0x4)
                0x080014d8                _etext = .

.vfp11_veneer   0x080014d8        0x0
 .vfp11_veneer  0x080014d8        0x0 linker stubs

.v4_bx          0x080014d8        0x0
 .v4_bx         0x080014d8        0x0 linker stubs

.iplt           0x080014d8        0x0
 .iplt          0x080014d8        0x0 c:/gcc-arm-none-eabi/gcc-arm-none-eabi-9-2019-q4-major-win32/bin/../lib/gcc/arm-none-eabi/9.2.1/thumb/v7e-m/nofp/crtbegin.o

.rodata         0x080014d8       0x28
                0x080014d8                . = ALIGN (0x4)
 *(.rodata)
 *(.rodata*)
 .rodata.interval_table
                0x080014d8       0x14 CMakeFiles/01_BASIC.elf.dir/Core/Src/main.c.obj
                0x080014d8                interval_table
 .rodata.AHBPrescTable
                0x080014ec       0x10 CMakeFiles/01_BASIC.elf.dir/Core/Src/system_stm32f4xx.c.obj
                0x080014ec                AHBPrescTable
 .rodata._global_impure_ptr
                0x080014fc        0x4 c:/gcc-arm-none-eabi/gcc-arm-none-eabi-9-2019-q4-major-win32/bin/../lib/gcc/arm-none-eabi/9.2.1/../../../../arm-none-eabi/lib/thumb/v7e-m/nofp\libg.a(lib_a-impure.o)
                0x080014fc                _global_impure_ptr
                0x08001500                . = ALIGN (0x4)

.ARM.extab
 *(.ARM.extab* .gnu.linkonce.armextab.*)

.ARM            0x08001500        0x8
                0x08001500                __exidx_start = .
 *(.ARM.exidx*)
 .ARM.exidx     0x08001500        0x8 c:/gcc-arm-none-eabi/gcc-arm-none-eabi-9-2019-q4-major-win32/bin/../lib/gcc/arm-none-eabi/9.2.1/thumb/v7e-m/nofp\libgcc.a(_udivmoddi4.o)
                0x08001508                __exidx_end = .

.rel.dyn        0x08001508        0x0
 .rel.iplt      0x08001508        0x0 c:/gcc-arm-none-eabi/gcc-arm-none-eabi-9-2019-q4-major-win32/bin/../lib/gcc/arm-none-eabi/9.2.1/thumb/v7e-m/nofp/crtbegin.o

.preinit_array  0x08001508        0x0
                0x08001508                PROVIDE (__preinit_array_start = .)
 *(.preinit_array*)
                0x08001508                PROVIDE (__preinit_array_end = .)

.init_array     0x08001508        0x8
                0x08001508                PROVIDE (__init_array_start = .)
 *(SORT_BY_NAME(.init_array.*))
 .init_array.00000
                0x08001508        0x4 c:/gcc-arm-none-eabi/gcc-arm-none-eabi-9-2019-q4-major-win32/bin/../lib/gcc/arm-none-eabi/9.2.1/../../../../arm-none-eabi/lib/thumb/v7e-m/nofp\libg.a(lib_a-__call_atexit.o)
 *(.init_array*)
 .init_array    0x0800150c        0x4 c:/gcc-arm-none-eabi/gcc-arm-none-eabi-9-2019-q4-major-win32/bin/../lib/gcc/arm-none-eabi/9.2.1/thumb/v7e-m/nofp/crtbegin.o
                0x08001510                PROVIDE (__init_array_end = .)

.fini_array     0x08001510        0x4
                0x08001510                PROVIDE (__fini_array_start = .)
 *(SORT_BY_NAME(.fini_array.*))
 *(.fini_array*)
 .fini_array    0x08001510        0x4 c:/gcc-arm-none-eabi/gcc-arm-none-eabi-9-2019-q4-major-win32/bin/../lib/gcc/arm-none-eabi/9.2.1/thumb/v7e-m/nofp/crtbegin.o
                0x08001514                PROVIDE (__fini_array_end = .)
                0x08001514                _sidata = LOADADDR (.data)

.data           0x20000000      0x46c load address 0x08001514
                0x20000000                . = ALIGN (0x4)
                0x20000000                _sdata = .
 *(.data)
 *(.data*)
 .data.LED_GPIO_Port
                0x20000000       0x20 CMakeFiles/01_BASIC.elf.dir/Core/Src/main.c.obj
                0x20000000                LED_GPIO_Port
 .data.LED_Pin  0x20000020       0x10 CMakeFiles/01_BASIC.elf.dir/Core/Src/main.c.obj
                0x20000020                LED_Pin
 .data.direction
                0x20000030        0x1 CMakeFiles/01_BASIC.elf.dir/Core/Src/main.c.obj
                0x20000030                direction
 .data.interval_index
                0x20000031        0x1 CMakeFiles/01_BASIC.elf.dir/Core/Src/main.c.obj
                0x20000031                interval_index
 *fill*         0x20000032        0x2 
 .data.SystemCoreClock
                0x20000034        0x4 CMakeFiles/01_BASIC.elf.dir/Core/Src/system_stm32f4xx.c.obj
                0x20000034                SystemCoreClock
 .data.uwTickFreq
                0x20000038        0x1 CMakeFiles/01_BASIC.elf.dir/Drivers/STM32F4xx_HAL_Driver/Src/stm32f4xx_hal.c.obj
                0x20000038                uwTickFreq
 *fill*         0x20000039        0x3 
 .data.uwTickPrio
                0x2000003c        0x4 CMakeFiles/01_BASIC.elf.dir/Drivers/STM32F4xx_HAL_Driver/Src/stm32f4xx_hal.c.obj
                0x2000003c                uwTickPrio
 .data.impure_data
                0x20000040      0x428 c:/gcc-arm-none-eabi/gcc-arm-none-eabi-9-2019-q4-major-win32/bin/../lib/gcc/arm-none-eabi/9.2.1/../../../../arm-none-eabi/lib/thumb/v7e-m/nofp\libg.a(lib_a-impure.o)
 .data.__atexit_recursive_mutex
                0x20000468        0x4 c:/gcc-arm-none-eabi/gcc-arm-none-eabi-9-2019-q4-major-win32/bin/../lib/gcc/arm-none-eabi/9.2.1/../../../../arm-none-eabi/lib/thumb/v7e-m/nofp\libg.a(lib_a-__call_atexit.o)
                0x20000468                __atexit_recursive_mutex
                0x2000046c                . = ALIGN (0x4)
                0x2000046c                _edata = .

.igot.plt       0x2000046c        0x0 load address 0x08001980
 .igot.plt      0x2000046c        0x0 c:/gcc-arm-none-eabi/gcc-arm-none-eabi-9-2019-q4-major-win32/bin/../lib/gcc/arm-none-eabi/9.2.1/thumb/v7e-m/nofp/crtbegin.o
                0x2000046c                . = ALIGN (0x4)

.bss            0x2000046c       0x48 load address 0x08001980
                0x2000046c                _sbss = .
                0x2000046c                __bss_start__ = _sbss
 *(.bss)
 .bss           0x2000046c       0x1c c:/gcc-arm-none-eabi/gcc-arm-none-eabi-9-2019-q4-major-win32/bin/../lib/gcc/arm-none-eabi/9.2.1/thumb/v7e-m/nofp/crtbegin.o
 *(.bss*)
 .bss.mode      0x20000488        0x1 CMakeFiles/01_BASIC.elf.dir/Core/Src/main.c.obj
                0x20000488                mode
 *fill*         0x20000489        0x3 
 .bss.uwTick    0x2000048c        0x4 CMakeFiles/01_BASIC.elf.dir/Drivers/STM32F4xx_HAL_Driver/Src/stm32f4xx_hal.c.obj
                0x2000048c                uwTick
 *(COMMON)
 COMMON         0x20000490       0x21 c:/gcc-arm-none-eabi/gcc-arm-none-eabi-9-2019-q4-major-win32/bin/../lib/gcc/arm-none-eabi/9.2.1/../../../../arm-none-eabi/lib/thumb/v7e-m/nofp\libg.a(lib_a-lock.o)
                0x20000490                __lock___atexit_recursive_mutex
                0x20000494                __lock___arc4random_mutex
                0x20000498                __lock___env_recursive_mutex
                0x2000049c                __lock___sinit_recursive_mutex
                0x200004a0                __lock___malloc_recursive_mutex
                0x200004a4                __lock___at_quick_exit_mutex
                0x200004a8                __lock___dd_hash_mutex
                0x200004ac                __lock___tz_mutex
                0x200004b0                __lock___sfp_recursive_mutex
                0x200004b4                . = ALIGN (0x4)
 *fill*         0x200004b1        0x3 
                0x200004b4                _ebss = .
                0x200004b4                __bss_end__ = _ebss

._user_heap_stack
                0x200004b4      0x604 load address 0x08001980
                0x200004b8                . = ALIGN (0x8)
 *fill*         0x200004b4        0x4 
                0x200004b8                PROVIDE (end = .)
                [!provide]                PROVIDE (_end = .)
                0x200006b8                . = (. + _Min_Heap_Size)
 *fill*         0x200004b8      0x200 
                0x20000ab8                . = (. + _Min_Stack_Size)
 *fill*         0x200006b8      0x400 
                0x20000ab8                . = ALIGN (0x8)

/DISCARD/
 libc.a(*)
 libm.a(*)
 libgcc.a(*)

.ARM.attributes
                0x00000000       0x2a
 *(.ARM.attributes)
 .ARM.attributes
                0x00000000       0x1e c:/gcc-arm-none-eabi/gcc-arm-none-eabi-9-2019-q4-major-win32/bin/../lib/gcc/arm-none-eabi/9.2.1/thumb/v7e-m/nofp/crti.o
 .ARM.attributes
                0x0000001e       0x2e c:/gcc-arm-none-eabi/gcc-arm-none-eabi-9-2019-q4-major-win32/bin/../lib/gcc/arm-none-eabi/9.2.1/thumb/v7e-m/nofp/crtbegin.o
 .ARM.attributes
                0x0000004c       0x2e CMakeFiles/01_BASIC.elf.dir/Core/Src/main.c.obj
 .ARM.attributes
                0x0000007a       0x2e CMakeFiles/01_BASIC.elf.dir/Core/Src/stm32f4xx_hal_msp.c.obj
 .ARM.attributes
                0x000000a8       0x2e CMakeFiles/01_BASIC.elf.dir/Core/Src/stm32f4xx_it.c.obj
 .ARM.attributes
                0x000000d6       0x2e CMakeFiles/01_BASIC.elf.dir/Core/Src/system_stm32f4xx.c.obj
 .ARM.attributes
                0x00000104       0x2e CMakeFiles/01_BASIC.elf.dir/Drivers/STM32F4xx_HAL_Driver/Src/stm32f4xx_hal.c.obj
 .ARM.attributes
                0x00000132       0x2e CMakeFiles/01_BASIC.elf.dir/Drivers/STM32F4xx_HAL_Driver/Src/stm32f4xx_hal_cortex.c.obj
 .ARM.attributes
                0x00000160       0x2e CMakeFiles/01_BASIC.elf.dir/Drivers/STM32F4xx_HAL_Driver/Src/stm32f4xx_hal_gpio.c.obj
 .ARM.attributes
                0x0000018e       0x2e CMakeFiles/01_BASIC.elf.dir/Drivers/STM32F4xx_HAL_Driver/Src/stm32f4xx_hal_rcc.c.obj
 .ARM.attributes
                0x000001bc       0x2e CMakeFiles/01_BASIC.elf.dir/Drivers/STM32F4xx_HAL_Driver/Src/stm32f4xx_hal_rcc_ex.c.obj
 .ARM.attributes
                0x000001ea       0x21 CMakeFiles/01_BASIC.elf.dir/startup/startup_stm32f446xx.s.obj
 .ARM.attributes
                0x0000020b       0x1e c:/gcc-arm-none-eabi/gcc-arm-none-eabi-9-2019-q4-major-win32/bin/../lib/gcc/arm-none-eabi/9.2.1/thumb/v7e-m/nofp\libgcc.a(_aeabi_uldivmod.o)
 .ARM.attributes
                0x00000229       0x2e c:/gcc-arm-none-eabi/gcc-arm-none-eabi-9-2019-q4-major-win32/bin/../lib/gcc/arm-none-eabi/9.2.1/thumb/v7e-m/nofp\libgcc.a(_udivmoddi4.o)
 .ARM.attributes
                0x00000257       0x1e c:/gcc-arm-none-eabi/gcc-arm-none-eabi-9-2019-q4-major-win32/bin/../lib/gcc/arm-none-eabi/9.2.1/thumb/v7e-m/nofp\libgcc.a(_dvmd_tls.o)
 .ARM.attributes
                0x00000275       0x2e c:/gcc-arm-none-eabi/gcc-arm-none-eabi-9-2019-q4-major-win32/bin/../lib/gcc/arm-none-eabi/9.2.1/../../../../arm-none-eabi/lib/thumb/v7e-m/nofp\libg.a(lib_a-impure.o)
 .ARM.attributes
                0x000002a3       0x2e c:/gcc-arm-none-eabi/gcc-arm-none-eabi-9-2019-q4-major-win32/bin/../lib/gcc/arm-none-eabi/9.2.1/../../../../arm-none-eabi/lib/thumb/v7e-m/nofp\libg.a(lib_a-init.o)
 .ARM.attributes
                0x000002d1       0x2e c:/gcc-arm-none-eabi/gcc-arm-none-eabi-9-2019-q4-major-win32/bin/../lib/gcc/arm-none-eabi/9.2.1/../../../../arm-none-eabi/lib/thumb/v7e-m/nofp\libg.a(lib_a-memset.o)
 .ARM.attributes
                0x000002ff       0x2e c:/gcc-arm-none-eabi/gcc-arm-none-eabi-9-2019-q4-major-win32/bin/../lib/gcc/arm-none-eabi/9.2.1/../../../../arm-none-eabi/lib/thumb/v7e-m/nofp\libg.a(lib_a-__call_atexit.o)
 .ARM.attributes
                0x0000032d       0x2e c:/gcc-arm-none-eabi/gcc-arm-none-eabi-9-2019-q4-major-win32/bin/../lib/gcc/arm-none-eabi/9.2.1/../../../../arm-none-eabi/lib/thumb/v7e-m/nofp\libg.a(lib_a-atexit.o)
 .ARM.attributes
                0x0000035b       0x2e c:/gcc-arm-none-eabi/gcc-arm-none-eabi-9-2019-q4-major-win32/bin/../lib/gcc/arm-none-eabi/9.2.1/../../../../arm-none-eabi/lib/thumb/v7e-m/nofp\libg.a(lib_a-fini.o)
 .ARM.attributes
                0x00000389       0x2e c:/gcc-arm-none-eabi/gcc-arm-none-eabi-9-2019-q4-major-win32/bin/../lib/gcc/arm-none-eabi/9.2.1/../../../../arm-none-eabi/lib/thumb/v7e-m/nofp\libg.a(lib_a-lock.o)
 .ARM.attributes
                0x000003b7       0x2e c:/gcc-arm-none-eabi/gcc-arm-none-eabi-9-2019-q4-major-win32/bin/../lib/gcc/arm-none-eabi/9.2.1/../../../../arm-none-eabi/lib/thumb/v7e-m/nofp\libg.a(lib_a-__atexit.o)
 .ARM.attributes
                0x000003e5       0x1e c:/gcc-arm-none-eabi/gcc-arm-none-eabi-9-2019-q4-major-win32/bin/../lib/gcc/arm-none-eabi/9.2.1/thumb/v7e-m/nofp/crtn.o
OUTPUT(01_BASIC.elf elf32-littlearm)

.debug_info     0x00000000     0x56b3
 .debug_info    0x00000000      0xdbe CMakeFiles/01_BASIC.elf.dir/Core/Src/main.c.obj
 .debug_info    0x00000dbe      0x3c8 CMakeFiles/01_BASIC.elf.dir/Core/Src/stm32f4xx_hal_msp.c.obj
 .debug_info    0x00001186      0x2a8 CMakeFiles/01_BASIC.elf.dir/Core/Src/stm32f4xx_it.c.obj
 .debug_info    0x0000142e      0x436 CMakeFiles/01_BASIC.elf.dir/Core/Src/system_stm32f4xx.c.obj
 .debug_info    0x00001864      0xacf CMakeFiles/01_BASIC.elf.dir/Drivers/STM32F4xx_HAL_Driver/Src/stm32f4xx_hal.c.obj
 .debug_info    0x00002333     0x1172 CMakeFiles/01_BASIC.elf.dir/Drivers/STM32F4xx_HAL_Driver/Src/stm32f4xx_hal_cortex.c.obj
 .debug_info    0x000034a5      0x8d8 CMakeFiles/01_BASIC.elf.dir/Drivers/STM32F4xx_HAL_Driver/Src/stm32f4xx_hal_gpio.c.obj
 .debug_info    0x00003d7d      0xba2 CMakeFiles/01_BASIC.elf.dir/Drivers/STM32F4xx_HAL_Driver/Src/stm32f4xx_hal_rcc.c.obj
 .debug_info    0x0000491f      0xd72 CMakeFiles/01_BASIC.elf.dir/Drivers/STM32F4xx_HAL_Driver/Src/stm32f4xx_hal_rcc_ex.c.obj
 .debug_info    0x00005691       0x22 CMakeFiles/01_BASIC.elf.dir/startup/startup_stm32f446xx.s.obj

.debug_abbrev   0x00000000     0x12c5
 .debug_abbrev  0x00000000      0x28f CMakeFiles/01_BASIC.elf.dir/Core/Src/main.c.obj
 .debug_abbrev  0x0000028f      0x11a CMakeFiles/01_BASIC.elf.dir/Core/Src/stm32f4xx_hal_msp.c.obj
 .debug_abbrev  0x000003a9      0x106 CMakeFiles/01_BASIC.elf.dir/Core/Src/stm32f4xx_it.c.obj
 .debug_abbrev  0x000004af      0x148 CMakeFiles/01_BASIC.elf.dir/Core/Src/system_stm32f4xx.c.obj
 .debug_abbrev  0x000005f7      0x219 CMakeFiles/01_BASIC.elf.dir/Drivers/STM32F4xx_HAL_Driver/Src/stm32f4xx_hal.c.obj
 .debug_abbrev  0x00000810      0x390 CMakeFiles/01_BASIC.elf.dir/Drivers/STM32F4xx_HAL_Driver/Src/stm32f4xx_hal_cortex.c.obj
 .debug_abbrev  0x00000ba0      0x21c CMakeFiles/01_BASIC.elf.dir/Drivers/STM32F4xx_HAL_Driver/Src/stm32f4xx_hal_gpio.c.obj
 .debug_abbrev  0x00000dbc      0x2ae CMakeFiles/01_BASIC.elf.dir/Drivers/STM32F4xx_HAL_Driver/Src/stm32f4xx_hal_rcc.c.obj
 .debug_abbrev  0x0000106a      0x249 CMakeFiles/01_BASIC.elf.dir/Drivers/STM32F4xx_HAL_Driver/Src/stm32f4xx_hal_rcc_ex.c.obj
 .debug_abbrev  0x000012b3       0x12 CMakeFiles/01_BASIC.elf.dir/startup/startup_stm32f446xx.s.obj

.debug_loc      0x00000000     0x23ea
 .debug_loc     0x00000000       0xcc CMakeFiles/01_BASIC.elf.dir/Core/Src/main.c.obj
 .debug_loc     0x000000cc      0x16c CMakeFiles/01_BASIC.elf.dir/Core/Src/system_stm32f4xx.c.obj
 .debug_loc     0x00000238      0x141 CMakeFiles/01_BASIC.elf.dir/Drivers/STM32F4xx_HAL_Driver/Src/stm32f4xx_hal.c.obj
 .debug_loc     0x00000379      0x744 CMakeFiles/01_BASIC.elf.dir/Drivers/STM32F4xx_HAL_Driver/Src/stm32f4xx_hal_cortex.c.obj
 .debug_loc     0x00000abd      0x513 CMakeFiles/01_BASIC.elf.dir/Drivers/STM32F4xx_HAL_Driver/Src/stm32f4xx_hal_gpio.c.obj
 .debug_loc     0x00000fd0      0x56f CMakeFiles/01_BASIC.elf.dir/Drivers/STM32F4xx_HAL_Driver/Src/stm32f4xx_hal_rcc.c.obj
 .debug_loc     0x0000153f      0xeab CMakeFiles/01_BASIC.elf.dir/Drivers/STM32F4xx_HAL_Driver/Src/stm32f4xx_hal_rcc_ex.c.obj

.debug_aranges  0x00000000      0x410
 .debug_aranges
                0x00000000       0x40 CMakeFiles/01_BASIC.elf.dir/Core/Src/main.c.obj
 .debug_aranges
                0x00000040       0x20 CMakeFiles/01_BASIC.elf.dir/Core/Src/stm32f4xx_hal_msp.c.obj
 .debug_aranges
                0x00000060       0x70 CMakeFiles/01_BASIC.elf.dir/Core/Src/stm32f4xx_it.c.obj
 .debug_aranges
                0x000000d0       0x28 CMakeFiles/01_BASIC.elf.dir/Core/Src/system_stm32f4xx.c.obj
 .debug_aranges
                0x000000f8       0xf0 CMakeFiles/01_BASIC.elf.dir/Drivers/STM32F4xx_HAL_Driver/Src/stm32f4xx_hal.c.obj
 .debug_aranges
                0x000001e8       0xa8 CMakeFiles/01_BASIC.elf.dir/Drivers/STM32F4xx_HAL_Driver/Src/stm32f4xx_hal_cortex.c.obj
 .debug_aranges
                0x00000290       0x58 CMakeFiles/01_BASIC.elf.dir/Drivers/STM32F4xx_HAL_Driver/Src/stm32f4xx_hal_gpio.c.obj
 .debug_aranges
                0x000002e8       0x88 CMakeFiles/01_BASIC.elf.dir/Drivers/STM32F4xx_HAL_Driver/Src/stm32f4xx_hal_rcc.c.obj
 .debug_aranges
                0x00000370       0x78 CMakeFiles/01_BASIC.elf.dir/Drivers/STM32F4xx_HAL_Driver/Src/stm32f4xx_hal_rcc_ex.c.obj
 .debug_aranges
                0x000003e8       0x28 CMakeFiles/01_BASIC.elf.dir/startup/startup_stm32f446xx.s.obj

.debug_ranges   0x00000000      0x408
 .debug_ranges  0x00000000       0x30 CMakeFiles/01_BASIC.elf.dir/Core/Src/main.c.obj
 .debug_ranges  0x00000030       0x10 CMakeFiles/01_BASIC.elf.dir/Core/Src/stm32f4xx_hal_msp.c.obj
 .debug_ranges  0x00000040       0x60 CMakeFiles/01_BASIC.elf.dir/Core/Src/stm32f4xx_it.c.obj
 .debug_ranges  0x000000a0       0x18 CMakeFiles/01_BASIC.elf.dir/Core/Src/system_stm32f4xx.c.obj
 .debug_ranges  0x000000b8       0xe0 CMakeFiles/01_BASIC.elf.dir/Drivers/STM32F4xx_HAL_Driver/Src/stm32f4xx_hal.c.obj
 .debug_ranges  0x00000198       0xf8 CMakeFiles/01_BASIC.elf.dir/Drivers/STM32F4xx_HAL_Driver/Src/stm32f4xx_hal_cortex.c.obj
 .debug_ranges  0x00000290       0x48 CMakeFiles/01_BASIC.elf.dir/Drivers/STM32F4xx_HAL_Driver/Src/stm32f4xx_hal_gpio.c.obj
 .debug_ranges  0x000002d8       0x90 CMakeFiles/01_BASIC.elf.dir/Drivers/STM32F4xx_HAL_Driver/Src/stm32f4xx_hal_rcc.c.obj
 .debug_ranges  0x00000368       0x80 CMakeFiles/01_BASIC.elf.dir/Drivers/STM32F4xx_HAL_Driver/Src/stm32f4xx_hal_rcc_ex.c.obj
 .debug_ranges  0x000003e8       0x20 CMakeFiles/01_BASIC.elf.dir/startup/startup_stm32f446xx.s.obj

.debug_line     0x00000000     0x46ad
 .debug_line    0x00000000      0x5cc CMakeFiles/01_BASIC.elf.dir/Core/Src/main.c.obj
 .debug_line    0x000005cc      0x288 CMakeFiles/01_BASIC.elf.dir/Core/Src/stm32f4xx_hal_msp.c.obj
 .debug_line    0x00000854      0x3a4 CMakeFiles/01_BASIC.elf.dir/Core/Src/stm32f4xx_it.c.obj
 .debug_line    0x00000bf8      0x33d CMakeFiles/01_BASIC.elf.dir/Core/Src/system_stm32f4xx.c.obj
 .debug_line    0x00000f35      0x625 CMakeFiles/01_BASIC.elf.dir/Drivers/STM32F4xx_HAL_Driver/Src/stm32f4xx_hal.c.obj
 .debug_line    0x0000155a      0x862 CMakeFiles/01_BASIC.elf.dir/Drivers/STM32F4xx_HAL_Driver/Src/stm32f4xx_hal_cortex.c.obj
 .debug_line    0x00001dbc      0x7e5 CMakeFiles/01_BASIC.elf.dir/Drivers/STM32F4xx_HAL_Driver/Src/stm32f4xx_hal_gpio.c.obj
 .debug_line    0x000025a1      0xbf9 CMakeFiles/01_BASIC.elf.dir/Drivers/STM32F4xx_HAL_Driver/Src/stm32f4xx_hal_rcc.c.obj
 .debug_line    0x0000319a     0x146a CMakeFiles/01_BASIC.elf.dir/Drivers/STM32F4xx_HAL_Driver/Src/stm32f4xx_hal_rcc_ex.c.obj
 .debug_line    0x00004604       0xa9 CMakeFiles/01_BASIC.elf.dir/startup/startup_stm32f446xx.s.obj

.debug_str      0x00000000     0x1c50
 .debug_str     0x00000000      0xbeb CMakeFiles/01_BASIC.elf.dir/Core/Src/main.c.obj
                                0xc73 (size before relaxing)
 .debug_str     0x00000beb       0x54 CMakeFiles/01_BASIC.elf.dir/Core/Src/stm32f4xx_hal_msp.c.obj
                                0x422 (size before relaxing)
 .debug_str     0x00000c3f      0x11a CMakeFiles/01_BASIC.elf.dir/Core/Src/stm32f4xx_it.c.obj
                                0x3d4 (size before relaxing)
 .debug_str     0x00000d59       0x83 CMakeFiles/01_BASIC.elf.dir/Core/Src/system_stm32f4xx.c.obj
                                0x44a (size before relaxing)
 .debug_str     0x00000ddc      0x2fe CMakeFiles/01_BASIC.elf.dir/Drivers/STM32F4xx_HAL_Driver/Src/stm32f4xx_hal.c.obj
                                0xc71 (size before relaxing)
 .debug_str     0x000010da      0x4ce CMakeFiles/01_BASIC.elf.dir/Drivers/STM32F4xx_HAL_Driver/Src/stm32f4xx_hal_cortex.c.obj
                                0xd8b (size before relaxing)
 .debug_str     0x000015a8      0x127 CMakeFiles/01_BASIC.elf.dir/Drivers/STM32F4xx_HAL_Driver/Src/stm32f4xx_hal_gpio.c.obj
                                0x635 (size before relaxing)
 .debug_str     0x000016cf      0x1bb CMakeFiles/01_BASIC.elf.dir/Drivers/STM32F4xx_HAL_Driver/Src/stm32f4xx_hal_rcc.c.obj
                                0x818 (size before relaxing)
 .debug_str     0x0000188a      0x36f CMakeFiles/01_BASIC.elf.dir/Drivers/STM32F4xx_HAL_Driver/Src/stm32f4xx_hal_rcc_ex.c.obj
                                0x91b (size before relaxing)
 .debug_str     0x00001bf9       0x57 CMakeFiles/01_BASIC.elf.dir/startup/startup_stm32f446xx.s.obj
                                 0x94 (size before relaxing)

.comment        0x00000000       0x79
 .comment       0x00000000       0x79 CMakeFiles/01_BASIC.elf.dir/Core/Src/main.c.obj
                                 0x7a (size before relaxing)
 .comment       0x00000079       0x7a CMakeFiles/01_BASIC.elf.dir/Core/Src/stm32f4xx_hal_msp.c.obj
 .comment       0x00000079       0x7a CMakeFiles/01_BASIC.elf.dir/Core/Src/stm32f4xx_it.c.obj
 .comment       0x00000079       0x7a CMakeFiles/01_BASIC.elf.dir/Core/Src/system_stm32f4xx.c.obj
 .comment       0x00000079       0x7a CMakeFiles/01_BASIC.elf.dir/Drivers/STM32F4xx_HAL_Driver/Src/stm32f4xx_hal.c.obj
 .comment       0x00000079       0x7a CMakeFiles/01_BASIC.elf.dir/Drivers/STM32F4xx_HAL_Driver/Src/stm32f4xx_hal_cortex.c.obj
 .comment       0x00000079       0x7a CMakeFiles/01_BASIC.elf.dir/Drivers/STM32F4xx_HAL_Driver/Src/stm32f4xx_hal_gpio.c.obj
 .comment       0x00000079       0x7a CMakeFiles/01_BASIC.elf.dir/Drivers/STM32F4xx_HAL_Driver/Src/stm32f4xx_hal_rcc.c.obj
 .comment       0x00000079       0x7a CMakeFiles/01_BASIC.elf.dir/Drivers/STM32F4xx_HAL_Driver/Src/stm32f4xx_hal_rcc_ex.c.obj

.debug_frame    0x00000000      0xb10
 .debug_frame   0x00000000       0xa0 CMakeFiles/01_BASIC.elf.dir/Core/Src/main.c.obj
 .debug_frame   0x000000a0       0x28 CMakeFiles/01_BASIC.elf.dir/Core/Src/stm32f4xx_hal_msp.c.obj
 .debug_frame   0x000000c8       0xd8 CMakeFiles/01_BASIC.elf.dir/Core/Src/stm32f4xx_it.c.obj
 .debug_frame   0x000001a0       0x30 CMakeFiles/01_BASIC.elf.dir/Core/Src/system_stm32f4xx.c.obj
 .debug_frame   0x000001d0      0x1ec CMakeFiles/01_BASIC.elf.dir/Drivers/STM32F4xx_HAL_Driver/Src/stm32f4xx_hal.c.obj
 .debug_frame   0x000003bc      0x15c CMakeFiles/01_BASIC.elf.dir/Drivers/STM32F4xx_HAL_Driver/Src/stm32f4xx_hal_cortex.c.obj
 .debug_frame   0x00000518       0xd8 CMakeFiles/01_BASIC.elf.dir/Drivers/STM32F4xx_HAL_Driver/Src/stm32f4xx_hal_gpio.c.obj
 .debug_frame   0x000005f0      0x174 CMakeFiles/01_BASIC.elf.dir/Drivers/STM32F4xx_HAL_Driver/Src/stm32f4xx_hal_rcc.c.obj
 .debug_frame   0x00000764      0x154 CMakeFiles/01_BASIC.elf.dir/Drivers/STM32F4xx_HAL_Driver/Src/stm32f4xx_hal_rcc_ex.c.obj
 .debug_frame   0x000008b8       0x2c c:/gcc-arm-none-eabi/gcc-arm-none-eabi-9-2019-q4-major-win32/bin/../lib/gcc/arm-none-eabi/9.2.1/thumb/v7e-m/nofp\libgcc.a(_aeabi_uldivmod.o)
 .debug_frame   0x000008e4       0x34 c:/gcc-arm-none-eabi/gcc-arm-none-eabi-9-2019-q4-major-win32/bin/../lib/gcc/arm-none-eabi/9.2.1/thumb/v7e-m/nofp\libgcc.a(_udivmoddi4.o)
 .debug_frame   0x00000918       0x2c c:/gcc-arm-none-eabi/gcc-arm-none-eabi-9-2019-q4-major-win32/bin/../lib/gcc/arm-none-eabi/9.2.1/../../../../arm-none-eabi/lib/thumb/v7e-m/nofp\libg.a(lib_a-init.o)
 .debug_frame   0x00000944       0x38 c:/gcc-arm-none-eabi/gcc-arm-none-eabi-9-2019-q4-major-win32/bin/../lib/gcc/arm-none-eabi/9.2.1/../../../../arm-none-eabi/lib/thumb/v7e-m/nofp\libg.a(lib_a-memset.o)
 .debug_frame   0x0000097c       0x5c c:/gcc-arm-none-eabi/gcc-arm-none-eabi-9-2019-q4-major-win32/bin/../lib/gcc/arm-none-eabi/9.2.1/../../../../arm-none-eabi/lib/thumb/v7e-m/nofp\libg.a(lib_a-__call_atexit.o)
 .debug_frame   0x000009d8       0x20 c:/gcc-arm-none-eabi/gcc-arm-none-eabi-9-2019-q4-major-win32/bin/../lib/gcc/arm-none-eabi/9.2.1/../../../../arm-none-eabi/lib/thumb/v7e-m/nofp\libg.a(lib_a-atexit.o)
 .debug_frame   0x000009f8       0x34 c:/gcc-arm-none-eabi/gcc-arm-none-eabi-9-2019-q4-major-win32/bin/../lib/gcc/arm-none-eabi/9.2.1/../../../../arm-none-eabi/lib/thumb/v7e-m/nofp\libg.a(lib_a-fini.o)
 .debug_frame   0x00000a2c       0xb0 c:/gcc-arm-none-eabi/gcc-arm-none-eabi-9-2019-q4-major-win32/bin/../lib/gcc/arm-none-eabi/9.2.1/../../../../arm-none-eabi/lib/thumb/v7e-m/nofp\libg.a(lib_a-lock.o)
 .debug_frame   0x00000adc       0x34 c:/gcc-arm-none-eabi/gcc-arm-none-eabi-9-2019-q4-major-win32/bin/../lib/gcc/arm-none-eabi/9.2.1/../../../../arm-none-eabi/lib/thumb/v7e-m/nofp\libg.a(lib_a-__atexit.o)
