Archive member included to satisfy reference by file (symbol)

c:/gcc-arm-none-eabi/gcc-arm-none-eabi-9-2019-q4-major-win32/bin/../lib/gcc/arm-none-eabi/9.2.1/thumb/v7e-m/nofp\libgcc.a(_aeabi_uldivmod.o)
                              CMakeFiles/03_EXPLORE.elf.dir/Drivers/STM32F4xx_HAL_Driver/Src/stm32f4xx_hal_rcc.c.obj (__aeabi_uldivmod)
c:/gcc-arm-none-eabi/gcc-arm-none-eabi-9-2019-q4-major-win32/bin/../lib/gcc/arm-none-eabi/9.2.1/thumb/v7e-m/nofp\libgcc.a(_udivmoddi4.o)
                              c:/gcc-arm-none-eabi/gcc-arm-none-eabi-9-2019-q4-major-win32/bin/../lib/gcc/arm-none-eabi/9.2.1/thumb/v7e-m/nofp\libgcc.a(_aeabi_uldivmod.o) (__udivmoddi4)
c:/gcc-arm-none-eabi/gcc-arm-none-eabi-9-2019-q4-major-win32/bin/../lib/gcc/arm-none-eabi/9.2.1/thumb/v7e-m/nofp\libgcc.a(_dvmd_tls.o)
                              c:/gcc-arm-none-eabi/gcc-arm-none-eabi-9-2019-q4-major-win32/bin/../lib/gcc/arm-none-eabi/9.2.1/thumb/v7e-m/nofp\libgcc.a(_aeabi_uldivmod.o) (__aeabi_ldiv0)
c:/gcc-arm-none-eabi/gcc-arm-none-eabi-9-2019-q4-major-win32/bin/../lib/gcc/arm-none-eabi/9.2.1/../../../../arm-none-eabi/lib/thumb/v7e-m/nofp\libg.a(lib_a-errno.o)
                              CMakeFiles/03_EXPLORE.elf.dir/Core/Src/syscalls.c.obj (__errno)
c:/gcc-arm-none-eabi/gcc-arm-none-eabi-9-2019-q4-major-win32/bin/../lib/gcc/arm-none-eabi/9.2.1/../../../../arm-none-eabi/lib/thumb/v7e-m/nofp\libg.a(lib_a-exit.o)
                              c:/gcc-arm-none-eabi/gcc-arm-none-eabi-9-2019-q4-major-win32/bin/../lib/gcc/arm-none-eabi/9.2.1/../../../../arm-none-eabi/lib/thumb/v7e-m/nofp/crt0.o (exit)
c:/gcc-arm-none-eabi/gcc-arm-none-eabi-9-2019-q4-major-win32/bin/../lib/gcc/arm-none-eabi/9.2.1/../../../../arm-none-eabi/lib/thumb/v7e-m/nofp\libg.a(lib_a-impure.o)
                              c:/gcc-arm-none-eabi/gcc-arm-none-eabi-9-2019-q4-major-win32/bin/../lib/gcc/arm-none-eabi/9.2.1/../../../../arm-none-eabi/lib/thumb/v7e-m/nofp\libg.a(lib_a-exit.o) (_global_impure_ptr)
c:/gcc-arm-none-eabi/gcc-arm-none-eabi-9-2019-q4-major-win32/bin/../lib/gcc/arm-none-eabi/9.2.1/../../../../arm-none-eabi/lib/thumb/v7e-m/nofp\libg.a(lib_a-init.o)
                              c:/gcc-arm-none-eabi/gcc-arm-none-eabi-9-2019-q4-major-win32/bin/../lib/gcc/arm-none-eabi/9.2.1/../../../../arm-none-eabi/lib/thumb/v7e-m/nofp/crt0.o (__libc_init_array)
c:/gcc-arm-none-eabi/gcc-arm-none-eabi-9-2019-q4-major-win32/bin/../lib/gcc/arm-none-eabi/9.2.1/../../../../arm-none-eabi/lib/thumb/v7e-m/nofp\libg.a(lib_a-memset.o)
                              c:/gcc-arm-none-eabi/gcc-arm-none-eabi-9-2019-q4-major-win32/bin/../lib/gcc/arm-none-eabi/9.2.1/../../../../arm-none-eabi/lib/thumb/v7e-m/nofp/crt0.o (memset)
c:/gcc-arm-none-eabi/gcc-arm-none-eabi-9-2019-q4-major-win32/bin/../lib/gcc/arm-none-eabi/9.2.1/../../../../arm-none-eabi/lib/thumb/v7e-m/nofp\libg.a(lib_a-__call_atexit.o)
                              c:/gcc-arm-none-eabi/gcc-arm-none-eabi-9-2019-q4-major-win32/bin/../lib/gcc/arm-none-eabi/9.2.1/../../../../arm-none-eabi/lib/thumb/v7e-m/nofp\libg.a(lib_a-exit.o) (__call_exitprocs)
c:/gcc-arm-none-eabi/gcc-arm-none-eabi-9-2019-q4-major-win32/bin/../lib/gcc/arm-none-eabi/9.2.1/../../../../arm-none-eabi/lib/thumb/v7e-m/nofp\libg.a(lib_a-atexit.o)
                              c:/gcc-arm-none-eabi/gcc-arm-none-eabi-9-2019-q4-major-win32/bin/../lib/gcc/arm-none-eabi/9.2.1/../../../../arm-none-eabi/lib/thumb/v7e-m/nofp\libg.a(lib_a-__call_atexit.o) (atexit)
c:/gcc-arm-none-eabi/gcc-arm-none-eabi-9-2019-q4-major-win32/bin/../lib/gcc/arm-none-eabi/9.2.1/../../../../arm-none-eabi/lib/thumb/v7e-m/nofp\libg.a(lib_a-fini.o)
                              c:/gcc-arm-none-eabi/gcc-arm-none-eabi-9-2019-q4-major-win32/bin/../lib/gcc/arm-none-eabi/9.2.1/../../../../arm-none-eabi/lib/thumb/v7e-m/nofp\libg.a(lib_a-__call_atexit.o) (__libc_fini_array)
c:/gcc-arm-none-eabi/gcc-arm-none-eabi-9-2019-q4-major-win32/bin/../lib/gcc/arm-none-eabi/9.2.1/../../../../arm-none-eabi/lib/thumb/v7e-m/nofp\libg.a(lib_a-lock.o)
                              c:/gcc-arm-none-eabi/gcc-arm-none-eabi-9-2019-q4-major-win32/bin/../lib/gcc/arm-none-eabi/9.2.1/../../../../arm-none-eabi/lib/thumb/v7e-m/nofp\libg.a(lib_a-__call_atexit.o) (__retarget_lock_acquire_recursive)
c:/gcc-arm-none-eabi/gcc-arm-none-eabi-9-2019-q4-major-win32/bin/../lib/gcc/arm-none-eabi/9.2.1/../../../../arm-none-eabi/lib/thumb/v7e-m/nofp\libg.a(lib_a-__atexit.o)
                              c:/gcc-arm-none-eabi/gcc-arm-none-eabi-9-2019-q4-major-win32/bin/../lib/gcc/arm-none-eabi/9.2.1/../../../../arm-none-eabi/lib/thumb/v7e-m/nofp\libg.a(lib_a-atexit.o) (__register_exitproc)

Allocating common symbols
Common symbol       size              file

__lock___atexit_recursive_mutex
                    0x1               c:/gcc-arm-none-eabi/gcc-arm-none-eabi-9-2019-q4-major-win32/bin/../lib/gcc/arm-none-eabi/9.2.1/../../../../arm-none-eabi/lib/thumb/v7e-m/nofp\libg.a(lib_a-lock.o)
__lock___arc4random_mutex
[...]
Memory Configuration

Name             Origin             Length             Attributes
RAM              0x20000000         0x00020000         xrw
FLASH            0x08000000         0x00080000         xr
*default*        0x00000000         0xffffffff

Linker script and memory map

LOAD c:/gcc-arm-none-eabi/gcc-arm-none-eabi-9-2019-q4-major-win32/bin/../lib/gcc/arm-none-eabi/9.2.1/thumb/v7e-m/nofp/crti.o
LOAD c:/gcc-arm-none-eabi/gcc-arm-none-eabi-9-2019-q4-major-win32/bin/../lib/gcc/arm-none-eabi/9.2.1/thumb/v7e-m/nofp/crtbegin.o
LOAD c:/gcc-arm-none-eabi/gcc-arm-none-eabi-9-2019-q4-major-win32/bin/../lib/gcc/arm-none-eabi/9.2.1/../../../../arm-none-eabi/lib/thumb/v7e-m/nofp/crt0.o
LOAD CMakeFiles/03_EXPLORE.elf.dir/Core/Src/main.c.obj
LOAD CMakeFiles/03_EXPLORE.elf.dir/Core/Src/stm32f4xx_hal_msp.c.obj
LOAD CMakeFiles/03_EXPLORE.elf.dir/Core/Src/stm32f4xx_it.c.obj
LOAD CMakeFiles/03_EXPLORE.elf.dir/Core/Src/syscalls.c.obj
LOAD CMakeFiles/03_EXPLORE.elf.dir/Core/Src/system_stm32f4xx.c.obj
LOAD CMakeFiles/03_EXPLORE.elf.dir/Drivers/STM32F4xx_HAL_Driver/Src/stm32f4xx_hal.c.obj
LOAD CMakeFiles/03_EXPLORE.elf.dir/Drivers/STM32F4xx_HAL_Driver/Src/stm32f4xx_hal_cortex.c.obj
LOAD CMakeFiles/03_EXPLORE.elf.dir/Drivers/STM32F4xx_HAL_Driver/Src/stm32f4xx_hal_dma.c.obj
LOAD CMakeFiles/03_EXPLORE.elf.dir/Drivers/STM32F4xx_HAL_Driver/Src/stm32f4xx_hal_dma_ex.c.obj
LOAD CMakeFiles/03_EXPLORE.elf.dir/Drivers/STM32F4xx_HAL_Driver/Src/stm32f4xx_hal_exti.c.obj
LOAD CMakeFiles/03_EXPLORE.elf.dir/Drivers/STM32F4xx_HAL_Driver/Src/stm32f4xx_hal_flash.c.obj
LOAD CMakeFiles/03_EXPLORE.elf.dir/Drivers/STM32F4xx_HAL_Driver/Src/stm32f4xx_hal_flash_ex.c.obj
LOAD CMakeFiles/03_EXPLORE.elf.dir/Drivers/STM32F4xx_HAL_Driver/Src/stm32f4xx_hal_flash_ramfunc.c.obj
LOAD CMakeFiles/03_EXPLORE.elf.dir/Drivers/STM32F4xx_HAL_Driver/Src/stm32f4xx_hal_gpio.c.obj
LOAD CMakeFiles/03_EXPLORE.elf.dir/Drivers/STM32F4xx_HAL_Driver/Src/stm32f4xx_hal_pwr.c.obj
LOAD CMakeFiles/03_EXPLORE.elf.dir/Drivers/STM32F4xx_HAL_Driver/Src/stm32f4xx_hal_pwr_ex.c.obj
LOAD CMakeFiles/03_EXPLORE.elf.dir/Drivers/STM32F4xx_HAL_Driver/Src/stm32f4xx_hal_rcc.c.obj
LOAD CMakeFiles/03_EXPLORE.elf.dir/Drivers/STM32F4xx_HAL_Driver/Src/stm32f4xx_hal_rcc_ex.c.obj
LOAD CMakeFiles/03_EXPLORE.elf.dir/Drivers/STM32F4xx_HAL_Driver/Src/stm32f4xx_hal_tim.c.obj
LOAD CMakeFiles/03_EXPLORE.elf.dir/Drivers/STM32F4xx_HAL_Driver/Src/stm32f4xx_hal_tim_ex.c.obj
LOAD CMakeFiles/03_EXPLORE.elf.dir/startup/startup_stm32f446xx.s.obj
START GROUP
LOAD c:/gcc-arm-none-eabi/gcc-arm-none-eabi-9-2019-q4-major-win32/bin/../lib/gcc/arm-none-eabi/9.2.1/thumb/v7e-m/nofp\libgcc.a
LOAD c:/gcc-arm-none-eabi/gcc-arm-none-eabi-9-2019-q4-major-win32/bin/../lib/gcc/arm-none-eabi/9.2.1/../../../../arm-none-eabi/lib/thumb/v7e-m/nofp\libg.a
LOAD c:/gcc-arm-none-eabi/gcc-arm-none-eabi-9-2019-q4-major-win32/bin/../lib/gcc/arm-none-eabi/9.2.1/../../../../arm-none-eabi/lib/thumb/v7e-m/nofp\libc.a
END GROUP
LOAD c:/gcc-arm-none-eabi/gcc-arm-none-eabi-9-2019-q4-major-win32/bin/../lib/gcc/arm-none-eabi/9.2.1/thumb/v7e-m/nofp/crtend.o
LOAD c:/gcc-arm-none-eabi/gcc-arm-none-eabi-9-2019-q4-major-win32/bin/../lib/gcc/arm-none-eabi/9.2.1/thumb/v7e-m/nofp/crtn.o
                0x20020000                _estack = (ORIGIN (RAM) + LENGTH (RAM))
                0x00000200                _Min_Heap_Size = 0x200
                0x00000400                _Min_Stack_Size = 0x400

.isr_vector     0x08000000      0x1c4
                0x08000000                . = ALIGN (0x4)
 *(.isr_vector)
 .isr_vector    0x08000000      0x1c4 CMakeFiles/03_EXPLORE.elf.dir/startup/startup_stm32f446xx.s.obj
                0x08000000                g_pfnVectors
                0x080001c4                . = ALIGN (0x4)

.text           0x080001c4     0x1e70
                0x080001c4                . = ALIGN (0x4)
 *(.text)
 .text          0x080001c4       0x40 c:/gcc-arm-none-eabi/gcc-arm-none-eabi-9-2019-q4-major-win32/bin/../lib/gcc/arm-none-eabi/9.2.1/thumb/v7e-m/nofp/crtbegin.o
 .text          0x08000204       0x30 c:/gcc-arm-none-eabi/gcc-arm-none-eabi-9-2019-q4-major-win32/bin/../lib/gcc/arm-none-eabi/9.2.1/thumb/v7e-m/nofp\libgcc.a(_aeabi_uldivmod.o)
                0x08000204                __aeabi_uldivmod
 .text          0x08000234      0x2c0 c:/gcc-arm-none-eabi/gcc-arm-none-eabi-9-2019-q4-major-win32/bin/../lib/gcc/arm-none-eabi/9.2.1/thumb/v7e-m/nofp\libgcc.a(_udivmoddi4.o)
                0x08000234                __udivmoddi4
 .text          0x080004f4        0x4 c:/gcc-arm-none-eabi/gcc-arm-none-eabi-9-2019-q4-major-win32/bin/../lib/gcc/arm-none-eabi/9.2.1/thumb/v7e-m/nofp\libgcc.a(_dvmd_tls.o)
                0x080004f4                __aeabi_idiv0
                0x080004f4                __aeabi_ldiv0
 *(.text*)
 .text.MX_GPIO_Init
                0x080004f8       0x38 CMakeFiles/03_EXPLORE.elf.dir/Core/Src/main.c.obj
 .text.HAL_TIM_PeriodElapsedCallback
                0x08000530       0xcc CMakeFiles/03_EXPLORE.elf.dir/Core/Src/main.c.obj
                0x08000530                HAL_TIM_PeriodElapsedCallback
 .text.Error_Handler
                0x080005fc        0x4 CMakeFiles/03_EXPLORE.elf.dir/Core/Src/main.c.obj
                0x080005fc                Error_Handler
 .text.MX_TIM1_Init
                0x08000600       0x6c CMakeFiles/03_EXPLORE.elf.dir/Core/Src/main.c.obj
 .text.MX_TIM3_Init
                0x0800066c       0xa4 CMakeFiles/03_EXPLORE.elf.dir/Core/Src/main.c.obj
 .text.MX_TIM4_Init
                0x08000710       0xa4 CMakeFiles/03_EXPLORE.elf.dir/Core/Src/main.c.obj
 .text.MX_TIM14_Init
                0x080007b4       0x70 CMakeFiles/03_EXPLORE.elf.dir/Core/Src/main.c.obj
 .text.SystemClock_Config
                0x08000824       0x8c CMakeFiles/03_EXPLORE.elf.dir/Core/Src/main.c.obj
                0x08000824                SystemClock_Config
 .text.main     0x080008b0       0x50 CMakeFiles/03_EXPLORE.elf.dir/Core/Src/main.c.obj
                0x080008b0                main
 .text.HAL_MspInit
                0x08000900       0x38 CMakeFiles/03_EXPLORE.elf.dir/Core/Src/stm32f4xx_hal_msp.c.obj
                0x08000900                HAL_MspInit
 .text.HAL_TIM_Base_MspInit
                0x08000938       0xb0 CMakeFiles/03_EXPLORE.elf.dir/Core/Src/stm32f4xx_hal_msp.c.obj
                0x08000938                HAL_TIM_Base_MspInit
 .text.HAL_TIM_MspPostInit
                0x080009e8       0xd8 CMakeFiles/03_EXPLORE.elf.dir/Core/Src/stm32f4xx_hal_msp.c.obj
                0x080009e8                HAL_TIM_MspPostInit
 .text.NMI_Handler
                0x08000ac0        0x2 CMakeFiles/03_EXPLORE.elf.dir/Core/Src/stm32f4xx_it.c.obj
                0x08000ac0                NMI_Handler
 .text.HardFault_Handler
                0x08000ac2        0x2 CMakeFiles/03_EXPLORE.elf.dir/Core/Src/stm32f4xx_it.c.obj
                0x08000ac2                HardFault_Handler
 .text.MemManage_Handler
                0x08000ac4        0x2 CMakeFiles/03_EXPLORE.elf.dir/Core/Src/stm32f4xx_it.c.obj
                0x08000ac4                MemManage_Handler
 .text.BusFault_Handler
                0x08000ac6        0x2 CMakeFiles/03_EXPLORE.elf.dir/Core/Src/stm32f4xx_it.c.obj
                0x08000ac6                BusFault_Handler
 .text.UsageFault_Handler
                0x08000ac8        0x2 CMakeFiles/03_EXPLORE.elf.dir/Core/Src/stm32f4xx_it.c.obj
                0x08000ac8                UsageFault_Handler
 .text.SVC_Handler
                0x08000aca        0x2 CMakeFiles/03_EXPLORE.elf.dir/Core/Src/stm32f4xx_it.c.obj
                0x08000aca                SVC_Handler
 .text.DebugMon_Handler
                0x08000acc        0x2 CMakeFiles/03_EXPLORE.elf.dir/Core/Src/stm32f4xx_it.c.obj
                0x08000acc                DebugMon_Handler
 .text.PendSV_Handler
                0x08000ace        0x2 CMakeFiles/03_EXPLORE.elf.dir/Core/Src/stm32f4xx_it.c.obj
                0x08000ace                PendSV_Handler
 .text.SysTick_Handler
                0x08000ad0        0x8 CMakeFiles/03_EXPLORE.elf.dir/Core/Src/stm32f4xx_it.c.obj
                0x08000ad0                SysTick_Handler
 .text.TIM1_UP_TIM10_IRQHandler
                0x08000ad8       0x10 CMakeFiles/03_EXPLORE.elf.dir/Core/Src/stm32f4xx_it.c.obj
                0x08000ad8                TIM1_UP_TIM10_IRQHandler
 .text.SystemInit
                0x08000ae8        0x2 CMakeFiles/03_EXPLORE.elf.dir/Core/Src/system_stm32f4xx.c.obj
                0x08000ae8                SystemInit
 *fill*         0x08000aea        0x2 
 .text.HAL_InitTick
                0x08000aec       0x4c CMakeFiles/03_EXPLORE.elf.dir/Drivers/STM32F4xx_HAL_Driver/Src/stm32f4xx_hal.c.obj
                0x08000aec                HAL_InitTick
 .text.HAL_Init
                0x08000b38       0x34 CMakeFiles/03_EXPLORE.elf.dir/Drivers/STM32F4xx_HAL_Driver/Src/stm32f4xx_hal.c.obj
                0x08000b38                HAL_Init
 .text.HAL_IncTick
                0x08000b6c       0x18 CMakeFiles/03_EXPLORE.elf.dir/Drivers/STM32F4xx_HAL_Driver/Src/stm32f4xx_hal.c.obj
                0x08000b6c                HAL_IncTick
 .text.HAL_GetTick
                0x08000b84        0xc CMakeFiles/03_EXPLORE.elf.dir/Drivers/STM32F4xx_HAL_Driver/Src/stm32f4xx_hal.c.obj
                0x08000b84                HAL_GetTick
 .text.HAL_NVIC_SetPriorityGrouping
                0x08000b90       0x24 CMakeFiles/03_EXPLORE.elf.dir/Drivers/STM32F4xx_HAL_Driver/Src/stm32f4xx_hal_cortex.c.obj
                0x08000b90                HAL_NVIC_SetPriorityGrouping
 .text.HAL_NVIC_SetPriority
                0x08000bb4       0x68 CMakeFiles/03_EXPLORE.elf.dir/Drivers/STM32F4xx_HAL_Driver/Src/stm32f4xx_hal_cortex.c.obj
                0x08000bb4                HAL_NVIC_SetPriority
 .text.HAL_NVIC_EnableIRQ
                0x08000c1c       0x1c CMakeFiles/03_EXPLORE.elf.dir/Drivers/STM32F4xx_HAL_Driver/Src/stm32f4xx_hal_cortex.c.obj
                0x08000c1c                HAL_NVIC_EnableIRQ
 .text.HAL_SYSTICK_Config
                0x08000c38       0x2c CMakeFiles/03_EXPLORE.elf.dir/Drivers/STM32F4xx_HAL_Driver/Src/stm32f4xx_hal_cortex.c.obj
                0x08000c38                HAL_SYSTICK_Config
 .text.HAL_GPIO_Init
                0x08000c64      0x1c8 CMakeFiles/03_EXPLORE.elf.dir/Drivers/STM32F4xx_HAL_Driver/Src/stm32f4xx_hal_gpio.c.obj
                0x08000c64                HAL_GPIO_Init
 .text.HAL_RCC_ClockConfig
                0x08000e2c      0x160 CMakeFiles/03_EXPLORE.elf.dir/Drivers/STM32F4xx_HAL_Driver/Src/stm32f4xx_hal_rcc.c.obj
                0x08000e2c                HAL_RCC_ClockConfig
 .text.HAL_RCC_GetSysClockFreq
                0x08000f8c      0x118 CMakeFiles/03_EXPLORE.elf.dir/Drivers/STM32F4xx_HAL_Driver/Src/stm32f4xx_hal_rcc_ex.c.obj
                0x08000f8c                HAL_RCC_GetSysClockFreq
 .text.HAL_RCC_OscConfig
                0x080010a4      0x440 CMakeFiles/03_EXPLORE.elf.dir/Drivers/STM32F4xx_HAL_Driver/Src/stm32f4xx_hal_rcc_ex.c.obj
                0x080010a4                HAL_RCC_OscConfig
 .text.TIM_OC1_SetConfig
                0x080014e4       0x68 CMakeFiles/03_EXPLORE.elf.dir/Drivers/STM32F4xx_HAL_Driver/Src/stm32f4xx_hal_tim.c.obj
 .text.TIM_OC3_SetConfig
                0x0800154c       0x70 CMakeFiles/03_EXPLORE.elf.dir/Drivers/STM32F4xx_HAL_Driver/Src/stm32f4xx_hal_tim.c.obj
 .text.TIM_OC4_SetConfig
                0x080015bc       0x50 CMakeFiles/03_EXPLORE.elf.dir/Drivers/STM32F4xx_HAL_Driver/Src/stm32f4xx_hal_tim.c.obj
 .text.TIM_TI1_ConfigInputStage
                0x0800160c       0x24 CMakeFiles/03_EXPLORE.elf.dir/Drivers/STM32F4xx_HAL_Driver/Src/stm32f4xx_hal_tim.c.obj
 .text.TIM_TI2_ConfigInputStage
                0x08001630       0x26 CMakeFiles/03_EXPLORE.elf.dir/Drivers/STM32F4xx_HAL_Driver/Src/stm32f4xx_hal_tim.c.obj
 .text.TIM_ITRx_SetConfig
                0x08001656       0x10 CMakeFiles/03_EXPLORE.elf.dir/Drivers/STM32F4xx_HAL_Driver/Src/stm32f4xx_hal_tim.c.obj
 *fill*         0x08001666        0x2 
 .text.HAL_TIM_Base_Start_IT
                0x08001668       0x88 CMakeFiles/03_EXPLORE.elf.dir/Drivers/STM32F4xx_HAL_Driver/Src/stm32f4xx_hal_tim.c.obj
                0x08001668                HAL_TIM_Base_Start_IT
 .text.HAL_TIM_PWM_MspInit
                0x080016f0        0x2 CMakeFiles/03_EXPLORE.elf.dir/Drivers/STM32F4xx_HAL_Driver/Src/stm32f4xx_hal_tim.c.obj
                0x080016f0                HAL_TIM_PWM_MspInit
 .text.HAL_TIM_OC_DelayElapsedCallback
                0x080016f2        0x2 CMakeFiles/03_EXPLORE.elf.dir/Drivers/STM32F4xx_HAL_Driver/Src/stm32f4xx_hal_tim.c.obj
                0x080016f2                HAL_TIM_OC_DelayElapsedCallback
 .text.HAL_TIM_IC_CaptureCallback
                0x080016f4        0x2 CMakeFiles/03_EXPLORE.elf.dir/Drivers/STM32F4xx_HAL_Driver/Src/stm32f4xx_hal_tim.c.obj
                0x080016f4                HAL_TIM_IC_CaptureCallback
 .text.HAL_TIM_PWM_PulseFinishedCallback
                0x080016f6        0x2 CMakeFiles/03_EXPLORE.elf.dir/Drivers/STM32F4xx_HAL_Driver/Src/stm32f4xx_hal_tim.c.obj
                0x080016f6                HAL_TIM_PWM_PulseFinishedCallback
 .text.HAL_TIM_TriggerCallback
                0x080016f8        0x2 CMakeFiles/03_EXPLORE.elf.dir/Drivers/STM32F4xx_HAL_Driver/Src/stm32f4xx_hal_tim.c.obj
                0x080016f8                HAL_TIM_TriggerCallback
 .text.HAL_TIM_IRQHandler
                0x080016fa      0x17a CMakeFiles/03_EXPLORE.elf.dir/Drivers/STM32F4xx_HAL_Driver/Src/stm32f4xx_hal_tim.c.obj
                0x080016fa                HAL_TIM_IRQHandler
 .text.TIM_Base_SetConfig
                0x08001874       0xc8 CMakeFiles/03_EXPLORE.elf.dir/Drivers/STM32F4xx_HAL_Driver/Src/stm32f4xx_hal_tim.c.obj
                0x08001874                TIM_Base_SetConfig
 .text.HAL_TIM_Base_Init
                0x0800193c       0x58 CMakeFiles/03_EXPLORE.elf.dir/Drivers/STM32F4xx_HAL_Driver/Src/stm32f4xx_hal_tim.c.obj
                0x0800193c                HAL_TIM_Base_Init
 .text.HAL_TIM_PWM_Init
                0x08001994       0x58 CMakeFiles/03_EXPLORE.elf.dir/Drivers/STM32F4xx_HAL_Driver/Src/stm32f4xx_hal_tim.c.obj
                0x08001994                HAL_TIM_PWM_Init
 .text.TIM_OC2_SetConfig
                0x080019ec       0x70 CMakeFiles/03_EXPLORE.elf.dir/Drivers/STM32F4xx_HAL_Driver/Src/stm32f4xx_hal_tim.c.obj
                0x080019ec                TIM_OC2_SetConfig
 .text.HAL_TIM_PWM_ConfigChannel
                0x08001a5c       0xdc CMakeFiles/03_EXPLORE.elf.dir/Drivers/STM32F4xx_HAL_Driver/Src/stm32f4xx_hal_tim.c.obj
                0x08001a5c                HAL_TIM_PWM_ConfigChannel
 .text.TIM_ETR_SetConfig
                0x08001b38       0x16 CMakeFiles/03_EXPLORE.elf.dir/Drivers/STM32F4xx_HAL_Driver/Src/stm32f4xx_hal_tim.c.obj
                0x08001b38                TIM_ETR_SetConfig
 .text.HAL_TIM_ConfigClockSource
                0x08001b4e       0xfe CMakeFiles/03_EXPLORE.elf.dir/Drivers/STM32F4xx_HAL_Driver/Src/stm32f4xx_hal_tim.c.obj
                0x08001b4e                HAL_TIM_ConfigClockSource
 .text.TIM_CCxChannelCmd
                0x08001c4c       0x22 CMakeFiles/03_EXPLORE.elf.dir/Drivers/STM32F4xx_HAL_Driver/Src/stm32f4xx_hal_tim.c.obj
                0x08001c4c                TIM_CCxChannelCmd
 *fill*         0x08001c6e        0x2 
 .text.HAL_TIM_PWM_Start
                0x08001c70      0x104 CMakeFiles/03_EXPLORE.elf.dir/Drivers/STM32F4xx_HAL_Driver/Src/stm32f4xx_hal_tim.c.obj
                0x08001c70                HAL_TIM_PWM_Start
 .text.HAL_TIMEx_MasterConfigSynchronization
                0x08001d74       0x88 CMakeFiles/03_EXPLORE.elf.dir/Drivers/STM32F4xx_HAL_Driver/Src/stm32f4xx_hal_tim_ex.c.obj
                0x08001d74                HAL_TIMEx_MasterConfigSynchronization
 .text.HAL_TIMEx_CommutCallback
                0x08001dfc        0x2 CMakeFiles/03_EXPLORE.elf.dir/Drivers/STM32F4xx_HAL_Driver/Src/stm32f4xx_hal_tim_ex.c.obj
                0x08001dfc                HAL_TIMEx_CommutCallback
 .text.HAL_TIMEx_BreakCallback
                0x08001dfe        0x2 CMakeFiles/03_EXPLORE.elf.dir/Drivers/STM32F4xx_HAL_Driver/Src/stm32f4xx_hal_tim_ex.c.obj
                0x08001dfe                HAL_TIMEx_BreakCallback
 .text.Reset_Handler
                0x08001e00       0x50 CMakeFiles/03_EXPLORE.elf.dir/startup/startup_stm32f446xx.s.obj
                0x08001e00                Reset_Handler
 .text.Default_Handler
                0x08001e50        0x2 CMakeFiles/03_EXPLORE.elf.dir/startup/startup_stm32f446xx.s.obj
                0x08001e50                RTC_Alarm_IRQHandler
                0x08001e50                EXTI2_IRQHandler
                0x08001e50                TIM8_CC_IRQHandler
                0x08001e50                FMPI2C1_EV_IRQHandler
                0x08001e50                SPI4_IRQHandler
                0x08001e50                TIM1_CC_IRQHandler
                0x08001e50                DMA2_Stream5_IRQHandler
                0x08001e50                DMA1_Stream5_IRQHandler
                0x08001e50                PVD_IRQHandler
                0x08001e50                SDIO_IRQHandler
                0x08001e50                TAMP_STAMP_IRQHandler
                0x08001e50                CAN2_RX1_IRQHandler
                0x08001e50                EXTI3_IRQHandler
                0x08001e50                TIM8_TRG_COM_TIM14_IRQHandler
                0x08001e50                TIM8_UP_TIM13_IRQHandler
                0x08001e50                I2C3_ER_IRQHandler
                0x08001e50                EXTI0_IRQHandler
                0x08001e50                I2C2_EV_IRQHandler
                0x08001e50                DMA1_Stream2_IRQHandler
                0x08001e50                CAN1_RX0_IRQHandler
                0x08001e50                FPU_IRQHandler
                0x08001e50                OTG_HS_WKUP_IRQHandler
                0x08001e50                CAN2_SCE_IRQHandler
                0x08001e50                DMA2_Stream2_IRQHandler
                0x08001e50                SPI1_IRQHandler
                0x08001e50                TIM6_DAC_IRQHandler
                0x08001e50                TIM1_BRK_TIM9_IRQHandler
                0x08001e50                DCMI_IRQHandler
                0x08001e50                CAN2_RX0_IRQHandler
                0x08001e50                DMA2_Stream3_IRQHandler
                0x08001e50                SAI2_IRQHandler
                0x08001e50                USART6_IRQHandler
                0x08001e50                USART3_IRQHandler
                0x08001e50                CAN1_RX1_IRQHandler
                0x08001e50                UART5_IRQHandler
                0x08001e50                DMA2_Stream0_IRQHandler
                0x08001e50                TIM4_IRQHandler
                0x08001e50                QUADSPI_IRQHandler
                0x08001e50                I2C1_EV_IRQHandler
                0x08001e50                DMA1_Stream6_IRQHandler
                0x08001e50                DMA1_Stream1_IRQHandler
                0x08001e50                UART4_IRQHandler
                0x08001e50                TIM3_IRQHandler
                0x08001e50                RCC_IRQHandler
                0x08001e50                TIM8_BRK_TIM12_IRQHandler
                0x08001e50                Default_Handler
                0x08001e50                CEC_IRQHandler
                0x08001e50                EXTI15_10_IRQHandler
                0x08001e50                ADC_IRQHandler
                0x08001e50                DMA1_Stream7_IRQHandler
                0x08001e50                TIM7_IRQHandler
                0x08001e50                CAN2_TX_IRQHandler
                0x08001e50                TIM5_IRQHandler
                0x08001e50                DMA2_Stream7_IRQHandler
                0x08001e50                I2C3_EV_IRQHandler
                0x08001e50                EXTI9_5_IRQHandler
                0x08001e50                RTC_WKUP_IRQHandler
                0x08001e50                SPDIF_RX_IRQHandler
                0x08001e50                SPI2_IRQHandler
                0x08001e50                OTG_HS_EP1_IN_IRQHandler
                0x08001e50                DMA1_Stream0_IRQHandler
                0x08001e50                CAN1_TX_IRQHandler
                0x08001e50                FMPI2C1_ER_IRQHandler
                0x08001e50                EXTI4_IRQHandler
                0x08001e50                OTG_HS_EP1_OUT_IRQHandler
                0x08001e50                WWDG_IRQHandler
                0x08001e50                TIM2_IRQHandler
                0x08001e50                OTG_FS_WKUP_IRQHandler
                0x08001e50                TIM1_TRG_COM_TIM11_IRQHandler
                0x08001e50                OTG_HS_IRQHandler
                0x08001e50                EXTI1_IRQHandler
                0x08001e50                USART2_IRQHandler
                0x08001e50                I2C2_ER_IRQHandler
                0x08001e50                DMA2_Stream1_IRQHandler
                0x08001e50                CAN1_SCE_IRQHandler
                0x08001e50                FLASH_IRQHandler
                0x08001e50                DMA2_Stream4_IRQHandler
                0x08001e50                USART1_IRQHandler
                0x08001e50                OTG_FS_IRQHandler
                0x08001e50                SPI3_IRQHandler
                0x08001e50                DMA1_Stream4_IRQHandler
                0x08001e50                I2C1_ER_IRQHandler
                0x08001e50                FMC_IRQHandler
                0x08001e50                DMA2_Stream6_IRQHandler
                0x08001e50                SAI1_IRQHandler
                0x08001e50                DMA1_Stream3_IRQHandler
 *fill*         0x08001e52        0x2 
 .text.__libc_init_array
                0x08001e54       0x48 c:/gcc-arm-none-eabi/gcc-arm-none-eabi-9-2019-q4-major-win32/bin/../lib/gcc/arm-none-eabi/9.2.1/../../../../arm-none-eabi/lib/thumb/v7e-m/nofp\libg.a(lib_a-init.o)
                0x08001e54                __libc_init_array
 .text.memset   0x08001e9c       0xa0 c:/gcc-arm-none-eabi/gcc-arm-none-eabi-9-2019-q4-major-win32/bin/../lib/gcc/arm-none-eabi/9.2.1/../../../../arm-none-eabi/lib/thumb/v7e-m/nofp\libg.a(lib_a-memset.o)
                0x08001e9c                memset
 .text.startup.register_fini
                0x08001f3c       0x14 c:/gcc-arm-none-eabi/gcc-arm-none-eabi-9-2019-q4-major-win32/bin/../lib/gcc/arm-none-eabi/9.2.1/../../../../arm-none-eabi/lib/thumb/v7e-m/nofp\libg.a(lib_a-__call_atexit.o)
 .text.atexit   0x08001f50        0xc c:/gcc-arm-none-eabi/gcc-arm-none-eabi-9-2019-q4-major-win32/bin/../lib/gcc/arm-none-eabi/9.2.1/../../../../arm-none-eabi/lib/thumb/v7e-m/nofp\libg.a(lib_a-atexit.o)
                0x08001f50                atexit
 .text.__libc_fini_array
                0x08001f5c       0x2c c:/gcc-arm-none-eabi/gcc-arm-none-eabi-9-2019-q4-major-win32/bin/../lib/gcc/arm-none-eabi/9.2.1/../../../../arm-none-eabi/lib/thumb/v7e-m/nofp\libg.a(lib_a-fini.o)
                0x08001f5c                __libc_fini_array
 .text.__retarget_lock_acquire_recursive
                0x08001f88        0x4 c:/gcc-arm-none-eabi/gcc-arm-none-eabi-9-2019-q4-major-win32/bin/../lib/gcc/arm-none-eabi/9.2.1/../../../../arm-none-eabi/lib/thumb/v7e-m/nofp\libg.a(lib_a-lock.o)
                0x08001f88                __retarget_lock_acquire_recursive
 .text.__retarget_lock_release_recursive
                0x08001f8c        0x4 c:/gcc-arm-none-eabi/gcc-arm-none-eabi-9-2019-q4-major-win32/bin/../lib/gcc/arm-none-eabi/9.2.1/../../../../arm-none-eabi/lib/thumb/v7e-m/nofp\libg.a(lib_a-lock.o)
                0x08001f8c                __retarget_lock_release_recursive
 .text.__register_exitproc
                0x08001f90       0x8c c:/gcc-arm-none-eabi/gcc-arm-none-eabi-9-2019-q4-major-win32/bin/../lib/gcc/arm-none-eabi/9.2.1/../../../../arm-none-eabi/lib/thumb/v7e-m/nofp\libg.a(lib_a-__atexit.o)
                0x08001f90                __register_exitproc
 *(.glue_7)
 .glue_7        0x0800201c        0x0 linker stubs
 *(.glue_7t)
 .glue_7t       0x0800201c        0x0 linker stubs
 *(.eh_frame)
 .eh_frame      0x0800201c        0x0 c:/gcc-arm-none-eabi/gcc-arm-none-eabi-9-2019-q4-major-win32/bin/../lib/gcc/arm-none-eabi/9.2.1/thumb/v7e-m/nofp/crtbegin.o
 *(.init)
 .init          0x0800201c        0x4 c:/gcc-arm-none-eabi/gcc-arm-none-eabi-9-2019-q4-major-win32/bin/../lib/gcc/arm-none-eabi/9.2.1/thumb/v7e-m/nofp/crti.o
                0x0800201c                _init
 .init          0x08002020        0x8 c:/gcc-arm-none-eabi/gcc-arm-none-eabi-9-2019-q4-major-win32/bin/../lib/gcc/arm-none-eabi/9.2.1/thumb/v7e-m/nofp/crtn.o
 *(.fini)
 .fini          0x08002028        0x4 c:/gcc-arm-none-eabi/gcc-arm-none-eabi-9-2019-q4-major-win32/bin/../lib/gcc/arm-none-eabi/9.2.1/thumb/v7e-m/nofp/crti.o
                0x08002028                _fini
 .fini          0x0800202c        0x8 c:/gcc-arm-none-eabi/gcc-arm-none-eabi-9-2019-q4-major-win32/bin/../lib/gcc/arm-none-eabi/9.2.1/thumb/v7e-m/nofp/crtn.o
                0x08002034                . = ALIGN (0x4)
                0x08002034                _etext = .

.vfp11_veneer   0x08002034        0x0
 .vfp11_veneer  0x08002034        0x0 linker stubs

.v4_bx          0x08002034        0x0
 .v4_bx         0x08002034        0x0 linker stubs

.iplt           0x08002034        0x0
 .iplt          0x08002034        0x0 c:/gcc-arm-none-eabi/gcc-arm-none-eabi-9-2019-q4-major-win32/bin/../lib/gcc/arm-none-eabi/9.2.1/thumb/v7e-m/nofp/crtbegin.o

.rodata         0x08002034       0x14
                0x08002034                . = ALIGN (0x4)
 *(.rodata)
 *(.rodata*)
 .rodata.AHBPrescTable
                0x08002034       0x10 CMakeFiles/03_EXPLORE.elf.dir/Core/Src/system_stm32f4xx.c.obj
                0x08002034                AHBPrescTable
 .rodata._global_impure_ptr
                0x08002044        0x4 c:/gcc-arm-none-eabi/gcc-arm-none-eabi-9-2019-q4-major-win32/bin/../lib/gcc/arm-none-eabi/9.2.1/../../../../arm-none-eabi/lib/thumb/v7e-m/nofp\libg.a(lib_a-impure.o)
                0x08002044                _global_impure_ptr
                0x08002048                . = ALIGN (0x4)

.ARM.extab
 *(.ARM.extab* .gnu.linkonce.armextab.*)

.ARM            0x08002048        0x8
                0x08002048                __exidx_start = .
 *(.ARM.exidx*)
 .ARM.exidx     0x08002048        0x8 c:/gcc-arm-none-eabi/gcc-arm-none-eabi-9-2019-q4-major-win32/bin/../lib/gcc/arm-none-eabi/9.2.1/thumb/v7e-m/nofp\libgcc.a(_udivmoddi4.o)
                0x08002050                __exidx_end = .

.rel.dyn        0x08002050        0x0
 .rel.iplt      0x08002050        0x0 c:/gcc-arm-none-eabi/gcc-arm-none-eabi-9-2019-q4-major-win32/bin/../lib/gcc/arm-none-eabi/9.2.1/thumb/v7e-m/nofp/crtbegin.o

.preinit_array  0x08002050        0x0
                0x08002050                PROVIDE (__preinit_array_start = .)
 *(.preinit_array*)
                0x08002050                PROVIDE (__preinit_array_end = .)

.init_array     0x08002050        0x8
                0x08002050                PROVIDE (__init_array_start = .)
 *(SORT_BY_NAME(.init_array.*))
 .init_array.00000
                0x08002050        0x4 c:/gcc-arm-none-eabi/gcc-arm-none-eabi-9-2019-q4-major-win32/bin/../lib/gcc/arm-none-eabi/9.2.1/../../../../arm-none-eabi/lib/thumb/v7e-m/nofp\libg.a(lib_a-__call_atexit.o)
 *(.init_array*)
 .init_array    0x08002054        0x4 c:/gcc-arm-none-eabi/gcc-arm-none-eabi-9-2019-q4-major-win32/bin/../lib/gcc/arm-none-eabi/9.2.1/thumb/v7e-m/nofp/crtbegin.o
                0x08002058                PROVIDE (__init_array_end = .)

.fini_array     0x08002058        0x4
                0x08002058                PROVIDE (__fini_array_start = .)
 *(SORT_BY_NAME(.fini_array.*))
 *(.fini_array*)
 .fini_array    0x08002058        0x4 c:/gcc-arm-none-eabi/gcc-arm-none-eabi-9-2019-q4-major-win32/bin/../lib/gcc/arm-none-eabi/9.2.1/thumb/v7e-m/nofp/crtbegin.o
                0x0800205c                PROVIDE (__fini_array_end = .)
                0x0800205c                _sidata = LOADADDR (.data)

.data           0x20000000      0x43c load address 0x0800205c
                0x20000000                . = ALIGN (0x4)
                0x20000000                _sdata = .
 *(.data)
 *(.data*)
 .data.pwm_arr  0x20000000        0x4 CMakeFiles/03_EXPLORE.elf.dir/Core/Src/main.c.obj
                0x20000000                pwm_arr
 .data.SystemCoreClock
                0x20000004        0x4 CMakeFiles/03_EXPLORE.elf.dir/Core/Src/system_stm32f4xx.c.obj
                0x20000004                SystemCoreClock
 .data.uwTickFreq
                0x20000008        0x1 CMakeFiles/03_EXPLORE.elf.dir/Drivers/STM32F4xx_HAL_Driver/Src/stm32f4xx_hal.c.obj
                0x20000008                uwTickFreq
 *fill*         0x20000009        0x3 
 .data.uwTickPrio
                0x2000000c        0x4 CMakeFiles/03_EXPLORE.elf.dir/Drivers/STM32F4xx_HAL_Driver/Src/stm32f4xx_hal.c.obj
                0x2000000c                uwTickPrio
 .data.impure_data
                0x20000010      0x428 c:/gcc-arm-none-eabi/gcc-arm-none-eabi-9-2019-q4-major-win32/bin/../lib/gcc/arm-none-eabi/9.2.1/../../../../arm-none-eabi/lib/thumb/v7e-m/nofp\libg.a(lib_a-impure.o)
 .data.__atexit_recursive_mutex
                0x20000438        0x4 c:/gcc-arm-none-eabi/gcc-arm-none-eabi-9-2019-q4-major-win32/bin/../lib/gcc/arm-none-eabi/9.2.1/../../../../arm-none-eabi/lib/thumb/v7e-m/nofp\libg.a(lib_a-__call_atexit.o)
                0x20000438                __atexit_recursive_mutex
                0x2000043c                . = ALIGN (0x4)
                0x2000043c                _edata = .

.igot.plt       0x2000043c        0x0 load address 0x08002498
 .igot.plt      0x2000043c        0x0 c:/gcc-arm-none-eabi/gcc-arm-none-eabi-9-2019-q4-major-win32/bin/../lib/gcc/arm-none-eabi/9.2.1/thumb/v7e-m/nofp/crtbegin.o
                0x2000043c                . = ALIGN (0x4)

.bss            0x2000043c      0x168 load address 0x08002498
                0x2000043c                _sbss = .
                0x2000043c                __bss_start__ = _sbss
 *(.bss)
 .bss           0x2000043c       0x1c c:/gcc-arm-none-eabi/gcc-arm-none-eabi-9-2019-q4-major-win32/bin/../lib/gcc/arm-none-eabi/9.2.1/thumb/v7e-m/nofp/crtbegin.o
 *(.bss*)
 .bss.fade_phase
                0x20000458        0x1 CMakeFiles/03_EXPLORE.elf.dir/Core/Src/main.c.obj
 *fill*         0x20000459        0x1 
 .bss.fade_step
                0x2000045a        0x2 CMakeFiles/03_EXPLORE.elf.dir/Core/Src/main.c.obj
 .bss.htim1     0x2000045c       0x48 CMakeFiles/03_EXPLORE.elf.dir/Core/Src/main.c.obj
                0x2000045c                htim1
 .bss.htim14    0x200004a4       0x48 CMakeFiles/03_EXPLORE.elf.dir/Core/Src/main.c.obj
                0x200004a4                htim14
 .bss.htim3     0x200004ec       0x48 CMakeFiles/03_EXPLORE.elf.dir/Core/Src/main.c.obj
                0x200004ec                htim3
 .bss.htim4     0x20000534       0x48 CMakeFiles/03_EXPLORE.elf.dir/Core/Src/main.c.obj
                0x20000534                htim4
 .bss.uwTick    0x2000057c        0x4 CMakeFiles/03_EXPLORE.elf.dir/Drivers/STM32F4xx_HAL_Driver/Src/stm32f4xx_hal.c.obj
                0x2000057c                uwTick
 *(COMMON)
 COMMON         0x20000580       0x21 c:/gcc-arm-none-eabi/gcc-arm-none-eabi-9-2019-q4-major-win32/bin/../lib/gcc/arm-none-eabi/9.2.1/../../../../arm-none-eabi/lib/thumb/v7e-m/nofp\libg.a(lib_a-lock.o)
                0x20000580                __lock___atexit_recursive_mutex
                0x20000584                __lock___arc4random_mutex
                0x20000588                __lock___env_recursive_mutex
                0x2000058c                __lock___sinit_recursive_mutex
                0x20000590                __lock___malloc_recursive_mutex
                0x20000594                __lock___at_quick_exit_mutex
                0x20000598                __lock___dd_hash_mutex
                0x2000059c                __lock___tz_mutex
                0x200005a0                __lock___sfp_recursive_mutex
                0x200005a4                . = ALIGN (0x4)
 *fill*         0x200005a1        0x3 
                0x200005a4                _ebss = .
                0x200005a4                __bss_end__ = _ebss

._user_heap_stack
                0x200005a4      0x604 load address 0x08002498
                0x200005a8                . = ALIGN (0x8)
 *fill*         0x200005a4        0x4 
                0x200005a8                PROVIDE (end = .)
                [!provide]                PROVIDE (_end = .)
                0x200007a8                . = (. + _Min_Heap_Size)
 *fill*         0x200005a8      0x200 
                0x20000ba8                . = (. + _Min_Stack_Size)
 *fill*         0x200007a8      0x400 
                0x20000ba8                . = ALIGN (0x8)

/DISCARD/
 libc.a(*)
 libm.a(*)
 libgcc.a(*)

.ARM.attributes
                0x00000000       0x2a
 *(.ARM.attributes)
 .ARM.attributes
                0x00000000       0x1e c:/gcc-arm-none-eabi/gcc-arm-none-eabi-9-2019-q4-major-win32/bin/../lib/gcc/arm-none-eabi/9.2.1/thumb/v7e-m/nofp/crti.o
 .ARM.attributes
                0x0000001e       0x2e c:/gcc-arm-none-eabi/gcc-arm-none-eabi-9-2019-q4-major-win32/bin/../lib/gcc/arm-none-eabi/9.2.1/thumb/v7e-m/nofp/crtbegin.o
 .ARM.attributes
                0x0000004c       0x2e CMakeFiles/03_EXPLORE.elf.dir/Core/Src/main.c.obj
 .ARM.attributes
                0x0000007a       0x2e CMakeFiles/03_EXPLORE.elf.dir/Core/Src/stm32f4xx_hal_msp.c.obj
 .ARM.attributes
                0x000000a8       0x2e CMakeFiles/03_EXPLORE.elf.dir/Core/Src/stm32f4xx_it.c.obj
 .ARM.attributes
                0x000000d6       0x2e CMakeFiles/03_EXPLORE.elf.dir/Core/Src/system_stm32f4xx.c.obj
 .ARM.attributes
                0x00000104       0x2e CMakeFiles/03_EXPLORE.elf.dir/Drivers/STM32F4xx_HAL_Driver/Src/stm32f4xx_hal.c.obj
 .ARM.attributes
                0x00000132       0x2e CMakeFiles/03_EXPLORE.elf.dir/Drivers/STM32F4xx_HAL_Driver/Src/stm32f4xx_hal_cortex.c.obj
 .ARM.attributes
                0x00000160       0x2e CMakeFiles/03_EXPLORE.elf.dir/Drivers/STM32F4xx_HAL_Driver/Src/stm32f4xx_hal_gpio.c.obj
 .ARM.attributes
                0x0000018e       0x2e CMakeFiles/03_EXPLORE.elf.dir/Drivers/STM32F4xx_HAL_Driver/Src/stm32f4xx_hal_rcc.c.obj
 .ARM.attributes
                0x000001bc       0x2e CMakeFiles/03_EXPLORE.elf.dir/Drivers/STM32F4xx_HAL_Driver/Src/stm32f4xx_hal_rcc_ex.c.obj
 .ARM.attributes
                0x000001ea       0x2e CMakeFiles/03_EXPLORE.elf.dir/Drivers/STM32F4xx_HAL_Driver/Src/stm32f4xx_hal_tim.c.obj
 .ARM.attributes
                0x00000218       0x2e CMakeFiles/03_EXPLORE.elf.dir/Drivers/STM32F4xx_HAL_Driver/Src/stm32f4xx_hal_tim_ex.c.obj
 .ARM.attributes
                0x00000246       0x21 CMakeFiles/03_EXPLORE.elf.dir/startup/startup_stm32f446xx.s.obj
 .ARM.attributes
                0x00000267       0x1e c:/gcc-arm-none-eabi/gcc-arm-none-eabi-9-2019-q4-major-win32/bin/../lib/gcc/arm-none-eabi/9.2.1/thumb/v7e-m/nofp\libgcc.a(_aeabi_uldivmod.o)
 .ARM.attributes
                0x00000285       0x2e c:/gcc-arm-none-eabi/gcc-arm-none-eabi-9-2019-q4-major-win32/bin/../lib/gcc/arm-none-eabi/9.2.1/thumb/v7e-m/nofp\libgcc.a(_udivmoddi4.o)
 .ARM.attributes
                0x000002b3       0x1e c:/gcc-arm-none-eabi/gcc-arm-none-eabi-9-2019-q4-major-win32/bin/../lib/gcc/arm-none-eabi/9.2.1/thumb/v7e-m/nofp\libgcc.a(_dvmd_tls.o)
 .ARM.attributes
                0x000002d1       0x2e c:/gcc-arm-none-eabi/gcc-arm-none-eabi-9-2019-q4-major-win32/bin/../lib/gcc/arm-none-eabi/9.2.1/../../../../arm-none-eabi/lib/thumb/v7e-m/nofp\libg.a(lib_a-impure.o)
 .ARM.attributes
                0x000002ff       0x2e c:/gcc-arm-none-eabi/gcc-arm-none-eabi-9-2019-q4-major-win32/bin/../lib/gcc/arm-none-eabi/9.2.1/../../../../arm-none-eabi/lib/thumb/v7e-m/nofp\libg.a(lib_a-init.o)
 .ARM.attributes
                0x0000032d       0x2e c:/gcc-arm-none-eabi/gcc-arm-none-eabi-9-2019-q4-major-win32/bin/../lib/gcc/arm-none-eabi/9.2.1/../../../../arm-none-eabi/lib/thumb/v7e-m/nofp\libg.a(lib_a-memset.o)
 .ARM.attributes
                0x0000035b       0x2e c:/gcc-arm-none-eabi/gcc-arm-none-eabi-9-2019-q4-major-win32/bin/../lib/gcc/arm-none-eabi/9.2.1/../../../../arm-none-eabi/lib/thumb/v7e-m/nofp\libg.a(lib_a-__call_atexit.o)
 .ARM.attributes
                0x00000389       0x2e c:/gcc-arm-none-eabi/gcc-arm-none-eabi-9-2019-q4-major-win32/bin/../lib/gcc/arm-none-eabi/9.2.1/../../../../arm-none-eabi/lib/thumb/v7e-m/nofp\libg.a(lib_a-atexit.o)
 .ARM.attributes
                0x000003b7       0x2e c:/gcc-arm-none-eabi/gcc-arm-none-eabi-9-2019-q4-major-win32/bin/../lib/gcc/arm-none-eabi/9.2.1/../../../../arm-none-eabi/lib/thumb/v7e-m/nofp\libg.a(lib_a-fini.o)
 .ARM.attributes
                0x000003e5       0x2e c:/gcc-arm-none-eabi/gcc-arm-none-eabi-9-2019-q4-major-win32/bin/../lib/gcc/arm-none-eabi/9.2.1/../../../../arm-none-eabi/lib/thumb/v7e-m/nofp\libg.a(lib_a-lock.o)
 .ARM.attributes
                0x00000413       0x2e c:/gcc-arm-none-eabi/gcc-arm-none-eabi-9-2019-q4-major-win32/bin/../lib/gcc/arm-none-eabi/9.2.1/../../../../arm-none-eabi/lib/thumb/v7e-m/nofp\libg.a(lib_a-__atexit.o)
 .ARM.attributes
                0x00000441       0x1e c:/gcc-arm-none-eabi/gcc-arm-none-eabi-9-2019-q4-major-win32/bin/../lib/gcc/arm-none-eabi/9.2.1/thumb/v7e-m/nofp/crtn.o
OUTPUT(03_EXPLORE.elf elf32-littlearm)

.debug_info     0x00000000     0xc6a1
 .debug_info    0x00000000     0x12db CMakeFiles/03_EXPLORE.elf.dir/Core/Src/main.c.obj
 .debug_info    0x000012db      0xf0c CMakeFiles/03_EXPLORE.elf.dir/Core/Src/stm32f4xx_hal_msp.c.obj
 .debug_info    0x000021e7      0x832 CMakeFiles/03_EXPLORE.elf.dir/Core/Src/stm32f4xx_it.c.obj
 .debug_info    0x00002a19      0x436 CMakeFiles/03_EXPLORE.elf.dir/Core/Src/system_stm32f4xx.c.obj
 .debug_info    0x00002e4f      0xacf CMakeFiles/03_EXPLORE.elf.dir/Drivers/STM32F4xx_HAL_Driver/Src/stm32f4xx_hal.c.obj
 .debug_info    0x0000391e     0x1172 CMakeFiles/03_EXPLORE.elf.dir/Drivers/STM32F4xx_HAL_Driver/Src/stm32f4xx_hal_cortex.c.obj
 .debug_info    0x00004a90      0x8d8 CMakeFiles/03_EXPLORE.elf.dir/Drivers/STM32F4xx_HAL_Driver/Src/stm32f4xx_hal_gpio.c.obj
 .debug_info    0x00005368      0xba2 CMakeFiles/03_EXPLORE.elf.dir/Drivers/STM32F4xx_HAL_Driver/Src/stm32f4xx_hal_rcc.c.obj
 .debug_info    0x00005f0a      0xd72 CMakeFiles/03_EXPLORE.elf.dir/Drivers/STM32F4xx_HAL_Driver/Src/stm32f4xx_hal_rcc_ex.c.obj
 .debug_info    0x00006c7c     0x3e3b CMakeFiles/03_EXPLORE.elf.dir/Drivers/STM32F4xx_HAL_Driver/Src/stm32f4xx_hal_tim.c.obj
 .debug_info    0x0000aab7     0x1bc8 CMakeFiles/03_EXPLORE.elf.dir/Drivers/STM32F4xx_HAL_Driver/Src/stm32f4xx_hal_tim_ex.c.obj
 .debug_info    0x0000c67f       0x22 CMakeFiles/03_EXPLORE.elf.dir/startup/startup_stm32f446xx.s.obj

.debug_abbrev   0x00000000     0x1959
 .debug_abbrev  0x00000000      0x2df CMakeFiles/03_EXPLORE.elf.dir/Core/Src/main.c.obj
 .debug_abbrev  0x000002df      0x1f8 CMakeFiles/03_EXPLORE.elf.dir/Core/Src/stm32f4xx_hal_msp.c.obj
 .debug_abbrev  0x000004d7      0x1a6 CMakeFiles/03_EXPLORE.elf.dir/Core/Src/stm32f4xx_it.c.obj
 .debug_abbrev  0x0000067d      0x148 CMakeFiles/03_EXPLORE.elf.dir/Core/Src/system_stm32f4xx.c.obj
 .debug_abbrev  0x000007c5      0x219 CMakeFiles/03_EXPLORE.elf.dir/Drivers/STM32F4xx_HAL_Driver/Src/stm32f4xx_hal.c.obj
 .debug_abbrev  0x000009de      0x390 CMakeFiles/03_EXPLORE.elf.dir/Drivers/STM32F4xx_HAL_Driver/Src/stm32f4xx_hal_cortex.c.obj
 .debug_abbrev  0x00000d6e      0x21c CMakeFiles/03_EXPLORE.elf.dir/Drivers/STM32F4xx_HAL_Driver/Src/stm32f4xx_hal_gpio.c.obj
 .debug_abbrev  0x00000f8a      0x2ae CMakeFiles/03_EXPLORE.elf.dir/Drivers/STM32F4xx_HAL_Driver/Src/stm32f4xx_hal_rcc.c.obj
 .debug_abbrev  0x00001238      0x249 CMakeFiles/03_EXPLORE.elf.dir/Drivers/STM32F4xx_HAL_Driver/Src/stm32f4xx_hal_rcc_ex.c.obj
 .debug_abbrev  0x00001481      0x258 CMakeFiles/03_EXPLORE.elf.dir/Drivers/STM32F4xx_HAL_Driver/Src/stm32f4xx_hal_tim.c.obj
 .debug_abbrev  0x000016d9      0x26e CMakeFiles/03_EXPLORE.elf.dir/Drivers/STM32F4xx_HAL_Driver/Src/stm32f4xx_hal_tim_ex.c.obj
 .debug_abbrev  0x00001947       0x12 CMakeFiles/03_EXPLORE.elf.dir/startup/startup_stm32f446xx.s.obj

.debug_loc      0x00000000     0x9353
 .debug_loc     0x00000000      0x2dd CMakeFiles/03_EXPLORE.elf.dir/Core/Src/main.c.obj
 .debug_loc     0x000002dd      0x11a CMakeFiles/03_EXPLORE.elf.dir/Core/Src/stm32f4xx_hal_msp.c.obj
 .debug_loc     0x000003f7      0x16c CMakeFiles/03_EXPLORE.elf.dir/Core/Src/system_stm32f4xx.c.obj
 .debug_loc     0x00000563      0x141 CMakeFiles/03_EXPLORE.elf.dir/Drivers/STM32F4xx_HAL_Driver/Src/stm32f4xx_hal.c.obj
 .debug_loc     0x000006a4      0x744 CMakeFiles/03_EXPLORE.elf.dir/Drivers/STM32F4xx_HAL_Driver/Src/stm32f4xx_hal_cortex.c.obj
 .debug_loc     0x00000de8      0x513 CMakeFiles/03_EXPLORE.elf.dir/Drivers/STM32F4xx_HAL_Driver/Src/stm32f4xx_hal_gpio.c.obj
 .debug_loc     0x000012fb      0x56f CMakeFiles/03_EXPLORE.elf.dir/Drivers/STM32F4xx_HAL_Driver/Src/stm32f4xx_hal_rcc.c.obj
 .debug_loc     0x0000186a      0xeab CMakeFiles/03_EXPLORE.elf.dir/Drivers/STM32F4xx_HAL_Driver/Src/stm32f4xx_hal_rcc_ex.c.obj
 .debug_loc     0x00002715     0x4fba CMakeFiles/03_EXPLORE.elf.dir/Drivers/STM32F4xx_HAL_Driver/Src/stm32f4xx_hal_tim.c.obj
 .debug_loc     0x000076cf     0x1c84 CMakeFiles/03_EXPLORE.elf.dir/Drivers/STM32F4xx_HAL_Driver/Src/stm32f4xx_hal_tim_ex.c.obj

.debug_aranges  0x00000000      0x978
 .debug_aranges
                0x00000000       0x60 CMakeFiles/03_EXPLORE.elf.dir/Core/Src/main.c.obj
 .debug_aranges
                0x00000060       0x38 CMakeFiles/03_EXPLORE.elf.dir/Core/Src/stm32f4xx_hal_msp.c.obj
 .debug_aranges
                0x00000098       0x68 CMakeFiles/03_EXPLORE.elf.dir/Core/Src/stm32f4xx_it.c.obj
 .debug_aranges
                0x00000100       0x28 CMakeFiles/03_EXPLORE.elf.dir/Core/Src/system_stm32f4xx.c.obj
 .debug_aranges
                0x00000128       0xf0 CMakeFiles/03_EXPLORE.elf.dir/Drivers/STM32F4xx_HAL_Driver/Src/stm32f4xx_hal.c.obj
 .debug_aranges
                0x00000218       0xa8 CMakeFiles/03_EXPLORE.elf.dir/Drivers/STM32F4xx_HAL_Driver/Src/stm32f4xx_hal_cortex.c.obj
 .debug_aranges
                0x000002c0       0x58 CMakeFiles/03_EXPLORE.elf.dir/Drivers/STM32F4xx_HAL_Driver/Src/stm32f4xx_hal_gpio.c.obj
 .debug_aranges
                0x00000318       0x88 CMakeFiles/03_EXPLORE.elf.dir/Drivers/STM32F4xx_HAL_Driver/Src/stm32f4xx_hal_rcc.c.obj
 .debug_aranges
                0x000003a0       0x78 CMakeFiles/03_EXPLORE.elf.dir/Drivers/STM32F4xx_HAL_Driver/Src/stm32f4xx_hal_rcc_ex.c.obj
 .debug_aranges
                0x00000418      0x3d0 CMakeFiles/03_EXPLORE.elf.dir/Drivers/STM32F4xx_HAL_Driver/Src/stm32f4xx_hal_tim.c.obj
 .debug_aranges
                0x000007e8      0x168 CMakeFiles/03_EXPLORE.elf.dir/Drivers/STM32F4xx_HAL_Driver/Src/stm32f4xx_hal_tim_ex.c.obj
 .debug_aranges
                0x00000950       0x28 CMakeFiles/03_EXPLORE.elf.dir/startup/startup_stm32f446xx.s.obj

.debug_ranges   0x00000000      0x968
 .debug_ranges  0x00000000       0x68 CMakeFiles/03_EXPLORE.elf.dir/Core/Src/main.c.obj
 .debug_ranges  0x00000068       0x28 CMakeFiles/03_EXPLORE.elf.dir/Core/Src/stm32f4xx_hal_msp.c.obj
 .debug_ranges  0x00000090       0x58 CMakeFiles/03_EXPLORE.elf.dir/Core/Src/stm32f4xx_it.c.obj
 .debug_ranges  0x000000e8       0x18 CMakeFiles/03_EXPLORE.elf.dir/Core/Src/system_stm32f4xx.c.obj
 .debug_ranges  0x00000100       0xe0 CMakeFiles/03_EXPLORE.elf.dir/Drivers/STM32F4xx_HAL_Driver/Src/stm32f4xx_hal.c.obj
 .debug_ranges  0x000001e0       0xf8 CMakeFiles/03_EXPLORE.elf.dir/Drivers/STM32F4xx_HAL_Driver/Src/stm32f4xx_hal_cortex.c.obj
 .debug_ranges  0x000002d8       0x48 CMakeFiles/03_EXPLORE.elf.dir/Drivers/STM32F4xx_HAL_Driver/Src/stm32f4xx_hal_gpio.c.obj
 .debug_ranges  0x00000320       0x90 CMakeFiles/03_EXPLORE.elf.dir/Drivers/STM32F4xx_HAL_Driver/Src/stm32f4xx_hal_rcc.c.obj
 .debug_ranges  0x000003b0       0x80 CMakeFiles/03_EXPLORE.elf.dir/Drivers/STM32F4xx_HAL_Driver/Src/stm32f4xx_hal_rcc_ex.c.obj
 .debug_ranges  0x00000430      0x3c0 CMakeFiles/03_EXPLORE.elf.dir/Drivers/STM32F4xx_HAL_Driver/Src/stm32f4xx_hal_tim.c.obj
 .debug_ranges  0x000007f0      0x158 CMakeFiles/03_EXPLORE.elf.dir/Drivers/STM32F4xx_HAL_Driver/Src/stm32f4xx_hal_tim_ex.c.obj
 .debug_ranges  0x00000948       0x20 CMakeFiles/03_EXPLORE.elf.dir/startup/startup_stm32f446xx.s.obj

.debug_line     0x00000000     0xb1d9
 .debug_line    0x00000000      0x789 CMakeFiles/03_EXPLORE.elf.dir/Core/Src/main.c.obj
 .debug_line    0x00000789      0x46c CMakeFiles/03_EXPLORE.elf.dir/Core/Src/stm32f4xx_hal_msp.c.obj
 .debug_line    0x00000bf5      0x38d CMakeFiles/03_EXPLORE.elf.dir/Core/Src/stm32f4xx_it.c.obj
 .debug_line    0x00000f82      0x301 CMakeFiles/03_EXPLORE.elf.dir/Core/Src/system_stm32f4xx.c.obj
 .debug_line    0x00001283      0x5e9 CMakeFiles/03_EXPLORE.elf.dir/Drivers/STM32F4xx_HAL_Driver/Src/stm32f4xx_hal.c.obj
 .debug_line    0x0000186c      0x826 CMakeFiles/03_EXPLORE.elf.dir/Drivers/STM32F4xx_HAL_Driver/Src/stm32f4xx_hal_cortex.c.obj
 .debug_line    0x00002092      0x7a9 CMakeFiles/03_EXPLORE.elf.dir/Drivers/STM32F4xx_HAL_Driver/Src/stm32f4xx_hal_gpio.c.obj
 .debug_line    0x0000283b      0xbbd CMakeFiles/03_EXPLORE.elf.dir/Drivers/STM32F4xx_HAL_Driver/Src/stm32f4xx_hal_rcc.c.obj
 .debug_line    0x000033f8     0x142e CMakeFiles/03_EXPLORE.elf.dir/Drivers/STM32F4xx_HAL_Driver/Src/stm32f4xx_hal_rcc_ex.c.obj
 .debug_line    0x00004826     0x4b7b CMakeFiles/03_EXPLORE.elf.dir/Drivers/STM32F4xx_HAL_Driver/Src/stm32f4xx_hal_tim.c.obj
 .debug_line    0x000093a1     0x1d9e CMakeFiles/03_EXPLORE.elf.dir/Drivers/STM32F4xx_HAL_Driver/Src/stm32f4xx_hal_tim_ex.c.obj
 .debug_line    0x0000b13f       0x9a CMakeFiles/03_EXPLORE.elf.dir/startup/startup_stm32f446xx.s.obj

.debug_str      0x00000000     0x3595
 .debug_str     0x00000000      0xc7f CMakeFiles/03_EXPLORE.elf.dir/Core/Src/main.c.obj
                                0xd53 (size before relaxing)
 .debug_str     0x00000c7f      0x642 CMakeFiles/03_EXPLORE.elf.dir/Core/Src/stm32f4xx_hal_msp.c.obj
                                0xf69 (size before relaxing)
 .debug_str     0x000012c1       0xfc CMakeFiles/03_EXPLORE.elf.dir/Core/Src/stm32f4xx_it.c.obj
                                0x8ba (size before relaxing)
 .debug_str     0x000013bd       0x74 CMakeFiles/03_EXPLORE.elf.dir/Core/Src/system_stm32f4xx.c.obj
                                0x42c (size before relaxing)
 .debug_str     0x00001431      0x2f9 CMakeFiles/03_EXPLORE.elf.dir/Drivers/STM32F4xx_HAL_Driver/Src/stm32f4xx_hal.c.obj
                                0xc53 (size before relaxing)
 .debug_str     0x0000172a      0x49f CMakeFiles/03_EXPLORE.elf.dir/Drivers/STM32F4xx_HAL_Driver/Src/stm32f4xx_hal_cortex.c.obj
                                0xd6d (size before relaxing)
 .debug_str     0x00001bc9      0x17f CMakeFiles/03_EXPLORE.elf.dir/Drivers/STM32F4xx_HAL_Driver/Src/stm32f4xx_hal_gpio.c.obj
                                0x617 (size before relaxing)
 .debug_str     0x00001d48      0x1ac CMakeFiles/03_EXPLORE.elf.dir/Drivers/STM32F4xx_HAL_Driver/Src/stm32f4xx_hal_rcc.c.obj
                                0x7fa (size before relaxing)
 .debug_str     0x00001ef4      0x360 CMakeFiles/03_EXPLORE.elf.dir/Drivers/STM32F4xx_HAL_Driver/Src/stm32f4xx_hal_rcc_ex.c.obj
                                0x8fd (size before relaxing)
 .debug_str     0x00002254      0xdbc CMakeFiles/03_EXPLORE.elf.dir/Drivers/STM32F4xx_HAL_Driver/Src/stm32f4xx_hal_tim.c.obj
                               0x17dd (size before relaxing)
 .debug_str     0x00003010      0x53d CMakeFiles/03_EXPLORE.elf.dir/Drivers/STM32F4xx_HAL_Driver/Src/stm32f4xx_hal_tim_ex.c.obj
                                0xfde (size before relaxing)
 .debug_str     0x0000354d       0x48 CMakeFiles/03_EXPLORE.elf.dir/startup/startup_stm32f446xx.s.obj
                                 0x76 (size before relaxing)

.comment        0x00000000       0x79
 .comment       0x00000000       0x79 CMakeFiles/03_EXPLORE.elf.dir/Core/Src/main.c.obj
                                 0x7a (size before relaxing)
 .comment       0x00000079       0x7a CMakeFiles/03_EXPLORE.elf.dir/Core/Src/stm32f4xx_hal_msp.c.obj
 .comment       0x00000079       0x7a CMakeFiles/03_EXPLORE.elf.dir/Core/Src/stm32f4xx_it.c.obj
 .comment       0x00000079       0x7a CMakeFiles/03_EXPLORE.elf.dir/Core/Src/system_stm32f4xx.c.obj
 .comment       0x00000079       0x7a CMakeFiles/03_EXPLORE.elf.dir/Drivers/STM32F4xx_HAL_Driver/Src/stm32f4xx_hal.c.obj
 .comment       0x00000079       0x7a CMakeFiles/03_EXPLORE.elf.dir/Drivers/STM32F4xx_HAL_Driver/Src/stm32f4xx_hal_cortex.c.obj
 .comment       0x00000079       0x7a CMakeFiles/03_EXPLORE.elf.dir/Drivers/STM32F4xx_HAL_Driver/Src/stm32f4xx_hal_gpio.c.obj
 .comment       0x00000079       0x7a CMakeFiles/03_EXPLORE.elf.dir/Drivers/STM32F4xx_HAL_Driver/Src/stm32f4xx_hal_rcc.c.obj
 .comment       0x00000079       0x7a CMakeFiles/03_EXPLORE.elf.dir/Drivers/STM32F4xx_HAL_Driver/Src/stm32f4xx_hal_rcc_ex.c.obj
 .comment       0x00000079       0x7a CMakeFiles/03_EXPLORE.elf.dir/Drivers/STM32F4xx_HAL_Driver/Src/stm32f4xx_hal_tim.c.obj
 .comment       0x00000079       0x7a CMakeFiles/03_EXPLORE.elf.dir/Drivers/STM32F4xx_HAL_Driver/Src/stm32f4xx_hal_tim_ex.c.obj

.debug_frame    0x00000000     0x1af8
 .debug_frame   0x00000000      0x110 CMakeFiles/03_EXPLORE.elf.dir/Core/Src/main.c.obj
 .debug_frame   0x00000110       0x80 CMakeFiles/03_EXPLORE.elf.dir/Core/Src/stm32f4xx_hal_msp.c.obj
 .debug_frame   0x00000190       0xc0 CMakeFiles/03_EXPLORE.elf.dir/Core/Src/stm32f4xx_it.c.obj
 .debug_frame   0x00000250       0x30 CMakeFiles/03_EXPLORE.elf.dir/Core/Src/system_stm32f4xx.c.obj
 .debug_frame   0x00000280      0x1ec CMakeFiles/03_EXPLORE.elf.dir/Drivers/STM32F4xx_HAL_Driver/Src/stm32f4xx_hal.c.obj
 .debug_frame   0x0000046c      0x15c CMakeFiles/03_EXPLORE.elf.dir/Drivers/STM32F4xx_HAL_Driver/Src/stm32f4xx_hal_cortex.c.obj
 .debug_frame   0x000005c8       0xd8 CMakeFiles/03_EXPLORE.elf.dir/Drivers/STM32F4xx_HAL_Driver/Src/stm32f4xx_hal_gpio.c.obj
 .debug_frame   0x000006a0      0x174 CMakeFiles/03_EXPLORE.elf.dir/Drivers/STM32F4xx_HAL_Driver/Src/stm32f4xx_hal_rcc.c.obj
 .debug_frame   0x00000814      0x154 CMakeFiles/03_EXPLORE.elf.dir/Drivers/STM32F4xx_HAL_Driver/Src/stm32f4xx_hal_rcc_ex.c.obj
 .debug_frame   0x00000968      0xb18 CMakeFiles/03_EXPLORE.elf.dir/Drivers/STM32F4xx_HAL_Driver/Src/stm32f4xx_hal_tim.c.obj
 .debug_frame   0x00001480      0x420 CMakeFiles/03_EXPLORE.elf.dir/Drivers/STM32F4xx_HAL_Driver/Src/stm32f4xx_hal_tim_ex.c.obj
 .debug_frame   0x000018a0       0x2c c:/gcc-arm-none-eabi/gcc-arm-none-eabi-9-2019-q4-major-win32/bin/../lib/gcc/arm-none-eabi/9.2.1/thumb/v7e-m/nofp\libgcc.a(_aeabi_uldivmod.o)
 .debug_frame   0x000018cc       0x34 c:/gcc-arm-none-eabi/gcc-arm-none-eabi-9-2019-q4-major-win32/bin/../lib/gcc/arm-none-eabi/9.2.1/thumb/v7e-m/nofp\libgcc.a(_udivmoddi4.o)
 .debug_frame   0x00001900       0x2c c:/gcc-arm-none-eabi/gcc-arm-none-eabi-9-2019-q4-major-win32/bin/../lib/gcc/arm-none-eabi/9.2.1/../../../../arm-none-eabi/lib/thumb/v7e-m/nofp\libg.a(lib_a-init.o)
 .debug_frame   0x0000192c       0x38 c:/gcc-arm-none-eabi/gcc-arm-none-eabi-9-2019-q4-major-win32/bin/../lib/gcc/arm-none-eabi/9.2.1/../../../../arm-none-eabi/lib/thumb/v7e-m/nofp\libg.a(lib_a-memset.o)
 .debug_frame   0x00001964       0x5c c:/gcc-arm-none-eabi/gcc-arm-none-eabi-9-2019-q4-major-win32/bin/../lib/gcc/arm-none-eabi/9.2.1/../../../../arm-none-eabi/lib/thumb/v7e-m/nofp\libg.a(lib_a-__call_atexit.o)
 .debug_frame   0x000019c0       0x20 c:/gcc-arm-none-eabi/gcc-arm-none-eabi-9-2019-q4-major-win32/bin/../lib/gcc/arm-none-eabi/9.2.1/../../../../arm-none-eabi/lib/thumb/v7e-m/nofp\libg.a(lib_a-atexit.o)
 .debug_frame   0x000019e0       0x34 c:/gcc-arm-none-eabi/gcc-arm-none-eabi-9-2019-q4-major-win32/bin/../lib/gcc/arm-none-eabi/9.2.1/../../../../arm-none-eabi/lib/thumb/v7e-m/nofp\libg.a(lib_a-fini.o)
 .debug_frame   0x00001a14       0xb0 c:/gcc-arm-none-eabi/gcc-arm-none-eabi-9-2019-q4-major-win32/bin/../lib/gcc/arm-none-eabi/9.2.1/../../../../arm-none-eabi/lib/thumb/v7e-m/nofp\libg.a(lib_a-lock.o)
 .debug_frame   0x00001ac4       0x34 c:/gcc-arm-none-eabi/gcc-arm-none-eabi-9-2019-q4-major-win32/bin/../lib/gcc/arm-none-eabi/9.2.1/../../../../arm-none-eabi/lib/thumb/v7e-m/nofp\libg.a(lib_a-__atexit.o)
