10:35:06 **** Incremental Build of configuration Debug for project 04_EXTI ****
make -j20 all 
arm-none-eabi-gcc "../Core/Src/main.c" -mcpu=cortex-m3 -std=gnu11 -g3 -DDEBUG -DUSE_HAL_DRIVER -DSTM32F103xB -c -I../Core/Inc -I../Drivers/STM32F1xx_HAL_Driver/Inc/Legacy -I../Drivers/STM32F1xx_HAL_Driver/Inc -I../Drivers/CMSIS/Device/ST/STM32F1xx/Include -I../Drivers/CMSIS/Include -I../Drivers/BSP/LED -O0 -ffunction-sections -fdata-sections -Wall -fstack-usage -fcyclomatic-complexity -MMD -MP -MF"Core/Src/main.d" -MT"Core/Src/main.o" --specs=nano.specs -mfloat-abi=soft -mthumb -o "Core/Src/main.o"
arm-none-eabi-gcc -o "04_EXTI.elf" @"objects.list"   -mcpu=cortex-m3 -T"E:\SynologyDrive\STM32\04_EXTI\STM32F103C8TX_FLASH.ld" --specs=nosys.specs -Wl,-Map="04_EXTI.map" -Wl,--gc-sections -static --specs=nano.specs -mfloat-abi=soft -mthumb -Wl,--start-group -lc -lm -Wl,--end-group
Finished building target: 04_EXTI.elf
 
arm-none-eabi-size  04_EXTI.elf 
arm-none-eabi-objdump -h -S 04_EXTI.elf  > "04_EXTI.list"
   text	   data	    bss	    dec	    hex	filename
   5004	     12	   1572	   6588	   19bc	04_EXTI.elf
arm-none-eabi-objcopy  -O ihex 04_EXTI.elf  "04_EXTI.hex"
Finished building: default.size.stdout
arm-none-eabi-objcopy  -O binary 04_EXTI.elf  "04_EXTI.bin"
 
Finished building: 04_EXTI.list
Finished building: 04_EXTI.hex
 
 
Finished building: 04_EXTI.bin
 

10:35:07 Build Finished. 0 errors, 0 warnings. (took 655ms)

