11:32:35 **** Incremental Build of configuration Debug for project 05_USART_Polling ****
make -j20 all 
arm-none-eabi-gcc "../Core/Src/main.c" -mcpu=cortex-m3 -std=gnu11 -g3 -DDEBUG -DUSE_HAL_DRIVER -DSTM32F103xB -c -I../Core/Inc -I../Drivers/STM32F1xx_HAL_Driver/Inc/Legacy -I../Drivers/STM32F1xx_HAL_Driver/Inc -I../Drivers/CMSIS/Device/ST/STM32F1xx/Include -I../Drivers/CMSIS/Include -I../Drivers/BSP/LED -O0 -ffunction-sections -fdata-sections -Wall -fstack-usage -fcyclomatic-complexity -MMD -MP -MF"Core/Src/main.d" -MT"Core/Src/main.o" --specs=nano.specs -mfloat-abi=soft -mthumb -o "Core/Src/main.o"
../Core/Src/main.c: In function 'main':
../Core/Src/main.c:97:3: warning: implicit declaration of function 'printf' [-Wimplicit-function-declaration]
   97 |   printf("\r\nThis is a message from printf.\r\n");
      |   ^~~~~~
../Core/Src/main.c:29:1: note: include '<stdio.h>' or provide a declaration of 'printf'
   28 | #include "../../BSP/BUTTON/button.h"
  +++ |+#include <stdio.h>
   29 | /* USER CODE END Includes */
../Core/Src/main.c:97:3: warning: incompatible implicit declaration of built-in function 'printf' [-Wbuiltin-declaration-mismatch]
   97 |   printf("\r\nThis is a message from printf.\r\n");
      |   ^~~~~~
../Core/Src/main.c:97:3: note: include '<stdio.h>' or provide a declaration of 'printf'
arm-none-eabi-gcc -o "05_USART_Polling.elf" @"objects.list"   -mcpu=cortex-m3 -T"E:\SynologyDrive\STM32\05_USART_Polling\STM32F103C8TX_FLASH.ld" --specs=nosys.specs -Wl,-Map="05_USART_Polling.map" -Wl,--gc-sections -static --specs=nano.specs -mfloat-abi=soft -mthumb -u _printf_float -Wl,--start-group -lc -lm -Wl,--end-group
Finished building target: 05_USART_Polling.elf
 
arm-none-eabi-size  05_USART_Polling.elf 
arm-none-eabi-objdump -h -S 05_USART_Polling.elf  > "05_USART_Polling.list"
   text	   data	    bss	    dec	    hex	filename
  20932	    468	   1980	  23380	   5b54	05_USART_Polling.elf
arm-none-eabi-objcopy  -O ihex 05_USART_Polling.elf  "05_USART_Polling.hex"
Finished building: default.size.stdout
arm-none-eabi-objcopy  -O binary 05_USART_Polling.elf  "05_USART_Polling.bin"
 
Finished building: 05_USART_Polling.list
Finished building: 05_USART_Polling.hex
 
Finished building: 05_USART_Polling.bin
 
 

11:32:36 Build Finished. 0 errors, 2 warnings. (took 661ms)

