10:29:38 **** Incremental Build of configuration Debug for project 10_GTIM ****
make -j20 all 
arm-none-eabi-gcc "../Core/Src/main.c" -mcpu=cortex-m3 -std=gnu11 -g3 -DDEBUG -DUSE_HAL_DRIVER -DSTM32F103xB -c -I../Core/Inc -I../Drivers/STM32F1xx_HAL_Driver/Inc/Legacy -I../Drivers/STM32F1xx_HAL_Driver/Inc -I../Drivers/CMSIS/Device/ST/STM32F1xx/Include -I../Drivers/CMSIS/Include -I../Drivers/BSP/LED -O0 -ffunction-sections -fdata-sections -Wall -fstack-usage -fcyclomatic-complexity -MMD -MP -MF"Core/Src/main.d" -MT"Core/Src/main.o" --specs=nano.specs -mfloat-abi=soft -mthumb -o "Core/Src/main.o"
arm-none-eabi-gcc -o "10_GTIM.elf" @"objects.list"   -mcpu=cortex-m3 -T"E:\SynologyDrive\STM32\10_GTIM\STM32F103C8TX_FLASH.ld" --specs=nosys.specs -Wl,-Map="10_GTIM.map" -Wl,--gc-sections -static --specs=nano.specs -mfloat-abi=soft -mthumb -Wl,--start-group -lc -lm -Wl,--end-group
Finished building target: 10_GTIM.elf
 
arm-none-eabi-size  10_GTIM.elf 
arm-none-eabi-objdump -h -S 10_GTIM.elf  > "10_GTIM.list"
   text	   data	    bss	    dec	    hex	filename
   8092	     12	   1644	   9748	   2614	10_GTIM.elf
arm-none-eabi-objcopy  -O ihex 10_GTIM.elf  "10_GTIM.hex"
Finished building: default.size.stdout
arm-none-eabi-objcopy  -O binary 10_GTIM.elf  "10_GTIM.bin"
 
Finished building: 10_GTIM.list
Finished building: 10_GTIM.hex
 
 
Finished building: 10_GTIM.bin
 

10:29:39 Build Finished. 0 errors, 0 warnings. (took 761ms)

